<?xml version="1.0" encoding="ISO-8859-1" ?>
<link_info>
   <banner>TMS320C2000 Linker PC v20.2.5.LTS</banner>
   <copyright>Copyright (c) 1996-2018 Texas Instruments Incorporated</copyright>
   <link_time>0x61e01e03</link_time>
   <link_errors>0x0</link_errors>
   <output_file>kick_scooter_rect_boot_beta0.out</output_file>
   <entry_point>
      <name>_c_int00</name>
      <address>0x3f7d29</address>
   </entry_point>
   <input_file_list>
      <input_file id="fl-2">
         <path>.\</path>
         <kind>object</kind>
         <file>DSP28xx_SciUtil.obj</file>
         <name>DSP28xx_SciUtil.obj</name>
      </input_file>
      <input_file id="fl-3">
         <path>.\</path>
         <kind>object</kind>
         <file>F2802x_GlobalVariableDefs.obj</file>
         <name>F2802x_GlobalVariableDefs.obj</name>
      </input_file>
      <input_file id="fl-4">
         <path>.\</path>
         <kind>object</kind>
         <file>bootloader.obj</file>
         <name>bootloader.obj</name>
      </input_file>
      <input_file id="fl-5">
         <path>.\</path>
         <kind>object</kind>
         <file>main.obj</file>
         <name>main.obj</name>
      </input_file>
      <input_file id="fl-6">
         <path>.\f2802x_common\source\</path>
         <kind>object</kind>
         <file>F2802x_Adc.obj</file>
         <name>F2802x_Adc.obj</name>
      </input_file>
      <input_file id="fl-7">
         <path>.\f2802x_common\source\</path>
         <kind>object</kind>
         <file>F2802x_CSMPasswords.obj</file>
         <name>F2802x_CSMPasswords.obj</name>
      </input_file>
      <input_file id="fl-8">
         <path>.\f2802x_common\source\</path>
         <kind>object</kind>
         <file>F2802x_Comp.obj</file>
         <name>F2802x_Comp.obj</name>
      </input_file>
      <input_file id="fl-9">
         <path>.\f2802x_common\source\</path>
         <kind>object</kind>
         <file>F2802x_CpuTimers.obj</file>
         <name>F2802x_CpuTimers.obj</name>
      </input_file>
      <input_file id="fl-a">
         <path>.\f2802x_common\source\</path>
         <kind>object</kind>
         <file>F2802x_DBGIER.obj</file>
         <name>F2802x_DBGIER.obj</name>
      </input_file>
      <input_file id="fl-b">
         <path>.\f2802x_common\source\</path>
         <kind>object</kind>
         <file>F2802x_DefaultIsr.obj</file>
         <name>F2802x_DefaultIsr.obj</name>
      </input_file>
      <input_file id="fl-c">
         <path>.\f2802x_common\source\</path>
         <kind>object</kind>
         <file>F2802x_ECap.obj</file>
         <name>F2802x_ECap.obj</name>
      </input_file>
      <input_file id="fl-d">
         <path>.\f2802x_common\source\</path>
         <kind>object</kind>
         <file>F2802x_EPwm.obj</file>
         <name>F2802x_EPwm.obj</name>
      </input_file>
      <input_file id="fl-e">
         <path>.\f2802x_common\source\</path>
         <kind>object</kind>
         <file>F2802x_Gpio.obj</file>
         <name>F2802x_Gpio.obj</name>
      </input_file>
      <input_file id="fl-f">
         <path>.\f2802x_common\source\</path>
         <kind>object</kind>
         <file>F2802x_I2C.obj</file>
         <name>F2802x_I2C.obj</name>
      </input_file>
      <input_file id="fl-10">
         <path>.\f2802x_common\source\</path>
         <kind>object</kind>
         <file>F2802x_OscComp.obj</file>
         <name>F2802x_OscComp.obj</name>
      </input_file>
      <input_file id="fl-11">
         <path>.\f2802x_common\source\</path>
         <kind>object</kind>
         <file>F2802x_PieCtrl.obj</file>
         <name>F2802x_PieCtrl.obj</name>
      </input_file>
      <input_file id="fl-12">
         <path>.\f2802x_common\source\</path>
         <kind>object</kind>
         <file>F2802x_PieVect.obj</file>
         <name>F2802x_PieVect.obj</name>
      </input_file>
      <input_file id="fl-13">
         <path>.\f2802x_common\source\</path>
         <kind>object</kind>
         <file>F2802x_Sci.obj</file>
         <name>F2802x_Sci.obj</name>
      </input_file>
      <input_file id="fl-14">
         <path>.\f2802x_common\source\</path>
         <kind>object</kind>
         <file>F2802x_Spi.obj</file>
         <name>F2802x_Spi.obj</name>
      </input_file>
      <input_file id="fl-15">
         <path>.\f2802x_common\source\</path>
         <kind>object</kind>
         <file>F2802x_SysCtrl.obj</file>
         <name>F2802x_SysCtrl.obj</name>
      </input_file>
      <input_file id="fl-16">
         <path>.\f2802x_common\source\</path>
         <kind>object</kind>
         <file>F2802x_TempSensorConv.obj</file>
         <name>F2802x_TempSensorConv.obj</name>
      </input_file>
      <input_file id="fl-17">
         <path>.\f2802x_common\source\</path>
         <kind>object</kind>
         <file>F2802x_asmfuncs.obj</file>
         <name>F2802x_asmfuncs.obj</name>
      </input_file>
      <input_file id="fl-18">
         <path>.\f2802x_common\source\</path>
         <kind>object</kind>
         <file>adc.obj</file>
         <name>adc.obj</name>
      </input_file>
      <input_file id="fl-19">
         <path>.\f2802x_common\source\</path>
         <kind>object</kind>
         <file>bootloader.obj</file>
         <name>bootloader.obj</name>
      </input_file>
      <input_file id="fl-1a">
         <path>.\f2802x_common\source\</path>
         <kind>object</kind>
         <file>cap.obj</file>
         <name>cap.obj</name>
      </input_file>
      <input_file id="fl-1b">
         <path>.\f2802x_common\source\</path>
         <kind>object</kind>
         <file>clk.obj</file>
         <name>clk.obj</name>
      </input_file>
      <input_file id="fl-1c">
         <path>.\f2802x_common\source\</path>
         <kind>object</kind>
         <file>comp.obj</file>
         <name>comp.obj</name>
      </input_file>
      <input_file id="fl-1d">
         <path>.\f2802x_common\source\</path>
         <kind>object</kind>
         <file>cpu.obj</file>
         <name>cpu.obj</name>
      </input_file>
      <input_file id="fl-1e">
         <path>.\f2802x_common\source\</path>
         <kind>object</kind>
         <file>esp8266.obj</file>
         <name>esp8266.obj</name>
      </input_file>
      <input_file id="fl-1f">
         <path>.\f2802x_common\source\</path>
         <kind>object</kind>
         <file>flash.obj</file>
         <name>flash.obj</name>
      </input_file>
      <input_file id="fl-20">
         <path>.\f2802x_common\source\</path>
         <kind>object</kind>
         <file>gpio.obj</file>
         <name>gpio.obj</name>
      </input_file>
      <input_file id="fl-21">
         <path>.\f2802x_common\source\</path>
         <kind>object</kind>
         <file>i2c.obj</file>
         <name>i2c.obj</name>
      </input_file>
      <input_file id="fl-22">
         <path>.\f2802x_common\source\</path>
         <kind>object</kind>
         <file>osc.obj</file>
         <name>osc.obj</name>
      </input_file>
      <input_file id="fl-23">
         <path>.\f2802x_common\source\</path>
         <kind>object</kind>
         <file>pie.obj</file>
         <name>pie.obj</name>
      </input_file>
      <input_file id="fl-24">
         <path>.\f2802x_common\source\</path>
         <kind>object</kind>
         <file>pll.obj</file>
         <name>pll.obj</name>
      </input_file>
      <input_file id="fl-25">
         <path>.\f2802x_common\source\</path>
         <kind>object</kind>
         <file>pwm.obj</file>
         <name>pwm.obj</name>
      </input_file>
      <input_file id="fl-26">
         <path>.\f2802x_common\source\</path>
         <kind>object</kind>
         <file>pwr.obj</file>
         <name>pwr.obj</name>
      </input_file>
      <input_file id="fl-27">
         <path>.\f2802x_common\source\</path>
         <kind>object</kind>
         <file>sci.obj</file>
         <name>sci.obj</name>
      </input_file>
      <input_file id="fl-28">
         <path>.\f2802x_common\source\</path>
         <kind>object</kind>
         <file>sci_io.obj</file>
         <name>sci_io.obj</name>
      </input_file>
      <input_file id="fl-29">
         <path>.\f2802x_common\source\</path>
         <kind>object</kind>
         <file>spi.obj</file>
         <name>spi.obj</name>
      </input_file>
      <input_file id="fl-2a">
         <path>.\f2802x_common\source\</path>
         <kind>object</kind>
         <file>timer.obj</file>
         <name>timer.obj</name>
      </input_file>
      <input_file id="fl-2b">
         <path>.\f2802x_common\source\</path>
         <kind>object</kind>
         <file>wdog.obj</file>
         <name>wdog.obj</name>
      </input_file>
      <input_file id="fl-36">
         <kind>object</kind>
         <file>&lt;internal&gt;</file>
         <name>&lt;internal&gt;</name>
      </input_file>
      <input_file id="fl-37">
         <path>..\</path>
         <kind>archive</kind>
         <file>2802x_FlashAPI_BootROMSymbols_v2.01.lib</file>
         <name>__Release_TMS320x2802x_boot_rom_out__Flash2802x_Verify_tmp.obj</name>
      </input_file>
      <input_file id="fl-38">
         <path>C:\ti\ccs1020\ccs\tools\compiler\ti-cgt-c2000_20.2.5.LTS\lib\</path>
         <kind>archive</kind>
         <file>rts2800_ml.lib</file>
         <name>boot28.asm.obj</name>
      </input_file>
      <input_file id="fl-39">
         <path>C:\ti\ccs1020\ccs\tools\compiler\ti-cgt-c2000_20.2.5.LTS\lib\</path>
         <kind>archive</kind>
         <file>rts2800_ml.lib</file>
         <name>fs_mpy28.asm.obj</name>
      </input_file>
      <input_file id="fl-3a">
         <path>C:\ti\ccs1020\ccs\tools\compiler\ti-cgt-c2000_20.2.5.LTS\lib\</path>
         <kind>archive</kind>
         <file>rts2800_ml.lib</file>
         <name>fs_tol28.asm.obj</name>
      </input_file>
      <input_file id="fl-3b">
         <path>C:\ti\ccs1020\ccs\tools\compiler\ti-cgt-c2000_20.2.5.LTS\lib\</path>
         <kind>archive</kind>
         <file>rts2800_ml.lib</file>
         <name>cpy_tbl.c.obj</name>
      </input_file>
      <input_file id="fl-3c">
         <path>C:\ti\ccs1020\ccs\tools\compiler\ti-cgt-c2000_20.2.5.LTS\lib\</path>
         <kind>archive</kind>
         <file>rts2800_ml.lib</file>
         <name>memcpy.c.obj</name>
      </input_file>
      <input_file id="fl-3d">
         <path>C:\ti\ccs1020\ccs\tools\compiler\ti-cgt-c2000_20.2.5.LTS\lib\</path>
         <kind>archive</kind>
         <file>rts2800_ml.lib</file>
         <name>pre_init.c.obj</name>
      </input_file>
      <input_file id="fl-3e">
         <path>C:\ti\ccs1020\ccs\tools\compiler\ti-cgt-c2000_20.2.5.LTS\lib\</path>
         <kind>archive</kind>
         <file>rts2800_ml.lib</file>
         <name>startup.c.obj</name>
      </input_file>
      <input_file id="fl-3f">
         <path>C:\ti\ccs1020\ccs\tools\compiler\ti-cgt-c2000_20.2.5.LTS\lib\</path>
         <kind>archive</kind>
         <file>rts2800_ml.lib</file>
         <name>exit.c.obj</name>
      </input_file>
      <input_file id="fl-40">
         <path>C:\ti\ccs1020\ccs\tools\compiler\ti-cgt-c2000_20.2.5.LTS\lib\</path>
         <kind>archive</kind>
         <file>rts2800_ml.lib</file>
         <name>_lock.c.obj</name>
      </input_file>
      <input_file id="fl-41">
         <path>C:\ti\ccs1020\ccs\tools\compiler\ti-cgt-c2000_20.2.5.LTS\lib\</path>
         <kind>archive</kind>
         <file>rts2800_ml.lib</file>
         <name>args_main.c.obj</name>
      </input_file>
      <input_file id="fl-42">
         <path>C:\ti\ccs1020\ccs\tools\compiler\ti-cgt-c2000_20.2.5.LTS\lib\</path>
         <kind>archive</kind>
         <file>rts2800_ml.lib</file>
         <name>assert.c.obj</name>
      </input_file>
      <input_file id="fl-43">
         <path>C:\ti\ccs1020\ccs\tools\compiler\ti-cgt-c2000_20.2.5.LTS\lib\</path>
         <kind>archive</kind>
         <file>rts2800_ml.lib</file>
         <name>defs.c.obj</name>
      </input_file>
      <input_file id="fl-44">
         <path>C:\ti\ccs1020\ccs\tools\compiler\ti-cgt-c2000_20.2.5.LTS\lib\</path>
         <kind>archive</kind>
         <file>rts2800_ml.lib</file>
         <name>strncmp.c.obj</name>
      </input_file>
      <input_file id="fl-45">
         <path>C:\ti\ccs1020\ccs\tools\compiler\ti-cgt-c2000_20.2.5.LTS\lib\</path>
         <kind>archive</kind>
         <file>rts2800_ml.lib</file>
         <name>fflush.c.obj</name>
      </input_file>
      <input_file id="fl-46">
         <path>C:\ti\ccs1020\ccs\tools\compiler\ti-cgt-c2000_20.2.5.LTS\lib\</path>
         <kind>archive</kind>
         <file>rts2800_ml.lib</file>
         <name>fputs.c.obj</name>
      </input_file>
      <input_file id="fl-47">
         <path>C:\ti\ccs1020\ccs\tools\compiler\ti-cgt-c2000_20.2.5.LTS\lib\</path>
         <kind>archive</kind>
         <file>rts2800_ml.lib</file>
         <name>_io_perm.c.obj</name>
      </input_file>
      <input_file id="fl-48">
         <path>C:\ti\ccs1020\ccs\tools\compiler\ti-cgt-c2000_20.2.5.LTS\lib\</path>
         <kind>archive</kind>
         <file>rts2800_ml.lib</file>
         <name>setvbuf.c.obj</name>
      </input_file>
      <input_file id="fl-49">
         <path>C:\ti\ccs1020\ccs\tools\compiler\ti-cgt-c2000_20.2.5.LTS\lib\</path>
         <kind>archive</kind>
         <file>rts2800_ml.lib</file>
         <name>memchr.c.obj</name>
      </input_file>
      <input_file id="fl-4a">
         <path>C:\ti\ccs1020\ccs\tools\compiler\ti-cgt-c2000_20.2.5.LTS\lib\</path>
         <kind>archive</kind>
         <file>rts2800_ml.lib</file>
         <name>memory.c.obj</name>
      </input_file>
      <input_file id="fl-4b">
         <path>C:\ti\ccs1020\ccs\tools\compiler\ti-cgt-c2000_20.2.5.LTS\lib\</path>
         <kind>archive</kind>
         <file>rts2800_ml.lib</file>
         <name>memset.c.obj</name>
      </input_file>
      <input_file id="fl-4c">
         <path>C:\ti\ccs1020\ccs\tools\compiler\ti-cgt-c2000_20.2.5.LTS\lib\</path>
         <kind>archive</kind>
         <file>rts2800_ml.lib</file>
         <name>strlen.c.obj</name>
      </input_file>
      <input_file id="fl-4d">
         <path>C:\ti\ccs1020\ccs\tools\compiler\ti-cgt-c2000_20.2.5.LTS\lib\</path>
         <kind>archive</kind>
         <file>rts2800_ml.lib</file>
         <name>write.c.obj</name>
      </input_file>
      <input_file id="fl-4e">
         <path>C:\ti\ccs1020\ccs\tools\compiler\ti-cgt-c2000_20.2.5.LTS\lib\</path>
         <kind>archive</kind>
         <file>rts2800_ml.lib</file>
         <name>host_device.c.obj</name>
      </input_file>
      <input_file id="fl-4f">
         <path>C:\ti\ccs1020\ccs\tools\compiler\ti-cgt-c2000_20.2.5.LTS\lib\</path>
         <kind>archive</kind>
         <file>rts2800_ml.lib</file>
         <name>fopen.c.obj</name>
      </input_file>
      <input_file id="fl-50">
         <path>C:\ti\ccs1020\ccs\tools\compiler\ti-cgt-c2000_20.2.5.LTS\lib\</path>
         <kind>archive</kind>
         <file>rts2800_ml.lib</file>
         <name>fseek.c.obj</name>
      </input_file>
      <input_file id="fl-51">
         <path>C:\ti\ccs1020\ccs\tools\compiler\ti-cgt-c2000_20.2.5.LTS\lib\</path>
         <kind>archive</kind>
         <file>rts2800_ml.lib</file>
         <name>hostclose.c.obj</name>
      </input_file>
      <input_file id="fl-52">
         <path>C:\ti\ccs1020\ccs\tools\compiler\ti-cgt-c2000_20.2.5.LTS\lib\</path>
         <kind>archive</kind>
         <file>rts2800_ml.lib</file>
         <name>hostlseek.c.obj</name>
      </input_file>
      <input_file id="fl-53">
         <path>C:\ti\ccs1020\ccs\tools\compiler\ti-cgt-c2000_20.2.5.LTS\lib\</path>
         <kind>archive</kind>
         <file>rts2800_ml.lib</file>
         <name>hostopen.c.obj</name>
      </input_file>
      <input_file id="fl-54">
         <path>C:\ti\ccs1020\ccs\tools\compiler\ti-cgt-c2000_20.2.5.LTS\lib\</path>
         <kind>archive</kind>
         <file>rts2800_ml.lib</file>
         <name>hostread.c.obj</name>
      </input_file>
      <input_file id="fl-55">
         <path>C:\ti\ccs1020\ccs\tools\compiler\ti-cgt-c2000_20.2.5.LTS\lib\</path>
         <kind>archive</kind>
         <file>rts2800_ml.lib</file>
         <name>hostrename.c.obj</name>
      </input_file>
      <input_file id="fl-56">
         <path>C:\ti\ccs1020\ccs\tools\compiler\ti-cgt-c2000_20.2.5.LTS\lib\</path>
         <kind>archive</kind>
         <file>rts2800_ml.lib</file>
         <name>hostunlink.c.obj</name>
      </input_file>
      <input_file id="fl-57">
         <path>C:\ti\ccs1020\ccs\tools\compiler\ti-cgt-c2000_20.2.5.LTS\lib\</path>
         <kind>archive</kind>
         <file>rts2800_ml.lib</file>
         <name>hostwrite.c.obj</name>
      </input_file>
      <input_file id="fl-58">
         <path>C:\ti\ccs1020\ccs\tools\compiler\ti-cgt-c2000_20.2.5.LTS\lib\</path>
         <kind>archive</kind>
         <file>rts2800_ml.lib</file>
         <name>trgmsg.c.obj</name>
      </input_file>
      <input_file id="fl-59">
         <path>C:\ti\ccs1020\ccs\tools\compiler\ti-cgt-c2000_20.2.5.LTS\lib\</path>
         <kind>archive</kind>
         <file>rts2800_ml.lib</file>
         <name>open.c.obj</name>
      </input_file>
      <input_file id="fl-5a">
         <path>C:\ti\ccs1020\ccs\tools\compiler\ti-cgt-c2000_20.2.5.LTS\lib\</path>
         <kind>archive</kind>
         <file>rts2800_ml.lib</file>
         <name>lseek.c.obj</name>
      </input_file>
      <input_file id="fl-5b">
         <path>C:\ti\ccs1020\ccs\tools\compiler\ti-cgt-c2000_20.2.5.LTS\lib\</path>
         <kind>archive</kind>
         <file>rts2800_ml.lib</file>
         <name>fclose.c.obj</name>
      </input_file>
      <input_file id="fl-5c">
         <path>C:\ti\ccs1020\ccs\tools\compiler\ti-cgt-c2000_20.2.5.LTS\lib\</path>
         <kind>archive</kind>
         <file>rts2800_ml.lib</file>
         <name>getdevice.c.obj</name>
      </input_file>
      <input_file id="fl-5d">
         <path>C:\ti\ccs1020\ccs\tools\compiler\ti-cgt-c2000_20.2.5.LTS\lib\</path>
         <kind>archive</kind>
         <file>rts2800_ml.lib</file>
         <name>strchr.c.obj</name>
      </input_file>
      <input_file id="fl-5e">
         <path>C:\ti\ccs1020\ccs\tools\compiler\ti-cgt-c2000_20.2.5.LTS\lib\</path>
         <kind>archive</kind>
         <file>rts2800_ml.lib</file>
         <name>strcmp.c.obj</name>
      </input_file>
      <input_file id="fl-5f">
         <path>C:\ti\ccs1020\ccs\tools\compiler\ti-cgt-c2000_20.2.5.LTS\lib\</path>
         <kind>archive</kind>
         <file>rts2800_ml.lib</file>
         <name>strcpy.c.obj</name>
      </input_file>
      <input_file id="fl-60">
         <path>C:\ti\ccs1020\ccs\tools\compiler\ti-cgt-c2000_20.2.5.LTS\lib\</path>
         <kind>archive</kind>
         <file>rts2800_ml.lib</file>
         <name>strncpy.c.obj</name>
      </input_file>
      <input_file id="fl-61">
         <path>C:\ti\ccs1020\ccs\tools\compiler\ti-cgt-c2000_20.2.5.LTS\lib\</path>
         <kind>archive</kind>
         <file>rts2800_ml.lib</file>
         <name>remove.c.obj</name>
      </input_file>
      <input_file id="fl-62">
         <path>C:\ti\ccs1020\ccs\tools\compiler\ti-cgt-c2000_20.2.5.LTS\lib\</path>
         <kind>archive</kind>
         <file>rts2800_ml.lib</file>
         <name>close.c.obj</name>
      </input_file>
      <input_file id="fl-63">
         <path>C:\ti\ccs1020\ccs\tools\compiler\ti-cgt-c2000_20.2.5.LTS\lib\</path>
         <kind>archive</kind>
         <file>rts2800_ml.lib</file>
         <name>unlink.c.obj</name>
      </input_file>
   </input_file_list>
   <object_component_list>
      <object_component id="oc-5c">
         <name>PieVectTableFile</name>
         <uninitialized>true</uninitialized>
         <run_address>0xd00</run_address>
         <size>0x100</size>
         <input_file_ref idref="fl-3"/>
      </object_component>
      <object_component id="oc-3d">
         <name>EmuKeyVar</name>
         <uninitialized>true</uninitialized>
         <run_address>0xd00</run_address>
         <size>0x1</size>
         <input_file_ref idref="fl-3"/>
      </object_component>
      <object_component id="oc-3e">
         <name>EmuBModeVar</name>
         <uninitialized>true</uninitialized>
         <run_address>0xd01</run_address>
         <size>0x1</size>
         <input_file_ref idref="fl-3"/>
      </object_component>
      <object_component id="oc-40">
         <name>FlashCallbackVar</name>
         <uninitialized>true</uninitialized>
         <run_address>0xd02</run_address>
         <size>0x2</size>
         <input_file_ref idref="fl-3"/>
      </object_component>
      <object_component id="oc-3f">
         <name>FlashScalingVar</name>
         <uninitialized>true</uninitialized>
         <run_address>0xd04</run_address>
         <size>0x2</size>
         <input_file_ref idref="fl-3"/>
      </object_component>
      <object_component id="oc-42">
         <name>DevEmuRegsFile</name>
         <uninitialized>true</uninitialized>
         <run_address>0x880</run_address>
         <size>0x4</size>
         <input_file_ref idref="fl-3"/>
      </object_component>
      <object_component id="oc-41">
         <name>SysPwrCtrlRegsFile</name>
         <uninitialized>true</uninitialized>
         <run_address>0x985</run_address>
         <size>0x3</size>
         <input_file_ref idref="fl-3"/>
      </object_component>
      <object_component id="oc-47">
         <name>FlashRegsFile</name>
         <uninitialized>true</uninitialized>
         <run_address>0xa80</run_address>
         <size>0x8</size>
         <input_file_ref idref="fl-3"/>
      </object_component>
      <object_component id="oc-49">
         <name>CsmRegsFile</name>
         <uninitialized>true</uninitialized>
         <run_address>0xae0</run_address>
         <size>0x10</size>
         <input_file_ref idref="fl-3"/>
      </object_component>
      <object_component id="oc-50">
         <name>AdcResultFile</name>
         <uninitialized>true</uninitialized>
         <run_address>0xb00</run_address>
         <size>0x20</size>
         <input_file_ref idref="fl-3"/>
      </object_component>
      <object_component id="oc-43">
         <name>CpuTimer0RegsFile</name>
         <uninitialized>true</uninitialized>
         <run_address>0xc00</run_address>
         <size>0x8</size>
         <input_file_ref idref="fl-3"/>
      </object_component>
      <object_component id="oc-44">
         <name>CpuTimer1RegsFile</name>
         <uninitialized>true</uninitialized>
         <run_address>0xc08</run_address>
         <size>0x8</size>
         <input_file_ref idref="fl-3"/>
      </object_component>
      <object_component id="oc-45">
         <name>CpuTimer2RegsFile</name>
         <uninitialized>true</uninitialized>
         <run_address>0xc10</run_address>
         <size>0x8</size>
         <input_file_ref idref="fl-3"/>
      </object_component>
      <object_component id="oc-4e">
         <name>PieCtrlRegsFile</name>
         <uninitialized>true</uninitialized>
         <run_address>0xce0</run_address>
         <size>0x1a</size>
         <input_file_ref idref="fl-3"/>
      </object_component>
      <object_component id="oc-53">
         <name>ECap1RegsFile</name>
         <uninitialized>true</uninitialized>
         <run_address>0x6a00</run_address>
         <size>0x20</size>
         <input_file_ref idref="fl-3"/>
      </object_component>
      <object_component id="oc-5a">
         <name>GpioCtrlRegsFile</name>
         <uninitialized>true</uninitialized>
         <run_address>0x6f80</run_address>
         <size>0x40</size>
         <input_file_ref idref="fl-3"/>
      </object_component>
      <object_component id="oc-54">
         <name>GpioDataRegsFile</name>
         <uninitialized>true</uninitialized>
         <run_address>0x6fc0</run_address>
         <size>0x20</size>
         <input_file_ref idref="fl-3"/>
      </object_component>
      <object_component id="oc-48">
         <name>GpioIntRegsFile</name>
         <uninitialized>true</uninitialized>
         <run_address>0x6fe0</run_address>
         <size>0xa</size>
         <input_file_ref idref="fl-3"/>
      </object_component>
      <object_component id="oc-4f">
         <name>SysCtrlRegsFile</name>
         <uninitialized>true</uninitialized>
         <run_address>0x7010</run_address>
         <size>0x1f</size>
         <input_file_ref idref="fl-3"/>
      </object_component>
      <object_component id="oc-4c">
         <name>SpiaRegsFile</name>
         <uninitialized>true</uninitialized>
         <run_address>0x7040</run_address>
         <size>0x10</size>
         <input_file_ref idref="fl-3"/>
      </object_component>
      <object_component id="oc-4b">
         <name>SciaRegsFile</name>
         <uninitialized>true</uninitialized>
         <run_address>0x7050</run_address>
         <size>0x10</size>
         <input_file_ref idref="fl-3"/>
      </object_component>
      <object_component id="oc-4a">
         <name>NmiIntruptRegsFile</name>
         <uninitialized>true</uninitialized>
         <run_address>0x7060</run_address>
         <size>0x10</size>
         <input_file_ref idref="fl-3"/>
      </object_component>
      <object_component id="oc-4d">
         <name>XIntruptRegsFile</name>
         <uninitialized>true</uninitialized>
         <run_address>0x7070</run_address>
         <size>0x10</size>
         <input_file_ref idref="fl-3"/>
      </object_component>
      <object_component id="oc-5b">
         <name>AdcRegsFile</name>
         <uninitialized>true</uninitialized>
         <run_address>0x7100</run_address>
         <size>0x51</size>
         <input_file_ref idref="fl-3"/>
      </object_component>
      <object_component id="oc-55">
         <name>I2caRegsFile</name>
         <uninitialized>true</uninitialized>
         <run_address>0x7900</run_address>
         <size>0x22</size>
         <input_file_ref idref="fl-3"/>
      </object_component>
      <object_component id="oc-51">
         <name>Comp1RegsFile</name>
         <uninitialized>true</uninitialized>
         <run_address>0x6400</run_address>
         <size>0x20</size>
         <input_file_ref idref="fl-3"/>
      </object_component>
      <object_component id="oc-52">
         <name>Comp2RegsFile</name>
         <uninitialized>true</uninitialized>
         <run_address>0x6420</run_address>
         <size>0x20</size>
         <input_file_ref idref="fl-3"/>
      </object_component>
      <object_component id="oc-56">
         <name>EPwm1RegsFile</name>
         <uninitialized>true</uninitialized>
         <run_address>0x6800</run_address>
         <size>0x40</size>
         <input_file_ref idref="fl-3"/>
      </object_component>
      <object_component id="oc-57">
         <name>EPwm2RegsFile</name>
         <uninitialized>true</uninitialized>
         <run_address>0x6840</run_address>
         <size>0x40</size>
         <input_file_ref idref="fl-3"/>
      </object_component>
      <object_component id="oc-58">
         <name>EPwm3RegsFile</name>
         <uninitialized>true</uninitialized>
         <run_address>0x6880</run_address>
         <size>0x40</size>
         <input_file_ref idref="fl-3"/>
      </object_component>
      <object_component id="oc-59">
         <name>EPwm4RegsFile</name>
         <uninitialized>true</uninitialized>
         <run_address>0x68c0</run_address>
         <size>0x40</size>
         <input_file_ref idref="fl-3"/>
      </object_component>
      <object_component id="oc-46">
         <name>CsmPwlFile</name>
         <uninitialized>true</uninitialized>
         <run_address>0x3f7ff8</run_address>
         <size>0x8</size>
         <input_file_ref idref="fl-3"/>
      </object_component>
      <object_component id="oc-3c">
         <name>PartIdRegsFile</name>
         <uninitialized>true</uninitialized>
         <run_address>0x3d7fff</run_address>
         <size>0x1</size>
         <input_file_ref idref="fl-3"/>
      </object_component>
      <object_component id="oc-be">
         <name>codestart</name>
         <load_address>0x3f7ff6</load_address>
         <run_address>0x3f7ff6</run_address>
         <size>0x2</size>
         <input_file_ref idref="fl-17"/>
      </object_component>
      <object_component id="oc-21f">
         <name>ramfuncs</name>
         <load_address>0x3f7000</load_address>
         <run_address>0x50</run_address>
         <size>0x1b</size>
         <input_file_ref idref="fl-15"/>
      </object_component>
      <object_component id="oc-bf">
         <name>ramfuncs</name>
         <load_address>0x3f701b</load_address>
         <run_address>0x6b</run_address>
         <size>0x4</size>
         <input_file_ref idref="fl-17"/>
      </object_component>
      <object_component id="oc-151">
         <name>.cinit</name>
         <load_address>0x3f7f1e</load_address>
         <run_address>0x3f7f1e</run_address>
         <size>0xe</size>
         <input_file_ref idref="fl-3f"/>
      </object_component>
      <object_component id="oc-219">
         <name>.cinit:__lock</name>
         <load_address>0x3f7f2c</load_address>
         <run_address>0x3f7f2c</run_address>
         <size>0x5</size>
         <input_file_ref idref="fl-40"/>
      </object_component>
      <object_component id="oc-227">
         <name>.cinit:__unlock</name>
         <load_address>0x3f7f31</load_address>
         <run_address>0x3f7f31</run_address>
         <size>0x5</size>
         <input_file_ref idref="fl-40"/>
      </object_component>
      <object_component id="oc-61">
         <name>.cinit</name>
         <load_address>0x3f7f36</load_address>
         <run_address>0x3f7f36</run_address>
         <size>0x4</size>
         <input_file_ref idref="fl-5"/>
      </object_component>
      <object_component id="oc-167">
         <name>.cinit</name>
         <load_address>0x3f7f3a</load_address>
         <run_address>0x3f7f3a</run_address>
         <size>0x4</size>
         <input_file_ref idref="fl-43"/>
      </object_component>
      <object_component id="oc-1a3">
         <name>.cinit</name>
         <load_address>0x3f7f3e</load_address>
         <run_address>0x3f7f3e</run_address>
         <size>0x4</size>
         <input_file_ref idref="fl-4f"/>
      </object_component>
      <object_component id="oc-18a">
         <name>.cinit</name>
         <load_address>0x3f7f42</load_address>
         <run_address>0x3f7f42</run_address>
         <size>0x4</size>
         <input_file_ref idref="fl-4a"/>
      </object_component>
      <object_component id="oc-1d8">
         <name>.cinit</name>
         <load_address>0x3f7f46</load_address>
         <run_address>0x3f7f46</run_address>
         <size>0x4</size>
         <input_file_ref idref="fl-59"/>
      </object_component>
      <object_component id="oc-114">
         <name>.cinit</name>
         <load_address>0x3f7f4a</load_address>
         <run_address>0x3f7f4a</run_address>
         <size>0x4</size>
         <input_file_ref idref="fl-28"/>
      </object_component>
      <object_component id="oc-216">
         <name>.text</name>
         <load_address>0x3f701f</load_address>
         <run_address>0x3f701f</run_address>
         <size>0x3b1</size>
         <input_file_ref idref="fl-5"/>
      </object_component>
      <object_component id="oc-21c">
         <name>.text</name>
         <load_address>0x3f73d0</load_address>
         <run_address>0x3f73d0</run_address>
         <size>0x15c</size>
         <input_file_ref idref="fl-20"/>
      </object_component>
      <object_component id="oc-225">
         <name>.text</name>
         <load_address>0x3f752c</load_address>
         <run_address>0x3f752c</run_address>
         <size>0x15a</size>
         <input_file_ref idref="fl-18"/>
      </object_component>
      <object_component id="oc-21d">
         <name>.text</name>
         <load_address>0x3f7686</load_address>
         <run_address>0x3f7686</run_address>
         <size>0x12d</size>
         <input_file_ref idref="fl-23"/>
      </object_component>
      <object_component id="oc-220">
         <name>.text</name>
         <load_address>0x3f77b3</load_address>
         <run_address>0x3f77b3</run_address>
         <size>0x129</size>
         <input_file_ref idref="fl-1b"/>
      </object_component>
      <object_component id="oc-21e">
         <name>.text</name>
         <load_address>0x3f78dc</load_address>
         <run_address>0x3f78dc</run_address>
         <size>0x127</size>
         <input_file_ref idref="fl-15"/>
      </object_component>
      <object_component id="oc-21b">
         <name>.text</name>
         <load_address>0x3f7a03</load_address>
         <run_address>0x3f7a03</run_address>
         <size>0x107</size>
         <input_file_ref idref="fl-2"/>
      </object_component>
      <object_component id="oc-81">
         <name>.text:retain</name>
         <load_address>0x3f7b0a</load_address>
         <run_address>0x3f7b0a</run_address>
         <size>0xff</size>
         <input_file_ref idref="fl-b"/>
      </object_component>
      <object_component id="oc-222">
         <name>.text</name>
         <load_address>0x3f7c09</load_address>
         <run_address>0x3f7c09</run_address>
         <size>0x71</size>
         <input_file_ref idref="fl-24"/>
      </object_component>
      <object_component id="oc-132">
         <name>.text</name>
         <load_address>0x3f7c7a</load_address>
         <run_address>0x3f7c7a</run_address>
         <size>0x5a</size>
         <input_file_ref idref="fl-39"/>
      </object_component>
      <object_component id="oc-223">
         <name>.text</name>
         <load_address>0x3f7cd4</load_address>
         <run_address>0x3f7cd4</run_address>
         <size>0x55</size>
         <input_file_ref idref="fl-2a"/>
      </object_component>
      <object_component id="oc-34">
         <name>.text</name>
         <load_address>0x3f7d29</load_address>
         <run_address>0x3f7d29</run_address>
         <size>0x54</size>
         <input_file_ref idref="fl-38"/>
      </object_component>
      <object_component id="oc-224">
         <name>.text</name>
         <load_address>0x3f7d7d</load_address>
         <run_address>0x3f7d7d</run_address>
         <size>0x47</size>
         <input_file_ref idref="fl-2b"/>
      </object_component>
      <object_component id="oc-63">
         <name>.text:retain</name>
         <load_address>0x3f7dc4</load_address>
         <run_address>0x3f7dc4</run_address>
         <size>0x32</size>
         <input_file_ref idref="fl-5"/>
      </object_component>
      <object_component id="oc-214">
         <name>.text</name>
         <load_address>0x3f7df6</load_address>
         <run_address>0x3f7df6</run_address>
         <size>0x29</size>
         <input_file_ref idref="fl-3f"/>
      </object_component>
      <object_component id="oc-137">
         <name>.text</name>
         <load_address>0x3f7e1f</load_address>
         <run_address>0x3f7e1f</run_address>
         <size>0x29</size>
         <input_file_ref idref="fl-3a"/>
      </object_component>
      <object_component id="oc-215">
         <name>.text</name>
         <load_address>0x3f7e48</load_address>
         <run_address>0x3f7e48</run_address>
         <size>0x25</size>
         <input_file_ref idref="fl-1d"/>
      </object_component>
      <object_component id="oc-211">
         <name>.text</name>
         <load_address>0x3f7e6d</load_address>
         <run_address>0x3f7e6d</run_address>
         <size>0x24</size>
         <input_file_ref idref="fl-3b"/>
      </object_component>
      <object_component id="oc-221">
         <name>.text</name>
         <load_address>0x3f7e91</load_address>
         <run_address>0x3f7e91</run_address>
         <size>0x21</size>
         <input_file_ref idref="fl-1f"/>
      </object_component>
      <object_component id="oc-217">
         <name>.text</name>
         <load_address>0x3f7eb2</load_address>
         <run_address>0x3f7eb2</run_address>
         <size>0x1d</size>
         <input_file_ref idref="fl-3c"/>
      </object_component>
      <object_component id="oc-21a">
         <name>.text</name>
         <load_address>0x3f7ecf</load_address>
         <run_address>0x3f7ecf</run_address>
         <size>0x16</size>
         <input_file_ref idref="fl-44"/>
      </object_component>
      <object_component id="oc-bd">
         <name>.text</name>
         <load_address>0x3f7ee5</load_address>
         <run_address>0x3f7ee5</run_address>
         <size>0x12</size>
         <input_file_ref idref="fl-17"/>
      </object_component>
      <object_component id="oc-213">
         <name>.text</name>
         <load_address>0x3f7ef7</load_address>
         <run_address>0x3f7ef7</run_address>
         <size>0x11</size>
         <input_file_ref idref="fl-41"/>
      </object_component>
      <object_component id="oc-226">
         <name>.text</name>
         <load_address>0x3f7f08</load_address>
         <run_address>0x3f7f08</run_address>
         <size>0x9</size>
         <input_file_ref idref="fl-40"/>
      </object_component>
      <object_component id="oc-fa">
         <name>.text:retain</name>
         <load_address>0x3f7f11</load_address>
         <run_address>0x3f7f11</run_address>
         <size>0x5</size>
         <input_file_ref idref="fl-23"/>
      </object_component>
      <object_component id="oc-7b">
         <name>.text</name>
         <load_address>0x3f7f16</load_address>
         <run_address>0x3f7f16</run_address>
         <size>0x3</size>
         <input_file_ref idref="fl-a"/>
      </object_component>
      <object_component id="oc-210">
         <name>.text</name>
         <load_address>0x3f7f19</load_address>
         <run_address>0x3f7f19</run_address>
         <size>0x2</size>
         <input_file_ref idref="fl-3d"/>
      </object_component>
      <object_component id="oc-212">
         <name>.text</name>
         <load_address>0x3f7f1b</load_address>
         <run_address>0x3f7f1b</run_address>
         <size>0x1</size>
         <input_file_ref idref="fl-3e"/>
      </object_component>
      <object_component id="oc-12c">
         <name>.stack</name>
         <uninitialized>true</uninitialized>
         <run_address>0x400</run_address>
         <size>0x0</size>
         <input_file_ref idref="fl-38"/>
      </object_component>
      <object_component id="oc-26b">
         <name>.stack</name>
         <uninitialized>true</uninitialized>
         <run_address>0x400</run_address>
         <size>0x0</size>
      </object_component>
      <object_component id="oc-76">
         <name>.ebss</name>
         <uninitialized>true</uninitialized>
         <run_address>0x700</run_address>
         <size>0x18</size>
         <input_file_ref idref="fl-9"/>
      </object_component>
      <object_component id="oc-152">
         <name>.ebss</name>
         <uninitialized>true</uninitialized>
         <run_address>0x718</run_address>
         <size>0x6</size>
         <input_file_ref idref="fl-3f"/>
      </object_component>
      <object_component id="oc-18b">
         <name>.ebss</name>
         <uninitialized>true</uninitialized>
         <run_address>0x71e</run_address>
         <size>0x4</size>
         <input_file_ref idref="fl-4a"/>
      </object_component>
      <object_component id="oc-115">
         <name>.ebss</name>
         <uninitialized>true</uninitialized>
         <run_address>0x722</run_address>
         <size>0x4</size>
         <input_file_ref idref="fl-28"/>
      </object_component>
      <object_component id="oc-218">
         <name>.ebss:__lock</name>
         <uninitialized>true</uninitialized>
         <run_address>0x726</run_address>
         <size>0x2</size>
         <input_file_ref idref="fl-40"/>
      </object_component>
      <object_component id="oc-229">
         <name>.ebss:__unlock</name>
         <uninitialized>true</uninitialized>
         <run_address>0x728</run_address>
         <size>0x2</size>
         <input_file_ref idref="fl-40"/>
      </object_component>
      <object_component id="oc-dd">
         <name>.ebss</name>
         <uninitialized>true</uninitialized>
         <run_address>0x72a</run_address>
         <size>0x1</size>
         <input_file_ref idref="fl-1d"/>
      </object_component>
      <object_component id="oc-168">
         <name>.ebss</name>
         <uninitialized>true</uninitialized>
         <run_address>0x72b</run_address>
         <size>0x1</size>
         <input_file_ref idref="fl-43"/>
      </object_component>
      <object_component id="oc-1a4">
         <name>.ebss</name>
         <uninitialized>true</uninitialized>
         <run_address>0x72c</run_address>
         <size>0x1</size>
         <input_file_ref idref="fl-4f"/>
      </object_component>
      <object_component id="oc-1d9">
         <name>.ebss</name>
         <uninitialized>true</uninitialized>
         <run_address>0x72d</run_address>
         <size>0x1</size>
         <input_file_ref idref="fl-59"/>
      </object_component>
      <object_component id="oc-62">
         <name>.ebss</name>
         <uninitialized>true</uninitialized>
         <run_address>0x8000</run_address>
         <size>0x1a9</size>
         <input_file_ref idref="fl-5"/>
      </object_component>
      <object_component id="oc-18c">
         <name>.esysmem</name>
         <uninitialized>true</uninitialized>
         <run_address>0x81aa</run_address>
         <size>0x4</size>
         <input_file_ref idref="fl-4a"/>
      </object_component>
      <object_component id="oc-26c">
         <name>.esysmem</name>
         <uninitialized>true</uninitialized>
         <run_address>0x81aa</run_address>
         <size>0x0</size>
      </object_component>
      <object_component id="oc-ef">
         <name>.econst:.string</name>
         <load_address>0x3f6000</load_address>
         <run_address>0x3f6000</run_address>
         <size>0x893</size>
         <input_file_ref idref="fl-21"/>
      </object_component>
      <object_component id="oc-228">
         <name>.econst:_PIE_tableDebugInit</name>
         <load_address>0x3f6894</load_address>
         <run_address>0x3f6894</run_address>
         <size>0x100</size>
         <input_file_ref idref="fl-23"/>
      </object_component>
      <object_component id="oc-64">
         <name>.econst:.string</name>
         <load_address>0x3f6994</load_address>
         <run_address>0x3f6994</run_address>
         <size>0x8e</size>
         <input_file_ref idref="fl-5"/>
      </object_component>
      <object_component id="oc-175">
         <name>.econst:.string</name>
         <load_address>0x3f7f1c</load_address>
         <run_address>0x3f7f1c</run_address>
         <size>0x2</size>
         <input_file_ref idref="fl-46"/>
      </object_component>
      <object_component id="oc-12d">
         <name>.reset</name>
         <load_address>0x3fffc0</load_address>
         <run_address>0x3fffc0</run_address>
         <size>0x2</size>
         <input_file_ref idref="fl-38"/>
      </object_component>
      <object_component id="oc-36">
         <name>.debug_info</name>
         <load_address>0x0</load_address>
         <run_address>0x0</run_address>
         <size>0x115a</size>
         <input_file_ref idref="fl-2"/>
      </object_component>
      <object_component id="oc-3b">
         <name>.debug_info</name>
         <load_address>0x115a</load_address>
         <run_address>0x115a</run_address>
         <size>0xb327</size>
         <input_file_ref idref="fl-3"/>
      </object_component>
      <object_component id="oc-5e">
         <name>.debug_info</name>
         <load_address>0xc481</load_address>
         <run_address>0xc481</run_address>
         <size>0x1b1</size>
         <input_file_ref idref="fl-4"/>
      </object_component>
      <object_component id="oc-60">
         <name>.debug_info</name>
         <load_address>0xc632</load_address>
         <run_address>0xc632</run_address>
         <size>0x5ee9</size>
         <input_file_ref idref="fl-5"/>
      </object_component>
      <object_component id="oc-69">
         <name>.debug_info</name>
         <load_address>0x1251b</load_address>
         <run_address>0x1251b</run_address>
         <size>0x3d8d</size>
         <input_file_ref idref="fl-6"/>
      </object_component>
      <object_component id="oc-70">
         <name>.debug_info</name>
         <load_address>0x162a8</load_address>
         <run_address>0x162a8</run_address>
         <size>0x13ea</size>
         <input_file_ref idref="fl-8"/>
      </object_component>
      <object_component id="oc-75">
         <name>.debug_info</name>
         <load_address>0x17692</load_address>
         <run_address>0x17692</run_address>
         <size>0x815</size>
         <input_file_ref idref="fl-9"/>
      </object_component>
      <object_component id="oc-7d">
         <name>.debug_info</name>
         <load_address>0x17ea7</load_address>
         <run_address>0x17ea7</run_address>
         <size>0x142</size>
         <input_file_ref idref="fl-a"/>
      </object_component>
      <object_component id="oc-80">
         <name>.debug_info</name>
         <load_address>0x17fe9</load_address>
         <run_address>0x17fe9</run_address>
         <size>0x1cf0</size>
         <input_file_ref idref="fl-b"/>
      </object_component>
      <object_component id="oc-86">
         <name>.debug_info</name>
         <load_address>0x19cd9</load_address>
         <run_address>0x19cd9</run_address>
         <size>0x13ea</size>
         <input_file_ref idref="fl-c"/>
      </object_component>
      <object_component id="oc-8b">
         <name>.debug_info</name>
         <load_address>0x1b0c3</load_address>
         <run_address>0x1b0c3</run_address>
         <size>0x13ea</size>
         <input_file_ref idref="fl-d"/>
      </object_component>
      <object_component id="oc-90">
         <name>.debug_info</name>
         <load_address>0x1c4ad</load_address>
         <run_address>0x1c4ad</run_address>
         <size>0x13ea</size>
         <input_file_ref idref="fl-e"/>
      </object_component>
      <object_component id="oc-95">
         <name>.debug_info</name>
         <load_address>0x1d897</load_address>
         <run_address>0x1d897</run_address>
         <size>0x13e9</size>
         <input_file_ref idref="fl-f"/>
      </object_component>
      <object_component id="oc-9a">
         <name>.debug_info</name>
         <load_address>0x1ec80</load_address>
         <run_address>0x1ec80</run_address>
         <size>0x112d</size>
         <input_file_ref idref="fl-10"/>
      </object_component>
      <object_component id="oc-9f">
         <name>.debug_info</name>
         <load_address>0x1fdad</load_address>
         <run_address>0x1fdad</run_address>
         <size>0xa35</size>
         <input_file_ref idref="fl-11"/>
      </object_component>
      <object_component id="oc-a4">
         <name>.debug_info</name>
         <load_address>0x207e2</load_address>
         <run_address>0x207e2</run_address>
         <size>0x1e26</size>
         <input_file_ref idref="fl-12"/>
      </object_component>
      <object_component id="oc-a9">
         <name>.debug_info</name>
         <load_address>0x22608</load_address>
         <run_address>0x22608</run_address>
         <size>0x13e9</size>
         <input_file_ref idref="fl-13"/>
      </object_component>
      <object_component id="oc-ae">
         <name>.debug_info</name>
         <load_address>0x239f1</load_address>
         <run_address>0x239f1</run_address>
         <size>0x13e9</size>
         <input_file_ref idref="fl-14"/>
      </object_component>
      <object_component id="oc-b3">
         <name>.debug_info</name>
         <load_address>0x24dda</load_address>
         <run_address>0x24dda</run_address>
         <size>0x3107</size>
         <input_file_ref idref="fl-15"/>
      </object_component>
      <object_component id="oc-b8">
         <name>.debug_info</name>
         <load_address>0x27ee1</load_address>
         <run_address>0x27ee1</run_address>
         <size>0x31d</size>
         <input_file_ref idref="fl-16"/>
      </object_component>
      <object_component id="oc-c3">
         <name>.debug_info</name>
         <load_address>0x281fe</load_address>
         <run_address>0x281fe</run_address>
         <size>0x21c</size>
         <input_file_ref idref="fl-17"/>
      </object_component>
      <object_component id="oc-c6">
         <name>.debug_info</name>
         <load_address>0x2841a</load_address>
         <run_address>0x2841a</run_address>
         <size>0x2eac</size>
         <input_file_ref idref="fl-18"/>
      </object_component>
      <object_component id="oc-cb">
         <name>.debug_info</name>
         <load_address>0x2b2c6</load_address>
         <run_address>0x2b2c6</run_address>
         <size>0x1c6</size>
         <input_file_ref idref="fl-19"/>
      </object_component>
      <object_component id="oc-cd">
         <name>.debug_info</name>
         <load_address>0x2b48c</load_address>
         <run_address>0x2b48c</run_address>
         <size>0x7a2</size>
         <input_file_ref idref="fl-1a"/>
      </object_component>
      <object_component id="oc-d2">
         <name>.debug_info</name>
         <load_address>0x2bc2e</load_address>
         <run_address>0x2bc2e</run_address>
         <size>0x28f4</size>
         <input_file_ref idref="fl-1b"/>
      </object_component>
      <object_component id="oc-d7">
         <name>.debug_info</name>
         <load_address>0x2e522</load_address>
         <run_address>0x2e522</run_address>
         <size>0x57b</size>
         <input_file_ref idref="fl-1c"/>
      </object_component>
      <object_component id="oc-dc">
         <name>.debug_info</name>
         <load_address>0x2ea9d</load_address>
         <run_address>0x2ea9d</run_address>
         <size>0xbe6</size>
         <input_file_ref idref="fl-1d"/>
      </object_component>
      <object_component id="oc-e2">
         <name>.debug_info</name>
         <load_address>0x2f683</load_address>
         <run_address>0x2f683</run_address>
         <size>0x1c3</size>
         <input_file_ref idref="fl-1e"/>
      </object_component>
      <object_component id="oc-e4">
         <name>.debug_info</name>
         <load_address>0x2f846</load_address>
         <run_address>0x2f846</run_address>
         <size>0x11e8</size>
         <input_file_ref idref="fl-1f"/>
      </object_component>
      <object_component id="oc-e9">
         <name>.debug_info</name>
         <load_address>0x30a2e</load_address>
         <run_address>0x30a2e</run_address>
         <size>0x2328</size>
         <input_file_ref idref="fl-20"/>
      </object_component>
      <object_component id="oc-ee">
         <name>.debug_info</name>
         <load_address>0x32d56</load_address>
         <run_address>0x32d56</run_address>
         <size>0x901</size>
         <input_file_ref idref="fl-21"/>
      </object_component>
      <object_component id="oc-f4">
         <name>.debug_info</name>
         <load_address>0x33657</load_address>
         <run_address>0x33657</run_address>
         <size>0x472</size>
         <input_file_ref idref="fl-22"/>
      </object_component>
      <object_component id="oc-f9">
         <name>.debug_info</name>
         <load_address>0x33ac9</load_address>
         <run_address>0x33ac9</run_address>
         <size>0x3b77</size>
         <input_file_ref idref="fl-23"/>
      </object_component>
      <object_component id="oc-ff">
         <name>.debug_info</name>
         <load_address>0x37640</load_address>
         <run_address>0x37640</run_address>
         <size>0x13c9</size>
         <input_file_ref idref="fl-24"/>
      </object_component>
      <object_component id="oc-104">
         <name>.debug_info</name>
         <load_address>0x38a09</load_address>
         <run_address>0x38a09</run_address>
         <size>0x241f</size>
         <input_file_ref idref="fl-25"/>
      </object_component>
      <object_component id="oc-109">
         <name>.debug_info</name>
         <load_address>0x3ae28</load_address>
         <run_address>0x3ae28</run_address>
         <size>0xaf6</size>
         <input_file_ref idref="fl-26"/>
      </object_component>
      <object_component id="oc-10e">
         <name>.debug_info</name>
         <load_address>0x3b91e</load_address>
         <run_address>0x3b91e</run_address>
         <size>0x94f</size>
         <input_file_ref idref="fl-27"/>
      </object_component>
      <object_component id="oc-113">
         <name>.debug_info</name>
         <load_address>0x3c26d</load_address>
         <run_address>0x3c26d</run_address>
         <size>0x5f5</size>
         <input_file_ref idref="fl-28"/>
      </object_component>
      <object_component id="oc-11a">
         <name>.debug_info</name>
         <load_address>0x3c862</load_address>
         <run_address>0x3c862</run_address>
         <size>0xa9e</size>
         <input_file_ref idref="fl-29"/>
      </object_component>
      <object_component id="oc-11f">
         <name>.debug_info</name>
         <load_address>0x3d300</load_address>
         <run_address>0x3d300</run_address>
         <size>0xe26</size>
         <input_file_ref idref="fl-2a"/>
      </object_component>
      <object_component id="oc-124">
         <name>.debug_info</name>
         <load_address>0x3e126</load_address>
         <run_address>0x3e126</run_address>
         <size>0xdc6</size>
         <input_file_ref idref="fl-2b"/>
      </object_component>
      <object_component id="oc-12a">
         <name>.debug_info</name>
         <load_address>0x3eeec</load_address>
         <run_address>0x3eeec</run_address>
         <size>0xac</size>
         <input_file_ref idref="fl-37"/>
      </object_component>
      <object_component id="oc-12e">
         <name>.debug_info</name>
         <load_address>0x3ef98</load_address>
         <run_address>0x3ef98</run_address>
         <size>0x173</size>
         <input_file_ref idref="fl-38"/>
      </object_component>
      <object_component id="oc-133">
         <name>.debug_info</name>
         <load_address>0x3f10b</load_address>
         <run_address>0x3f10b</run_address>
         <size>0x114</size>
         <input_file_ref idref="fl-39"/>
      </object_component>
      <object_component id="oc-138">
         <name>.debug_info</name>
         <load_address>0x3f21f</load_address>
         <run_address>0x3f21f</run_address>
         <size>0x120</size>
         <input_file_ref idref="fl-3a"/>
      </object_component>
      <object_component id="oc-13c">
         <name>.debug_info</name>
         <load_address>0x3f33f</load_address>
         <run_address>0x3f33f</run_address>
         <size>0x4fa</size>
         <input_file_ref idref="fl-3b"/>
      </object_component>
      <object_component id="oc-141">
         <name>.debug_info</name>
         <load_address>0x3f839</load_address>
         <run_address>0x3f839</run_address>
         <size>0x3d3</size>
         <input_file_ref idref="fl-3c"/>
      </object_component>
      <object_component id="oc-146">
         <name>.debug_info</name>
         <load_address>0x3fc0c</load_address>
         <run_address>0x3fc0c</run_address>
         <size>0x346</size>
         <input_file_ref idref="fl-3d"/>
      </object_component>
      <object_component id="oc-14b">
         <name>.debug_info</name>
         <load_address>0x3ff52</load_address>
         <run_address>0x3ff52</run_address>
         <size>0x343</size>
         <input_file_ref idref="fl-3e"/>
      </object_component>
      <object_component id="oc-150">
         <name>.debug_info</name>
         <load_address>0x40295</load_address>
         <run_address>0x40295</run_address>
         <size>0x4dd</size>
         <input_file_ref idref="fl-3f"/>
      </object_component>
      <object_component id="oc-157">
         <name>.debug_info</name>
         <load_address>0x40772</load_address>
         <run_address>0x40772</run_address>
         <size>0x465</size>
         <input_file_ref idref="fl-40"/>
      </object_component>
      <object_component id="oc-15c">
         <name>.debug_info</name>
         <load_address>0x40bd7</load_address>
         <run_address>0x40bd7</run_address>
         <size>0x3ee</size>
         <input_file_ref idref="fl-41"/>
      </object_component>
      <object_component id="oc-161">
         <name>.debug_info</name>
         <load_address>0x40fc5</load_address>
         <run_address>0x40fc5</run_address>
         <size>0x425</size>
         <input_file_ref idref="fl-42"/>
      </object_component>
      <object_component id="oc-166">
         <name>.debug_info</name>
         <load_address>0x413ea</load_address>
         <run_address>0x413ea</run_address>
         <size>0x29e</size>
         <input_file_ref idref="fl-43"/>
      </object_component>
      <object_component id="oc-16a">
         <name>.debug_info</name>
         <load_address>0x41688</load_address>
         <run_address>0x41688</run_address>
         <size>0x492</size>
         <input_file_ref idref="fl-44"/>
      </object_component>
      <object_component id="oc-16f">
         <name>.debug_info</name>
         <load_address>0x41b1a</load_address>
         <run_address>0x41b1a</run_address>
         <size>0x444</size>
         <input_file_ref idref="fl-45"/>
      </object_component>
      <object_component id="oc-174">
         <name>.debug_info</name>
         <load_address>0x41f5e</load_address>
         <run_address>0x41f5e</run_address>
         <size>0x514</size>
         <input_file_ref idref="fl-46"/>
      </object_component>
      <object_component id="oc-17a">
         <name>.debug_info</name>
         <load_address>0x42472</load_address>
         <run_address>0x42472</run_address>
         <size>0x414</size>
         <input_file_ref idref="fl-47"/>
      </object_component>
      <object_component id="oc-17f">
         <name>.debug_info</name>
         <load_address>0x42886</load_address>
         <run_address>0x42886</run_address>
         <size>0x481</size>
         <input_file_ref idref="fl-48"/>
      </object_component>
      <object_component id="oc-184">
         <name>.debug_info</name>
         <load_address>0x42d07</load_address>
         <run_address>0x42d07</run_address>
         <size>0x315</size>
         <input_file_ref idref="fl-49"/>
      </object_component>
      <object_component id="oc-189">
         <name>.debug_info</name>
         <load_address>0x4301c</load_address>
         <run_address>0x4301c</run_address>
         <size>0x524</size>
         <input_file_ref idref="fl-4a"/>
      </object_component>
      <object_component id="oc-191">
         <name>.debug_info</name>
         <load_address>0x43540</load_address>
         <run_address>0x43540</run_address>
         <size>0x30f</size>
         <input_file_ref idref="fl-4b"/>
      </object_component>
      <object_component id="oc-196">
         <name>.debug_info</name>
         <load_address>0x4384f</load_address>
         <run_address>0x4384f</run_address>
         <size>0x2ff</size>
         <input_file_ref idref="fl-4c"/>
      </object_component>
      <object_component id="oc-19b">
         <name>.debug_info</name>
         <load_address>0x43b4e</load_address>
         <run_address>0x43b4e</run_address>
         <size>0x528</size>
         <input_file_ref idref="fl-4d"/>
      </object_component>
      <object_component id="oc-1a0">
         <name>.debug_info</name>
         <load_address>0x44076</load_address>
         <run_address>0x44076</run_address>
         <size>0x514</size>
         <input_file_ref idref="fl-4e"/>
      </object_component>
      <object_component id="oc-1a2">
         <name>.debug_info</name>
         <load_address>0x4458a</load_address>
         <run_address>0x4458a</run_address>
         <size>0x508</size>
         <input_file_ref idref="fl-4f"/>
      </object_component>
      <object_component id="oc-1a9">
         <name>.debug_info</name>
         <load_address>0x44a92</load_address>
         <run_address>0x44a92</run_address>
         <size>0x42f</size>
         <input_file_ref idref="fl-50"/>
      </object_component>
      <object_component id="oc-1ae">
         <name>.debug_info</name>
         <load_address>0x44ec1</load_address>
         <run_address>0x44ec1</run_address>
         <size>0x419</size>
         <input_file_ref idref="fl-51"/>
      </object_component>
      <object_component id="oc-1b3">
         <name>.debug_info</name>
         <load_address>0x452da</load_address>
         <run_address>0x452da</run_address>
         <size>0x42f</size>
         <input_file_ref idref="fl-52"/>
      </object_component>
      <object_component id="oc-1b8">
         <name>.debug_info</name>
         <load_address>0x45709</load_address>
         <run_address>0x45709</run_address>
         <size>0x441</size>
         <input_file_ref idref="fl-53"/>
      </object_component>
      <object_component id="oc-1bd">
         <name>.debug_info</name>
         <load_address>0x45b4a</load_address>
         <run_address>0x45b4a</run_address>
         <size>0x422</size>
         <input_file_ref idref="fl-54"/>
      </object_component>
      <object_component id="oc-1c2">
         <name>.debug_info</name>
         <load_address>0x45f6c</load_address>
         <run_address>0x45f6c</run_address>
         <size>0x48e</size>
         <input_file_ref idref="fl-55"/>
      </object_component>
      <object_component id="oc-1c7">
         <name>.debug_info</name>
         <load_address>0x463fa</load_address>
         <run_address>0x463fa</run_address>
         <size>0x447</size>
         <input_file_ref idref="fl-56"/>
      </object_component>
      <object_component id="oc-1cc">
         <name>.debug_info</name>
         <load_address>0x46841</load_address>
         <run_address>0x46841</run_address>
         <size>0x423</size>
         <input_file_ref idref="fl-57"/>
      </object_component>
      <object_component id="oc-1d1">
         <name>.debug_info</name>
         <load_address>0x46c64</load_address>
         <run_address>0x46c64</run_address>
         <size>0x351</size>
         <input_file_ref idref="fl-58"/>
      </object_component>
      <object_component id="oc-1d7">
         <name>.debug_info</name>
         <load_address>0x46fb5</load_address>
         <run_address>0x46fb5</run_address>
         <size>0x583</size>
         <input_file_ref idref="fl-59"/>
      </object_component>
      <object_component id="oc-1de">
         <name>.debug_info</name>
         <load_address>0x47538</load_address>
         <run_address>0x47538</run_address>
         <size>0x528</size>
         <input_file_ref idref="fl-5a"/>
      </object_component>
      <object_component id="oc-1e3">
         <name>.debug_info</name>
         <load_address>0x47a60</load_address>
         <run_address>0x47a60</run_address>
         <size>0x49e</size>
         <input_file_ref idref="fl-5b"/>
      </object_component>
      <object_component id="oc-1e8">
         <name>.debug_info</name>
         <load_address>0x47efe</load_address>
         <run_address>0x47efe</run_address>
         <size>0x592</size>
         <input_file_ref idref="fl-5c"/>
      </object_component>
      <object_component id="oc-1ed">
         <name>.debug_info</name>
         <load_address>0x48490</load_address>
         <run_address>0x48490</run_address>
         <size>0x30c</size>
         <input_file_ref idref="fl-5d"/>
      </object_component>
      <object_component id="oc-1f2">
         <name>.debug_info</name>
         <load_address>0x4879c</load_address>
         <run_address>0x4879c</run_address>
         <size>0x2f2</size>
         <input_file_ref idref="fl-5e"/>
      </object_component>
      <object_component id="oc-1f7">
         <name>.debug_info</name>
         <load_address>0x48a8e</load_address>
         <run_address>0x48a8e</run_address>
         <size>0x31b</size>
         <input_file_ref idref="fl-5f"/>
      </object_component>
      <object_component id="oc-1fc">
         <name>.debug_info</name>
         <load_address>0x48da9</load_address>
         <run_address>0x48da9</run_address>
         <size>0x329</size>
         <input_file_ref idref="fl-60"/>
      </object_component>
      <object_component id="oc-201">
         <name>.debug_info</name>
         <load_address>0x490d2</load_address>
         <run_address>0x490d2</run_address>
         <size>0x312</size>
         <input_file_ref idref="fl-61"/>
      </object_component>
      <object_component id="oc-206">
         <name>.debug_info</name>
         <load_address>0x493e4</load_address>
         <run_address>0x493e4</run_address>
         <size>0x552</size>
         <input_file_ref idref="fl-62"/>
      </object_component>
      <object_component id="oc-20b">
         <name>.debug_info</name>
         <load_address>0x49936</load_address>
         <run_address>0x49936</run_address>
         <size>0x518</size>
         <input_file_ref idref="fl-63"/>
      </object_component>
      <object_component id="oc-272">
         <name>.debug_info</name>
         <load_address>0x49e4e</load_address>
         <run_address>0x49e4e</run_address>
         <size>0xd7</size>
      </object_component>
      <object_component id="oc-37">
         <name>.debug_frame</name>
         <load_address>0x0</load_address>
         <run_address>0x0</run_address>
         <size>0x78</size>
         <input_file_ref idref="fl-2"/>
      </object_component>
      <object_component id="oc-65">
         <name>.debug_frame</name>
         <load_address>0x78</load_address>
         <run_address>0x78</run_address>
         <size>0x170</size>
         <input_file_ref idref="fl-5"/>
      </object_component>
      <object_component id="oc-6a">
         <name>.debug_frame</name>
         <load_address>0x1e8</load_address>
         <run_address>0x1e8</run_address>
         <size>0x20</size>
         <input_file_ref idref="fl-6"/>
      </object_component>
      <object_component id="oc-71">
         <name>.debug_frame</name>
         <load_address>0x208</load_address>
         <run_address>0x208</run_address>
         <size>0x20</size>
         <input_file_ref idref="fl-8"/>
      </object_component>
      <object_component id="oc-77">
         <name>.debug_frame</name>
         <load_address>0x228</load_address>
         <run_address>0x228</run_address>
         <size>0x20</size>
         <input_file_ref idref="fl-9"/>
      </object_component>
      <object_component id="oc-82">
         <name>.debug_frame</name>
         <load_address>0x248</load_address>
         <run_address>0x248</run_address>
         <size>0x4e8</size>
         <input_file_ref idref="fl-b"/>
      </object_component>
      <object_component id="oc-87">
         <name>.debug_frame</name>
         <load_address>0x730</load_address>
         <run_address>0x730</run_address>
         <size>0x20</size>
         <input_file_ref idref="fl-c"/>
      </object_component>
      <object_component id="oc-8c">
         <name>.debug_frame</name>
         <load_address>0x750</load_address>
         <run_address>0x750</run_address>
         <size>0x20</size>
         <input_file_ref idref="fl-d"/>
      </object_component>
      <object_component id="oc-91">
         <name>.debug_frame</name>
         <load_address>0x770</load_address>
         <run_address>0x770</run_address>
         <size>0x20</size>
         <input_file_ref idref="fl-e"/>
      </object_component>
      <object_component id="oc-96">
         <name>.debug_frame</name>
         <load_address>0x790</load_address>
         <run_address>0x790</run_address>
         <size>0x20</size>
         <input_file_ref idref="fl-f"/>
      </object_component>
      <object_component id="oc-9b">
         <name>.debug_frame</name>
         <load_address>0x7b0</load_address>
         <run_address>0x7b0</run_address>
         <size>0x20</size>
         <input_file_ref idref="fl-10"/>
      </object_component>
      <object_component id="oc-a0">
         <name>.debug_frame</name>
         <load_address>0x7d0</load_address>
         <run_address>0x7d0</run_address>
         <size>0x20</size>
         <input_file_ref idref="fl-11"/>
      </object_component>
      <object_component id="oc-a5">
         <name>.debug_frame</name>
         <load_address>0x7f0</load_address>
         <run_address>0x7f0</run_address>
         <size>0x20</size>
         <input_file_ref idref="fl-12"/>
      </object_component>
      <object_component id="oc-aa">
         <name>.debug_frame</name>
         <load_address>0x810</load_address>
         <run_address>0x810</run_address>
         <size>0x20</size>
         <input_file_ref idref="fl-13"/>
      </object_component>
      <object_component id="oc-af">
         <name>.debug_frame</name>
         <load_address>0x830</load_address>
         <run_address>0x830</run_address>
         <size>0x20</size>
         <input_file_ref idref="fl-14"/>
      </object_component>
      <object_component id="oc-b4">
         <name>.debug_frame</name>
         <load_address>0x850</load_address>
         <run_address>0x850</run_address>
         <size>0x12c</size>
         <input_file_ref idref="fl-15"/>
      </object_component>
      <object_component id="oc-b9">
         <name>.debug_frame</name>
         <load_address>0x97c</load_address>
         <run_address>0x97c</run_address>
         <size>0x20</size>
         <input_file_ref idref="fl-16"/>
      </object_component>
      <object_component id="oc-c7">
         <name>.debug_frame</name>
         <load_address>0x99c</load_address>
         <run_address>0x99c</run_address>
         <size>0x230</size>
         <input_file_ref idref="fl-18"/>
      </object_component>
      <object_component id="oc-ce">
         <name>.debug_frame</name>
         <load_address>0xbcc</load_address>
         <run_address>0xbcc</run_address>
         <size>0x20</size>
         <input_file_ref idref="fl-1a"/>
      </object_component>
      <object_component id="oc-d3">
         <name>.debug_frame</name>
         <load_address>0xbec</load_address>
         <run_address>0xbec</run_address>
         <size>0x440</size>
         <input_file_ref idref="fl-1b"/>
      </object_component>
      <object_component id="oc-d8">
         <name>.debug_frame</name>
         <load_address>0x102c</load_address>
         <run_address>0x102c</run_address>
         <size>0x20</size>
         <input_file_ref idref="fl-1c"/>
      </object_component>
      <object_component id="oc-de">
         <name>.debug_frame</name>
         <load_address>0x104c</load_address>
         <run_address>0x104c</run_address>
         <size>0x128</size>
         <input_file_ref idref="fl-1d"/>
      </object_component>
      <object_component id="oc-e5">
         <name>.debug_frame</name>
         <load_address>0x1174</load_address>
         <run_address>0x1174</run_address>
         <size>0xe0</size>
         <input_file_ref idref="fl-1f"/>
      </object_component>
      <object_component id="oc-ea">
         <name>.debug_frame</name>
         <load_address>0x1254</load_address>
         <run_address>0x1254</run_address>
         <size>0x170</size>
         <input_file_ref idref="fl-20"/>
      </object_component>
      <object_component id="oc-f0">
         <name>.debug_frame</name>
         <load_address>0x13c4</load_address>
         <run_address>0x13c4</run_address>
         <size>0x20</size>
         <input_file_ref idref="fl-21"/>
      </object_component>
      <object_component id="oc-f5">
         <name>.debug_frame</name>
         <load_address>0x13e4</load_address>
         <run_address>0x13e4</run_address>
         <size>0x20</size>
         <input_file_ref idref="fl-22"/>
      </object_component>
      <object_component id="oc-fb">
         <name>.debug_frame</name>
         <load_address>0x1404</load_address>
         <run_address>0x1404</run_address>
         <size>0x2c0</size>
         <input_file_ref idref="fl-23"/>
      </object_component>
      <object_component id="oc-100">
         <name>.debug_frame</name>
         <load_address>0x16c4</load_address>
         <run_address>0x16c4</run_address>
         <size>0x1d0</size>
         <input_file_ref idref="fl-24"/>
      </object_component>
      <object_component id="oc-105">
         <name>.debug_frame</name>
         <load_address>0x1894</load_address>
         <run_address>0x1894</run_address>
         <size>0x20</size>
         <input_file_ref idref="fl-25"/>
      </object_component>
      <object_component id="oc-10a">
         <name>.debug_frame</name>
         <load_address>0x18b4</load_address>
         <run_address>0x18b4</run_address>
         <size>0x20</size>
         <input_file_ref idref="fl-26"/>
      </object_component>
      <object_component id="oc-10f">
         <name>.debug_frame</name>
         <load_address>0x18d4</load_address>
         <run_address>0x18d4</run_address>
         <size>0x20</size>
         <input_file_ref idref="fl-27"/>
      </object_component>
      <object_component id="oc-116">
         <name>.debug_frame</name>
         <load_address>0x18f4</load_address>
         <run_address>0x18f4</run_address>
         <size>0x20</size>
         <input_file_ref idref="fl-28"/>
      </object_component>
      <object_component id="oc-11b">
         <name>.debug_frame</name>
         <load_address>0x1914</load_address>
         <run_address>0x1914</run_address>
         <size>0x20</size>
         <input_file_ref idref="fl-29"/>
      </object_component>
      <object_component id="oc-120">
         <name>.debug_frame</name>
         <load_address>0x1934</load_address>
         <run_address>0x1934</run_address>
         <size>0x140</size>
         <input_file_ref idref="fl-2a"/>
      </object_component>
      <object_component id="oc-125">
         <name>.debug_frame</name>
         <load_address>0x1a74</load_address>
         <run_address>0x1a74</run_address>
         <size>0x128</size>
         <input_file_ref idref="fl-2b"/>
      </object_component>
      <object_component id="oc-13d">
         <name>.debug_frame</name>
         <load_address>0x1b9c</load_address>
         <run_address>0x1b9c</run_address>
         <size>0x58</size>
         <input_file_ref idref="fl-3b"/>
      </object_component>
      <object_component id="oc-142">
         <name>.debug_frame</name>
         <load_address>0x1bf4</load_address>
         <run_address>0x1bf4</run_address>
         <size>0x38</size>
         <input_file_ref idref="fl-3c"/>
      </object_component>
      <object_component id="oc-147">
         <name>.debug_frame</name>
         <load_address>0x1c2c</load_address>
         <run_address>0x1c2c</run_address>
         <size>0x38</size>
         <input_file_ref idref="fl-3d"/>
      </object_component>
      <object_component id="oc-14c">
         <name>.debug_frame</name>
         <load_address>0x1c64</load_address>
         <run_address>0x1c64</run_address>
         <size>0x38</size>
         <input_file_ref idref="fl-3e"/>
      </object_component>
      <object_component id="oc-153">
         <name>.debug_frame</name>
         <load_address>0x1c9c</load_address>
         <run_address>0x1c9c</run_address>
         <size>0x58</size>
         <input_file_ref idref="fl-3f"/>
      </object_component>
      <object_component id="oc-158">
         <name>.debug_frame</name>
         <load_address>0x1cf4</load_address>
         <run_address>0x1cf4</run_address>
         <size>0x68</size>
         <input_file_ref idref="fl-40"/>
      </object_component>
      <object_component id="oc-15d">
         <name>.debug_frame</name>
         <load_address>0x1d5c</load_address>
         <run_address>0x1d5c</run_address>
         <size>0x38</size>
         <input_file_ref idref="fl-41"/>
      </object_component>
      <object_component id="oc-162">
         <name>.debug_frame</name>
         <load_address>0x1d94</load_address>
         <run_address>0x1d94</run_address>
         <size>0x20</size>
         <input_file_ref idref="fl-42"/>
      </object_component>
      <object_component id="oc-16b">
         <name>.debug_frame</name>
         <load_address>0x1db4</load_address>
         <run_address>0x1db4</run_address>
         <size>0x3c</size>
         <input_file_ref idref="fl-44"/>
      </object_component>
      <object_component id="oc-170">
         <name>.debug_frame</name>
         <load_address>0x1df0</load_address>
         <run_address>0x1df0</run_address>
         <size>0x20</size>
         <input_file_ref idref="fl-45"/>
      </object_component>
      <object_component id="oc-176">
         <name>.debug_frame</name>
         <load_address>0x1e10</load_address>
         <run_address>0x1e10</run_address>
         <size>0x20</size>
         <input_file_ref idref="fl-46"/>
      </object_component>
      <object_component id="oc-17b">
         <name>.debug_frame</name>
         <load_address>0x1e30</load_address>
         <run_address>0x1e30</run_address>
         <size>0x20</size>
         <input_file_ref idref="fl-47"/>
      </object_component>
      <object_component id="oc-180">
         <name>.debug_frame</name>
         <load_address>0x1e50</load_address>
         <run_address>0x1e50</run_address>
         <size>0x20</size>
         <input_file_ref idref="fl-48"/>
      </object_component>
      <object_component id="oc-185">
         <name>.debug_frame</name>
         <load_address>0x1e70</load_address>
         <run_address>0x1e70</run_address>
         <size>0x20</size>
         <input_file_ref idref="fl-49"/>
      </object_component>
      <object_component id="oc-18d">
         <name>.debug_frame</name>
         <load_address>0x1e90</load_address>
         <run_address>0x1e90</run_address>
         <size>0x20</size>
         <input_file_ref idref="fl-4a"/>
      </object_component>
      <object_component id="oc-192">
         <name>.debug_frame</name>
         <load_address>0x1eb0</load_address>
         <run_address>0x1eb0</run_address>
         <size>0x20</size>
         <input_file_ref idref="fl-4b"/>
      </object_component>
      <object_component id="oc-197">
         <name>.debug_frame</name>
         <load_address>0x1ed0</load_address>
         <run_address>0x1ed0</run_address>
         <size>0x20</size>
         <input_file_ref idref="fl-4c"/>
      </object_component>
      <object_component id="oc-19c">
         <name>.debug_frame</name>
         <load_address>0x1ef0</load_address>
         <run_address>0x1ef0</run_address>
         <size>0x20</size>
         <input_file_ref idref="fl-4d"/>
      </object_component>
      <object_component id="oc-1a5">
         <name>.debug_frame</name>
         <load_address>0x1f10</load_address>
         <run_address>0x1f10</run_address>
         <size>0x20</size>
         <input_file_ref idref="fl-4f"/>
      </object_component>
      <object_component id="oc-1aa">
         <name>.debug_frame</name>
         <load_address>0x1f30</load_address>
         <run_address>0x1f30</run_address>
         <size>0x20</size>
         <input_file_ref idref="fl-50"/>
      </object_component>
      <object_component id="oc-1af">
         <name>.debug_frame</name>
         <load_address>0x1f50</load_address>
         <run_address>0x1f50</run_address>
         <size>0x20</size>
         <input_file_ref idref="fl-51"/>
      </object_component>
      <object_component id="oc-1b4">
         <name>.debug_frame</name>
         <load_address>0x1f70</load_address>
         <run_address>0x1f70</run_address>
         <size>0x20</size>
         <input_file_ref idref="fl-52"/>
      </object_component>
      <object_component id="oc-1b9">
         <name>.debug_frame</name>
         <load_address>0x1f90</load_address>
         <run_address>0x1f90</run_address>
         <size>0x20</size>
         <input_file_ref idref="fl-53"/>
      </object_component>
      <object_component id="oc-1be">
         <name>.debug_frame</name>
         <load_address>0x1fb0</load_address>
         <run_address>0x1fb0</run_address>
         <size>0x20</size>
         <input_file_ref idref="fl-54"/>
      </object_component>
      <object_component id="oc-1c3">
[...]
         <value>0x3f7e4f</value>
         <object_component_ref idref="oc-215"/>
      </symbol>
      <symbol id="sm-3b8">
         <name>_CPU_disableInts</name>
         <value>0x3f7e5c</value>
         <object_component_ref idref="oc-215"/>
      </symbol>
      <symbol id="sm-3ba">
         <name>_CPU_disableDebugInt</name>
         <value>0x3f7e67</value>
         <object_component_ref idref="oc-215"/>
      </symbol>
      <symbol id="sm-3bc">
         <name>_CPU_disableInt</name>
         <value>0x3f7e5f</value>
         <object_component_ref idref="oc-215"/>
      </symbol>
      <symbol id="sm-3ce">
         <name>_FLASH_clear3VStatus</name>
         <value>0x3f7eac</value>
         <object_component_ref idref="oc-221"/>
      </symbol>
      <symbol id="sm-3d0">
         <name>_FLASH_get3VStatus</name>
         <value>0x3f7ea9</value>
         <object_component_ref idref="oc-221"/>
      </symbol>
      <symbol id="sm-3d2">
         <name>_FLASH_getStandbyWaitCount</name>
         <value>0x3f7e9c</value>
         <object_component_ref idref="oc-221"/>
      </symbol>
      <symbol id="sm-3d4">
         <name>_FLASH_getActiveWaitCount</name>
         <value>0x3f7ea6</value>
         <object_component_ref idref="oc-221"/>
      </symbol>
      <symbol id="sm-3d6">
         <name>_FLASH_getStandbyWaitStatus</name>
         <value>0x3f7e98</value>
         <object_component_ref idref="oc-221"/>
      </symbol>
      <symbol id="sm-3d8">
         <name>_FLASH_init</name>
         <value>0x3f7e91</value>
         <object_component_ref idref="oc-221"/>
      </symbol>
      <symbol id="sm-3da">
         <name>_FLASH_getPowerMode</name>
         <value>0x3f7e9f</value>
         <object_component_ref idref="oc-221"/>
      </symbol>
      <symbol id="sm-3dc">
         <name>_FLASH_getActiveWaitStatus</name>
         <value>0x3f7ea2</value>
         <object_component_ref idref="oc-221"/>
      </symbol>
      <symbol id="sm-407">
         <name>_GPIO_setExtInt</name>
         <value>0x3f74cd</value>
         <object_component_ref idref="oc-21c"/>
      </symbol>
      <symbol id="sm-409">
         <name>_GPIO_getPortData</name>
         <value>0x3f7510</value>
         <object_component_ref idref="oc-21c"/>
      </symbol>
      <symbol id="sm-40b">
         <name>_GPIO_lpmSelect</name>
         <value>0x3f7500</value>
         <object_component_ref idref="oc-21c"/>
      </symbol>
      <symbol id="sm-40d">
         <name>_GPIO_setLow</name>
         <value>0x3f74a7</value>
         <object_component_ref idref="oc-21c"/>
      </symbol>
      <symbol id="sm-40f">
         <name>_GPIO_getData</name>
         <value>0x3f751c</value>
         <object_component_ref idref="oc-21c"/>
      </symbol>
      <symbol id="sm-411">
         <name>_GPIO_setQualificationPeriod</name>
         <value>0x3f73e3</value>
         <object_component_ref idref="oc-21c"/>
      </symbol>
      <symbol id="sm-413">
         <name>_GPIO_toggle</name>
         <value>0x3f73d0</value>
         <object_component_ref idref="oc-21c"/>
      </symbol>
      <symbol id="sm-415">
         <name>_GPIO_setQualification</name>
         <value>0x3f7406</value>
         <object_component_ref idref="oc-21c"/>
      </symbol>
      <symbol id="sm-417">
         <name>_GPIO_setMode</name>
         <value>0x3f7461</value>
         <object_component_ref idref="oc-21c"/>
      </symbol>
      <symbol id="sm-419">
         <name>_GPIO_init</name>
         <value>0x3f7509</value>
         <object_component_ref idref="oc-21c"/>
      </symbol>
      <symbol id="sm-41b">
         <name>_GPIO_setPullUp</name>
         <value>0x3f742a</value>
         <object_component_ref idref="oc-21c"/>
      </symbol>
      <symbol id="sm-41d">
         <name>_GPIO_setDirection</name>
         <value>0x3f74d8</value>
         <object_component_ref idref="oc-21c"/>
      </symbol>
      <symbol id="sm-41f">
         <name>_GPIO_setHigh</name>
         <value>0x3f74ba</value>
         <object_component_ref idref="oc-21c"/>
      </symbol>
      <symbol id="sm-421">
         <name>_GPIO_setPortData</name>
         <value>0x3f7452</value>
         <object_component_ref idref="oc-21c"/>
      </symbol>
      <symbol id="sm-46c">
         <name>_PIE_enableCaptureInt</name>
         <value>0x3f775e</value>
         <object_component_ref idref="oc-21d"/>
      </symbol>
      <symbol id="sm-46e">
         <name>_PIE_enable</name>
         <value>0x3f7775</value>
         <object_component_ref idref="oc-21d"/>
      </symbol>
      <symbol id="sm-470">
         <name>_PIE_disableInt</name>
         <value>0x3f7778</value>
         <object_component_ref idref="oc-21d"/>
      </symbol>
      <symbol id="sm-472">
         <name>_PIE_enableAdcInt</name>
         <value>0x3f7762</value>
         <object_component_ref idref="oc-21d"/>
      </symbol>
      <symbol id="sm-474">
         <name>_PIE_registerSystemIntHandler</name>
         <value>0x3f76d3</value>
         <object_component_ref idref="oc-21d"/>
      </symbol>
      <symbol id="sm-476">
         <name>_PIE_setExtIntPolarity</name>
         <value>0x3f76a7</value>
         <object_component_ref idref="oc-21d"/>
      </symbol>
      <symbol id="sm-478">
         <name>_PIE_getIntFlags</name>
         <value>0x3f76f9</value>
         <object_component_ref idref="oc-21d"/>
      </symbol>
      <symbol id="sm-47a">
         <name>_PIE_disableCaptureInt</name>
         <value>0x3f778b</value>
         <object_component_ref idref="oc-21d"/>
      </symbol>
      <symbol id="sm-47c">
         <name>_PIE_disableAllInts</name>
         <value>0x3f778f</value>
         <object_component_ref idref="oc-21d"/>
      </symbol>
      <symbol id="sm-47e">
         <name>_PIE_disable</name>
         <value>0x3f779e</value>
         <object_component_ref idref="oc-21d"/>
      </symbol>
      <symbol id="sm-480">
         <name>_PIE_enableExtInt</name>
         <value>0x3f7742</value>
         <object_component_ref idref="oc-21d"/>
      </symbol>
      <symbol id="sm-482">
         <name>_PIE_illegalIsr</name>
         <value>0x3f7f11</value>
         <object_component_ref idref="oc-fa"/>
      </symbol>
      <symbol id="sm-484">
         <name>_PIE_clearAllInts</name>
         <value>0x3f77a1</value>
         <object_component_ref idref="oc-21d"/>
      </symbol>
      <symbol id="sm-486">
         <name>_PIE_unregisterPieIntHandler</name>
         <value>0x3f7693</value>
         <object_component_ref idref="oc-21d"/>
      </symbol>
      <symbol id="sm-488">
         <name>_PIE_enableTimer0Int</name>
         <value>0x3f7719</value>
         <object_component_ref idref="oc-21d"/>
      </symbol>
      <symbol id="sm-48a">
         <name>_PIE_disableExtInt</name>
         <value>0x3f7783</value>
         <object_component_ref idref="oc-21d"/>
      </symbol>
      <symbol id="sm-48c">
         <name>_PIE_enablePwmTzInt</name>
         <value>0x3f771c</value>
         <object_component_ref idref="oc-21d"/>
      </symbol>
      <symbol id="sm-48e">
         <name>_PIE_registerPieIntHandler</name>
         <value>0x3f76de</value>
         <object_component_ref idref="oc-21d"/>
      </symbol>
      <symbol id="sm-490">
         <name>_PIE_unregisterSystemIntHandler</name>
         <value>0x3f7686</value>
         <object_component_ref idref="oc-21d"/>
      </symbol>
      <symbol id="sm-492">
         <name>_PIE_getIntEnables</name>
         <value>0x3f7700</value>
         <object_component_ref idref="oc-21d"/>
      </symbol>
      <symbol id="sm-494">
         <name>_PIE_init</name>
         <value>0x3f76f0</value>
         <object_component_ref idref="oc-21d"/>
      </symbol>
      <symbol id="sm-496">
         <name>_PIE_setDebugIntVectorTable</name>
         <value>0x3f76c4</value>
         <object_component_ref idref="oc-21d"/>
      </symbol>
      <symbol id="sm-498">
         <name>_PIE_getExtIntCount</name>
         <value>0x3f7707</value>
         <object_component_ref idref="oc-21d"/>
      </symbol>
      <symbol id="sm-49a">
         <name>_PIE_forceInt</name>
         <value>0x3f770f</value>
         <object_component_ref idref="oc-21d"/>
      </symbol>
      <symbol id="sm-49c">
         <name>_PIE_enablePwmInt</name>
         <value>0x3f772a</value>
         <object_component_ref idref="oc-21d"/>
      </symbol>
      <symbol id="sm-49e">
         <name>_PIE_clearAllFlags</name>
         <value>0x3f77a4</value>
         <object_component_ref idref="oc-21d"/>
      </symbol>
      <symbol id="sm-4a0">
         <name>_PIE_enableInt</name>
         <value>0x3f7738</value>
         <object_component_ref idref="oc-21d"/>
      </symbol>
      <symbol id="sm-4a2">
         <name>_PIE_setDefaultIntVectorTable</name>
         <value>0x3f76b6</value>
         <object_component_ref idref="oc-21d"/>
      </symbol>
      <symbol id="sm-4a4">
         <name>_PIE_tableDebugInit</name>
         <value>0x3f6894</value>
         <object_component_ref idref="oc-228"/>
      </symbol>
      <symbol id="sm-4b4">
         <name>_PLL_enable</name>
         <value>0x3f7c5c</value>
         <object_component_ref idref="oc-222"/>
      </symbol>
      <symbol id="sm-4b6">
         <name>_PLL_getMultiplier</name>
         <value>0x3f7c43</value>
         <object_component_ref idref="oc-222"/>
      </symbol>
      <symbol id="sm-4b8">
         <name>_PLL_setLockPeriod</name>
         <value>0x3f7c31</value>
         <object_component_ref idref="oc-222"/>
      </symbol>
      <symbol id="sm-4ba">
         <name>_PLL_getClkStatus</name>
         <value>0x3f7c09</value>
         <object_component_ref idref="oc-222"/>
      </symbol>
      <symbol id="sm-4bc">
         <name>_PLL_disableNormRdy</name>
         <value>0x3f7c68</value>
         <object_component_ref idref="oc-222"/>
      </symbol>
      <symbol id="sm-4be">
         <name>_PLL_resetClkDetect</name>
         <value>0x3f7c36</value>
         <object_component_ref idref="oc-222"/>
      </symbol>
      <symbol id="sm-4c0">
         <name>_PLL_setDivider</name>
         <value>0x3f7c0c</value>
         <object_component_ref idref="oc-222"/>
      </symbol>
      <symbol id="sm-4c2">
         <name>_PLL_getDivider</name>
         <value>0x3f7c47</value>
         <object_component_ref idref="oc-222"/>
      </symbol>
      <symbol id="sm-4c4">
         <name>_PLL_init</name>
         <value>0x3f7c3c</value>
         <object_component_ref idref="oc-222"/>
      </symbol>
      <symbol id="sm-4c6">
         <name>_PLL_disableClkDetect</name>
         <value>0x3f7c6e</value>
         <object_component_ref idref="oc-222"/>
      </symbol>
      <symbol id="sm-4c8">
         <name>_PLL_getLockStatus</name>
         <value>0x3f7c19</value>
         <object_component_ref idref="oc-222"/>
      </symbol>
      <symbol id="sm-4ca">
         <name>_PLL_disable</name>
         <value>0x3f7c74</value>
         <object_component_ref idref="oc-222"/>
      </symbol>
      <symbol id="sm-4cc">
         <name>_PLL_enableOsc</name>
         <value>0x3f7c4a</value>
         <object_component_ref idref="oc-222"/>
      </symbol>
      <symbol id="sm-4ce">
         <name>_PLL_setup</name>
         <value>0x3f7c1c</value>
         <object_component_ref idref="oc-222"/>
      </symbol>
      <symbol id="sm-4d0">
         <name>_PLL_disableOsc</name>
         <value>0x3f7c62</value>
         <object_component_ref idref="oc-222"/>
      </symbol>
      <symbol id="sm-4d2">
         <name>_PLL_setMultiplier</name>
         <value>0x3f7c13</value>
         <object_component_ref idref="oc-222"/>
      </symbol>
      <symbol id="sm-4d4">
         <name>_PLL_enableClkDetect</name>
         <value>0x3f7c56</value>
         <object_component_ref idref="oc-222"/>
      </symbol>
      <symbol id="sm-4d6">
         <name>_PLL_enableNormRdy</name>
         <value>0x3f7c50</value>
         <object_component_ref idref="oc-222"/>
      </symbol>
      <symbol id="sm-500">
         <name>_ioSci</name>
         <value>0x724</value>
         <object_component_ref idref="oc-115"/>
      </symbol>
      <symbol id="sm-501">
         <name>_deviceOpen</name>
         <value>0x722</value>
         <object_component_ref idref="oc-115"/>
      </symbol>
      <symbol id="sm-518">
         <name>_TIMER_setEmulationMode</name>
         <value>0x3f7cf2</value>
         <object_component_ref idref="oc-223"/>
      </symbol>
      <symbol id="sm-51a">
         <name>_TIMER_disableInt</name>
         <value>0x3f7d1f</value>
         <object_component_ref idref="oc-223"/>
      </symbol>
      <symbol id="sm-51c">
         <name>_TIMER_start</name>
         <value>0x3f7cd8</value>
         <object_component_ref idref="oc-223"/>
      </symbol>
      <symbol id="sm-51e">
         <name>_TIMER_setPreScaler</name>
         <value>0x3f7cdd</value>
         <object_component_ref idref="oc-223"/>
      </symbol>
      <symbol id="sm-520">
         <name>_TIMER_setPeriod</name>
         <value>0x3f7cf0</value>
         <object_component_ref idref="oc-223"/>
      </symbol>
      <symbol id="sm-522">
         <name>_TIMER_setDecimationFactor</name>
         <value>0x3f7cfa</value>
         <object_component_ref idref="oc-223"/>
      </symbol>
      <symbol id="sm-524">
         <name>_TIMER_getStatus</name>
         <value>0x3f7d16</value>
         <object_component_ref idref="oc-223"/>
      </symbol>
      <symbol id="sm-526">
         <name>_TIMER_init</name>
         <value>0x3f7d0f</value>
         <object_component_ref idref="oc-223"/>
      </symbol>
      <symbol id="sm-528">
         <name>_TIMER_clearFlag</name>
         <value>0x3f7d24</value>
         <object_component_ref idref="oc-223"/>
      </symbol>
      <symbol id="sm-52a">
         <name>_TIMER_reload</name>
         <value>0x3f7d0a</value>
         <object_component_ref idref="oc-223"/>
      </symbol>
      <symbol id="sm-52c">
         <name>_TIMER_enableInt</name>
         <value>0x3f7d1a</value>
         <object_component_ref idref="oc-223"/>
      </symbol>
      <symbol id="sm-52e">
         <name>_TIMER_stop</name>
         <value>0x3f7cd4</value>
         <object_component_ref idref="oc-223"/>
      </symbol>
      <symbol id="sm-53d">
         <name>_WDOG_disableInt</name>
         <value>0x3f7dae</value>
         <object_component_ref idref="oc-224"/>
      </symbol>
      <symbol id="sm-53f">
         <name>_WDOG_setPreScaler</name>
         <value>0x3f7d7d</value>
         <object_component_ref idref="oc-224"/>
      </symbol>
      <symbol id="sm-541">
         <name>_WDOG_enableInt</name>
         <value>0x3f7d99</value>
         <object_component_ref idref="oc-224"/>
      </symbol>
      <symbol id="sm-543">
         <name>_WDOG_enable</name>
         <value>0x3f7d9f</value>
         <object_component_ref idref="oc-224"/>
      </symbol>
      <symbol id="sm-545">
         <name>_WDOG_setCount</name>
         <value>0x3f7d87</value>
         <object_component_ref idref="oc-224"/>
      </symbol>
      <symbol id="sm-547">
         <name>_WDOG_init</name>
         <value>0x3f7d89</value>
         <object_component_ref idref="oc-224"/>
      </symbol>
      <symbol id="sm-549">
         <name>_WDOG_getIntStatus</name>
         <value>0x3f7d90</value>
         <object_component_ref idref="oc-224"/>
      </symbol>
      <symbol id="sm-54b">
         <name>_WDOG_disable</name>
         <value>0x3f7db4</value>
         <object_component_ref idref="oc-224"/>
      </symbol>
      <symbol id="sm-54d">
         <name>_WDOG_enableOverRide</name>
         <value>0x3f7d93</value>
         <object_component_ref idref="oc-224"/>
      </symbol>
      <symbol id="sm-54f">
         <name>_WDOG_disableOverRide</name>
         <value>0x3f7da8</value>
         <object_component_ref idref="oc-224"/>
      </symbol>
      <symbol id="sm-551">
         <name>_WDOG_clearCounter</name>
         <value>0x3f7dbc</value>
         <object_component_ref idref="oc-224"/>
      </symbol>
      <symbol id="sm-55a">
         <name>_Flash2802x_Verify</name>
         <value>0x3ffdc4</value>
      </symbol>
      <symbol id="sm-575">
         <name>_c_int00</name>
         <value>0x3f7d29</value>
         <object_component_ref idref="oc-34"/>
      </symbol>
      <symbol id="sm-576">
         <name>__stack</name>
         <value>0x400</value>
         <object_component_ref idref="oc-12c"/>
      </symbol>
      <symbol id="sm-587">
         <name>FS$$MPY</name>
         <value>0x3f7c7a</value>
         <object_component_ref idref="oc-132"/>
      </symbol>
      <symbol id="sm-59a">
         <name>FS$$TOL</name>
         <value>0x3f7e1f</value>
         <object_component_ref idref="oc-137"/>
      </symbol>
      <symbol id="sm-5a9">
         <name>_copy_in</name>
         <value>0x3f7e6d</value>
         <object_component_ref idref="oc-211"/>
      </symbol>
      <symbol id="sm-5bb">
         <name>_memcpy</name>
         <value>0x3f7eb2</value>
         <object_component_ref idref="oc-217"/>
      </symbol>
      <symbol id="sm-5c8">
         <name>__system_pre_init</name>
         <value>0x3f7f19</value>
         <object_component_ref idref="oc-210"/>
      </symbol>
      <symbol id="sm-5d6">
         <name>__system_post_cinit</name>
         <value>0x3f7f1b</value>
         <object_component_ref idref="oc-212"/>
      </symbol>
      <symbol id="sm-5eb">
         <name>C$$EXIT</name>
         <value>0x3f7df6</value>
         <object_component_ref idref="oc-214"/>
      </symbol>
      <symbol id="sm-5ec">
         <name>_exit</name>
         <value>0x3f7df8</value>
         <object_component_ref idref="oc-214"/>
      </symbol>
      <symbol id="sm-5ee">
         <name>___TI_cleanup_ptr</name>
         <value>0x71a</value>
         <object_component_ref idref="oc-152"/>
      </symbol>
      <symbol id="sm-5ef">
         <name>___TI_enable_exit_profile_output</name>
         <value>0x718</value>
         <object_component_ref idref="oc-152"/>
      </symbol>
      <symbol id="sm-5f0">
         <name>_abort</name>
         <value>0x3f7df6</value>
         <object_component_ref idref="oc-214"/>
      </symbol>
      <symbol id="sm-5f2">
         <name>___TI_dtors_ptr</name>
         <value>0x71c</value>
         <object_component_ref idref="oc-152"/>
      </symbol>
      <symbol id="sm-606">
         <name>__unlock</name>
         <value>0x728</value>
         <object_component_ref idref="oc-229"/>
      </symbol>
      <symbol id="sm-607">
         <name>__lock</name>
         <value>0x726</value>
         <object_component_ref idref="oc-218"/>
      </symbol>
      <symbol id="sm-608">
         <name>__register_lock</name>
         <value>0x3f7f0c</value>
         <object_component_ref idref="oc-226"/>
      </symbol>
      <symbol id="sm-60a">
         <name>__nop</name>
         <value>0x3f7f10</value>
         <object_component_ref idref="oc-226"/>
      </symbol>
      <symbol id="sm-60c">
         <name>__register_unlock</name>
         <value>0x3f7f08</value>
         <object_component_ref idref="oc-226"/>
      </symbol>
      <symbol id="sm-61c">
         <name>__args_main</name>
         <value>0x3f7ef7</value>
         <object_component_ref idref="oc-213"/>
      </symbol>
      <symbol id="sm-631">
         <name>___TI_ft_end</name>
         <value>0x72b</value>
         <object_component_ref idref="oc-168"/>
      </symbol>
      <symbol id="sm-640">
         <name>_strncmp</name>
         <value>0x3f7ecf</value>
         <object_component_ref idref="oc-21a"/>
      </symbol>
      <symbol id="sm-683">
         <name>__sys_memory</name>
         <value>0x81aa</value>
         <object_component_ref idref="oc-18c"/>
      </symbol>
      <symbol id="sm-707">
         <name>__CIOBUF_</name>
         <value>0x82c0</value>
         <object_component_ref idref="oc-1d2"/>
      </symbol>
   </symbol_table>
   <title>Link successful</title>
</link_info>
