******************************************************************************
             TMS320C2000 Linker PC v20.2.5                     
******************************************************************************
>> Linked Thu Jan 13 15:41:39 2022

OUTPUT FILE NAME:   <kick_scooter_rect_boot_beta0.out>
ENTRY POINT SYMBOL: "_c_int00"  address: 003f7d29


MEMORY CONFIGURATION

         name            origin    length      used     unused   attr    fill
----------------------  --------  ---------  --------  --------  ----  --------
PAGE 0:
  RAMM0                 00000050   000003b0  0000011b  00000295  RWIX
  OTP                   003d7800   00000400  00000000  00000400  RWIX
  FLASHB                003f6000   00001000  00000a22  000005de  RWIX
  FLASHA                003f7000   00000f80  00000f50  00000030  RWIX
  CSM_RSVD              003f7f80   00000076  00000000  00000076  RWIX
  BEGIN                 003f7ff6   00000002  00000002  00000000  RWIX
  CSM_PWL_P0            003f7ff8   00000008  00000000  00000008  RWIX
  IQTABLES              003fe000   00000b50  00000000  00000b50  RWIX
  IQTABLES2             003feb50   0000008c  00000000  0000008c  RWIX
  IQTABLES3             003febdc   000000aa  00000000  000000aa  RWIX
  ROM                   003ff27c   00000d44  00000000  00000d44  RWIX
  RESET                 003fffc0   00000002  00000000  00000002  RWIX
  VECTORS               003fffc2   0000003e  00000000  0000003e  RWIX

PAGE 1:
  BOOT_RSVD             00000000   00000050  00000000  00000050  RWIX
  RAMM1                 00000400   00000400  0000032e  000000d2  RWIX
  DEV_EMU               00000880   00000105  00000004  00000101  RWIX
  SYS_PWR_CTL           00000985   00000003  00000003  00000000  RWIX
  FLASH_REGS            00000a80   00000060  00000008  00000058  RWIX
  CSM                   00000ae0   00000010  00000010  00000000  RWIX
  ADC_RESULT            00000b00   00000020  00000020  00000000  RWIX
  CPU_TIMER0            00000c00   00000008  00000008  00000000  RWIX
  CPU_TIMER1            00000c08   00000008  00000008  00000000  RWIX
  CPU_TIMER2            00000c10   00000008  00000008  00000000  RWIX
  PIE_CTRL              00000ce0   00000020  0000001a  00000006  RWIX
  PIE_VECT              00000d00   00000100  00000100  00000000  RWIX
  COMP1                 00006400   00000020  00000020  00000000  RWIX
  COMP2                 00006420   00000020  00000020  00000000  RWIX
  EPWM1                 00006800   00000040  00000040  00000000  RWIX
  EPWM2                 00006840   00000040  00000040  00000000  RWIX
  EPWM3                 00006880   00000040  00000040  00000000  RWIX
  EPWM4                 000068c0   00000040  00000040  00000000  RWIX
  ECAP1                 00006a00   00000020  00000020  00000000  RWIX
  GPIOCTRL              00006f80   00000040  00000040  00000000  RWIX
  GPIODAT               00006fc0   00000020  00000020  00000000  RWIX
  GPIOINT               00006fe0   00000020  0000000a  00000016  RWIX
  SYSTEM                00007010   00000020  0000001f  00000001  RWIX
  SPIA                  00007040   00000010  00000010  00000000  RWIX
  SCIA                  00007050   00000010  00000010  00000000  RWIX
  NMIINTRUPT            00007060   00000010  00000010  00000000  RWIX
  XINTRUPT              00007070   00000010  00000010  00000000  RWIX
  ADC                   00007100   00000080  00000051  0000002f  RWIX
  I2CA                  00007900   00000040  00000022  0000001e  RWIX
  RAML0                 00008000   00000400  000003c9  00000037  RWIX
  PARTID                003d7fff   00000001  00000001  00000000  RWIX
  CSM_PWL               003f7ff8   00000008  00000008  00000000  RWIX


SECTION ALLOCATION MAP

 output                                  attributes/
section   page    origin      length       input sections
--------  ----  ----------  ----------   ----------------
csm_rsvd   0    0000006f    000000ec     
                  0000006f    00000076     F2802x_CSMPasswords.obj (csm_rsvd)
                  000000e5    00000076     F2802x_asmfuncs.obj (csm_rsvd)

.econst.1 
*          0    003f6000    00000a22     
                  003f6000    00000893     i2c.obj (.econst:.string)
                  003f6893    00000001     --HOLE-- [fill = 0]
                  003f6894    00000100     pie.obj (.econst:_PIE_tableDebugInit)
                  003f6994    0000008e     main.obj (.econst:.string)

ramfuncs   0    003f7000    0000001f     RUN ADDR = 00000050
                  003f7000    0000001b     F2802x_SysCtrl.obj (ramfuncs)
                  003f701b    00000004     F2802x_asmfuncs.obj (ramfuncs)

.text      0    003f701f    00000efd     
                  003f701f    000003b1     main.obj (.text)
                  003f73d0    0000015c     gpio.obj (.text)
                  003f752c    0000015a     adc.obj (.text)
                  003f7686    0000012d     pie.obj (.text)
                  003f77b3    00000129     clk.obj (.text)
                  003f78dc    00000127     F2802x_SysCtrl.obj (.text)
                  003f7a03    00000107     DSP28xx_SciUtil.obj (.text)
                  003f7b0a    000000ff     F2802x_DefaultIsr.obj (.text:retain)
                  003f7c09    00000071     pll.obj (.text)
                  003f7c7a    0000005a     rts2800_ml.lib : fs_mpy28.asm.obj (.text)
                  003f7cd4    00000055     timer.obj (.text)
                  003f7d29    00000054     rts2800_ml.lib : boot28.asm.obj (.text)
                  003f7d7d    00000047     wdog.obj (.text)
                  003f7dc4    00000032     main.obj (.text:retain)
                  003f7df6    00000029     rts2800_ml.lib : exit.c.obj (.text)
                  003f7e1f    00000029                    : fs_tol28.asm.obj (.text)
                  003f7e48    00000025     cpu.obj (.text)
                  003f7e6d    00000024     rts2800_ml.lib : cpy_tbl.c.obj (.text)
                  003f7e91    00000021     flash.obj (.text)
                  003f7eb2    0000001d     rts2800_ml.lib : memcpy.c.obj (.text)
                  003f7ecf    00000016                    : strncmp.c.obj (.text)
                  003f7ee5    00000012     F2802x_asmfuncs.obj (.text)
                  003f7ef7    00000011     rts2800_ml.lib : args_main.c.obj (.text)
                  003f7f08    00000009                    : _lock.c.obj (.text)
                  003f7f11    00000005     pie.obj (.text:retain)
                  003f7f16    00000003     F2802x_DBGIER.obj (.text)
                  003f7f19    00000002     rts2800_ml.lib : pre_init.c.obj (.text)
                  003f7f1b    00000001                    : startup.c.obj (.text)

.econst.2 
*          0    003f7f1c    00000002     
                  003f7f1c    00000002     rts2800_ml.lib : fputs.c.obj (.econst:.string)

.cinit     0    003f7f1e    00000032     
                  003f7f1e    0000000e     rts2800_ml.lib : exit.c.obj (.cinit)
                  003f7f2c    00000005                    : _lock.c.obj (.cinit:__lock)
                  003f7f31    00000005                    : _lock.c.obj (.cinit:__unlock)
                  003f7f36    00000004     main.obj (.cinit)
                  003f7f3a    00000004     rts2800_ml.lib : defs.c.obj (.cinit)
                  003f7f3e    00000004                    : fopen.c.obj (.cinit)
                  003f7f42    00000004                    : memory.c.obj (.cinit)
                  003f7f46    00000004                    : open.c.obj (.cinit)
                  003f7f4a    00000004     sci_io.obj (.cinit)
                  003f7f4e    00000002     --HOLE-- [fill = 0]

codestart 
*          0    003f7ff6    00000002     
                  003f7ff6    00000002     F2802x_asmfuncs.obj (codestart)

.ebss.1    1    00000700    0000002e     UNINITIALIZED
                  00000700    00000018     F2802x_CpuTimers.obj (.ebss)
                  00000718    00000006     rts2800_ml.lib : exit.c.obj (.ebss)
                  0000071e    00000004                    : memory.c.obj (.ebss)
                  00000722    00000004     sci_io.obj (.ebss)
                  00000726    00000002     rts2800_ml.lib : _lock.c.obj (.ebss:__lock)
                  00000728    00000002                    : _lock.c.obj (.ebss:__unlock)
                  0000072a    00000001     cpu.obj (.ebss)
                  0000072b    00000001     rts2800_ml.lib : defs.c.obj (.ebss)
                  0000072c    00000001                    : fopen.c.obj (.ebss)
                  0000072d    00000001                    : open.c.obj (.ebss)

DevEmuRegsFile 
*          1    00000880    00000004     UNINITIALIZED
                  00000880    00000004     F2802x_GlobalVariableDefs.obj (DevEmuRegsFile)

SysPwrCtrlRegsFile 
*          1    00000985    00000003     UNINITIALIZED
                  00000985    00000003     F2802x_GlobalVariableDefs.obj (SysPwrCtrlRegsFile)

FlashRegsFile 
*          1    00000a80    00000008     UNINITIALIZED
                  00000a80    00000008     F2802x_GlobalVariableDefs.obj (FlashRegsFile)

CsmRegsFile 
*          1    00000ae0    00000010     UNINITIALIZED
                  00000ae0    00000010     F2802x_GlobalVariableDefs.obj (CsmRegsFile)

AdcResultFile 
*          1    00000b00    00000020     UNINITIALIZED
                  00000b00    00000020     F2802x_GlobalVariableDefs.obj (AdcResultFile)

CpuTimer0RegsFile 
*          1    00000c00    00000008     UNINITIALIZED
                  00000c00    00000008     F2802x_GlobalVariableDefs.obj (CpuTimer0RegsFile)

CpuTimer1RegsFile 
*          1    00000c08    00000008     UNINITIALIZED
                  00000c08    00000008     F2802x_GlobalVariableDefs.obj (CpuTimer1RegsFile)

CpuTimer2RegsFile 
*          1    00000c10    00000008     UNINITIALIZED
                  00000c10    00000008     F2802x_GlobalVariableDefs.obj (CpuTimer2RegsFile)

PieCtrlRegsFile 
*          1    00000ce0    0000001a     UNINITIALIZED
                  00000ce0    0000001a     F2802x_GlobalVariableDefs.obj (PieCtrlRegsFile)

PieVectTableFile 
*          1    00000d00    00000100     UNINITIALIZED
                  00000d00    00000100     F2802x_GlobalVariableDefs.obj (PieVectTableFile)

EmuKeyVar 
*          1    00000d00    00000001     UNINITIALIZED
                  00000d00    00000001     F2802x_GlobalVariableDefs.obj (EmuKeyVar)

EmuBModeVar 
*          1    00000d01    00000001     UNINITIALIZED
                  00000d01    00000001     F2802x_GlobalVariableDefs.obj (EmuBModeVar)

FlashCallbackVar 
*          1    00000d02    00000002     UNINITIALIZED
                  00000d02    00000002     F2802x_GlobalVariableDefs.obj (FlashCallbackVar)

FlashScalingVar 
*          1    00000d04    00000002     UNINITIALIZED
                  00000d04    00000002     F2802x_GlobalVariableDefs.obj (FlashScalingVar)

Comp1RegsFile 
*          1    00006400    00000020     UNINITIALIZED
                  00006400    00000020     F2802x_GlobalVariableDefs.obj (Comp1RegsFile)

Comp2RegsFile 
*          1    00006420    00000020     UNINITIALIZED
                  00006420    00000020     F2802x_GlobalVariableDefs.obj (Comp2RegsFile)

EPwm1RegsFile 
*          1    00006800    00000040     UNINITIALIZED
                  00006800    00000040     F2802x_GlobalVariableDefs.obj (EPwm1RegsFile)

EPwm2RegsFile 
*          1    00006840    00000040     UNINITIALIZED
                  00006840    00000040     F2802x_GlobalVariableDefs.obj (EPwm2RegsFile)

EPwm3RegsFile 
*          1    00006880    00000040     UNINITIALIZED
                  00006880    00000040     F2802x_GlobalVariableDefs.obj (EPwm3RegsFile)

EPwm4RegsFile 
*          1    000068c0    00000040     UNINITIALIZED
                  000068c0    00000040     F2802x_GlobalVariableDefs.obj (EPwm4RegsFile)

ECap1RegsFile 
*          1    00006a00    00000020     UNINITIALIZED
                  00006a00    00000020     F2802x_GlobalVariableDefs.obj (ECap1RegsFile)

GpioCtrlRegsFile 
*          1    00006f80    00000040     UNINITIALIZED
                  00006f80    00000040     F2802x_GlobalVariableDefs.obj (GpioCtrlRegsFile)

GpioDataRegsFile 
*          1    00006fc0    00000020     UNINITIALIZED
                  00006fc0    00000020     F2802x_GlobalVariableDefs.obj (GpioDataRegsFile)

GpioIntRegsFile 
*          1    00006fe0    0000000a     UNINITIALIZED
                  00006fe0    0000000a     F2802x_GlobalVariableDefs.obj (GpioIntRegsFile)

SysCtrlRegsFile 
*          1    00007010    0000001f     UNINITIALIZED
                  00007010    0000001f     F2802x_GlobalVariableDefs.obj (SysCtrlRegsFile)

SpiaRegsFile 
*          1    00007040    00000010     UNINITIALIZED
                  00007040    00000010     F2802x_GlobalVariableDefs.obj (SpiaRegsFile)

SciaRegsFile 
*          1    00007050    00000010     UNINITIALIZED
                  00007050    00000010     F2802x_GlobalVariableDefs.obj (SciaRegsFile)

NmiIntruptRegsFile 
*          1    00007060    00000010     UNINITIALIZED
                  00007060    00000010     F2802x_GlobalVariableDefs.obj (NmiIntruptRegsFile)

XIntruptRegsFile 
*          1    00007070    00000010     UNINITIALIZED
                  00007070    00000010     F2802x_GlobalVariableDefs.obj (XIntruptRegsFile)

AdcRegsFile 
*          1    00007100    00000051     UNINITIALIZED
                  00007100    00000051     F2802x_GlobalVariableDefs.obj (AdcRegsFile)

I2caRegsFile 
*          1    00007900    00000022     UNINITIALIZED
                  00007900    00000022     F2802x_GlobalVariableDefs.obj (I2caRegsFile)

PartIdRegsFile 
*          1    003d7fff    00000001     UNINITIALIZED
                  003d7fff    00000001     F2802x_GlobalVariableDefs.obj (PartIdRegsFile)

CsmPwlFile 
*          1    003f7ff8    00000008     UNINITIALIZED
                  003f7ff8    00000008     F2802x_GlobalVariableDefs.obj (CsmPwlFile)

.pinit     0    003f7000    00000000     UNINITIALIZED

.stack     1    00000400    00000300     UNINITIALIZED
                  00000400    00000300     --HOLE--

.esysmem   1    000081aa    00000100     UNINITIALIZED
                  000081aa    00000004     rts2800_ml.lib : memory.c.obj (.esysmem)
                  000081ae    000000fc     --HOLE--

.reset     0    003fffc0    00000002     DSECT
                  003fffc0    00000002     rts2800_ml.lib : boot28.asm.obj (.reset)

vectors    0    003fffc2    00000000     DSECT

csmpasswds 
*          0    0000015b    00000010     
                  0000015b    00000008     F2802x_CSMPasswords.obj (csmpasswds)
                  00000163    00000008     F2802x_asmfuncs.obj (csmpasswds)

.ebss.2    1    00008000    000001a9     UNINITIALIZED
                  00008000    000001a9     main.obj (.ebss)

.cio       1    000082c0    00000120     UNINITIALIZED
                  000082c0    00000120     rts2800_ml.lib : trgmsg.c.obj (.cio)

MODULE SUMMARY

       Module                          code   initialized data   uninitialized data
       ------                          ----   ----------------   ------------------
    .\
       main.obj                        995    146                425               
       F2802x_GlobalVariableDefs.obj   0      0                  1052              
       DSP28xx_SciUtil.obj             263    0                  0                 
    +--+-------------------------------+------+------------------+--------------------+
       Total:                          1258   146                1477              
                                                                                   
    .\f2802x_common\source\
       i2c.obj                         0      2195               0                 
       pie.obj                         306    256                0                 
       F2802x_SysCtrl.obj              349    0                  0                 
       gpio.obj                        348    0                  0                 
       adc.obj                         346    0                  0                 
       clk.obj                         297    0                  0                 
       F2802x_DefaultIsr.obj           255    0                  0                 
       F2802x_asmfuncs.obj             28     126                0                 
       F2802x_CSMPasswords.obj         0      126                0                 
       pll.obj                         113    0                  0                 
       timer.obj                       85     0                  0                 
       wdog.obj                        71     0                  0                 
       cpu.obj                         37     0                  1                 
       flash.obj                       33     0                  0                 
       F2802x_CpuTimers.obj            0      0                  24                
       sci_io.obj                      0      4                  4                 
       F2802x_DBGIER.obj               3      0                  0                 
    +--+-------------------------------+------+------------------+--------------------+
       Total:                          2271   2707               29                
                                                                                   
    C:/ti/ccs1020/ccs/tools/compiler/ti-cgt-c2000_20.2.5.LTS/lib/rts2800_ml.lib
       trgmsg.c.obj                    0      0                  288               
       fs_mpy28.asm.obj                90     0                  0                 
       boot28.asm.obj                  84     0                  0                 
       exit.c.obj                      41     14                 6                 
       fs_tol28.asm.obj                41     0                  0                 
       cpy_tbl.c.obj                   36     0                  0                 
       memcpy.c.obj                    29     0                  0                 
       _lock.c.obj                     9      10                 4                 
       strncmp.c.obj                   22     0                  0                 
       args_main.c.obj                 17     0                  0                 
       memory.c.obj                    0      4                  4                 
       defs.c.obj                      0      4                  1                 
       fopen.c.obj                     0      4                  1                 
       open.c.obj                      0      4                  1                 
       fputs.c.obj                     0      2                  0                 
       pre_init.c.obj                  2      0                  0                 
       startup.c.obj                   1      0                  0                 
    +--+-------------------------------+------+------------------+--------------------+
       Total:                          372    42                 305               
                                                                                   
       Heap:                           0      0                  256               
       Stack:                          0      0                  768               
    +--+-------------------------------+------+------------------+--------------------+
       Grand Total:                    3901   2895               2835              


GLOBAL DATA SYMBOLS: SORTED BY DATA PAGE

address     data page           name
--------    ----------------    ----
00000400      10 (00000400)     __stack

00000700      1c (00000700)     _CpuTimer0
00000708      1c (00000700)     _CpuTimer1
00000710      1c (00000700)     _CpuTimer2
00000718      1c (00000700)     ___TI_enable_exit_profile_output
0000071a      1c (00000700)     ___TI_cleanup_ptr
0000071c      1c (00000700)     ___TI_dtors_ptr
00000722      1c (00000700)     _deviceOpen
00000724      1c (00000700)     _ioSci
00000726      1c (00000700)     __lock
00000728      1c (00000700)     __unlock
0000072a      1c (00000700)     _cpu
0000072b      1c (00000700)     ___TI_ft_end

00000880      22 (00000880)     _DevEmuRegs

00000985      26 (00000980)     _SysPwrCtrlRegs

00000a80      2a (00000a80)     _FlashRegs

00000ae0      2b (00000ac0)     _CsmRegs

00000b00      2c (00000b00)     _AdcResult

00000c00      30 (00000c00)     _CpuTimer0Regs
00000c08      30 (00000c00)     _CpuTimer1Regs
00000c10      30 (00000c00)     _CpuTimer2Regs

00000ce0      33 (00000cc0)     _PieCtrlRegs

00000d00      34 (00000d00)     _EmuKey
00000d00      34 (00000d00)     _PieVectTable
00000d01      34 (00000d00)     _EmuBMode
00000d02      34 (00000d00)     _Flash_CallbackPtr
00000d04      34 (00000d00)     _Flash_CPUScaleFactor

00006400     190 (00006400)     _Comp1Regs
00006420     190 (00006400)     _Comp2Regs

00006800     1a0 (00006800)     _EPwm1Regs

00006840     1a1 (00006840)     _EPwm2Regs

00006880     1a2 (00006880)     _EPwm3Regs

000068c0     1a3 (000068c0)     _EPwm4Regs

00006a00     1a8 (00006a00)     _ECap1Regs

00006f80     1be (00006f80)     _GpioCtrlRegs

00006fc0     1bf (00006fc0)     _GpioDataRegs
00006fe0     1bf (00006fc0)     _GpioIntRegs

00007010     1c0 (00007000)     _SysCtrlRegs

00007040     1c1 (00007040)     _SpiaRegs
00007050     1c1 (00007040)     _SciaRegs
00007060     1c1 (00007040)     _NmiIntruptRegs
00007070     1c1 (00007040)     _XIntruptRegs

00007100     1c4 (00007100)     _AdcRegs

00007900     1e4 (00007900)     _I2caRegs

00008000     200 (00008000)     _at_state
00008002     200 (00008000)     _myFlash
00008004     200 (00008000)     _myGpio
00008006     200 (00008000)     _myPie
00008008     200 (00008000)     _myTimer0
0000800a     200 (00008000)     _myCpu
0000800c     200 (00008000)     _myAdc
0000800e     200 (00008000)     _myWDog
00008010     200 (00008000)     _myPll
00008012     200 (00008000)     _myClk
00008014     200 (00008000)     _myOsc

00008040     201 (00008040)     _atCommand_tx

000080c0     203 (000080c0)     _atCommand_rx

00008140     205 (00008140)     _esp8266

000081aa     206 (00008180)     __sys_memory

000082c0     20b (000082c0)     __CIOBUF_

003d7fff    f5ff (003d7fc0)     _PartIdRegs

003f6894    fda2 (003f6880)     _PIE_tableDebugInit

003f7ff8    fdff (003f7fc0)     _CsmPwl


GLOBAL SYMBOLS: SORTED ALPHABETICALLY BY Name 

page  address   name                              
----  -------   ----                              
abs   ffffffff  .text                             
0     003f7df6  C$$EXIT                           
0     003f7c7a  FS$$MPY                           
0     003f7e1f  FS$$TOL                           
0     003f7c04  _ADCINT1_ISR                      
0     003f7bff  _ADCINT2_ISR                      
0     003f7bfa  _ADCINT3_ISR                      
0     003f7bf5  _ADCINT4_ISR                      
0     003f7bf0  _ADCINT5_ISR                      
0     003f7beb  _ADCINT6_ISR                      
0     003f7be6  _ADCINT7_ISR                      
0     003f7be1  _ADCINT8_ISR                      
0     003f7bdc  _ADCINT9_ISR                      
0     003f767c  _ADC_disable                      
0     003f7672  _ADC_disableBandGap               
0     003f765b  _ADC_disableInt                   
0     003f7651  _ADC_disableRefBuffers            
0     003f7647  _ADC_disableTempSensor            
0     003f763d  _ADC_enable                       
0     003f7633  _ADC_enableBandGap                
0     003f761c  _ADC_enableInt                    
0     003f7612  _ADC_enableRefBuffers             
0     003f7608  _ADC_enableTempSensor             
0     003f75ff  _ADC_init                         
0     003f75f5  _ADC_powerDown                    
0     003f75eb  _ADC_powerUp                      
0     003f75e1  _ADC_reset                        
0     003f75be  _ADC_setIntMode                   
0     003f75ad  _ADC_setIntPulseGenMode           
0     003f758a  _ADC_setIntSrc                    
0     003f7573  _ADC_setSampleMode                
0     003f7561  _ADC_setSocChanNumber             
0     003f754f  _ADC_setSocSampleWindow           
0     003f753d  _ADC_setSocTrigSrc                
0     003f752c  _ADC_setVoltRefSrc                
1     00007100  _AdcRegs                          
1     00000b00  _AdcResult                        
0     003f78d5  _CLK_disableAdcClock              
0     003f78cf  _CLK_disableClkIn                 
0     003f78cb  _CLK_disableCompClock             
0     003f78c4  _CLK_disableCpuTimerClock         
0     003f78be  _CLK_disableCrystalOsc            
0     003f78b7  _CLK_disableEcap1Clock            
0     003f78b0  _CLK_disableGpioInputClock        
0     003f78a9  _CLK_disableHrPwmClock            
0     003f78a2  _CLK_disableI2cClock              
0     003f789c  _CLK_disableOsc1                  
0     003f7896  _CLK_disableOsc1HaltMode          
0     003f7890  _CLK_disableOsc2                  
0     003f788a  _CLK_disableOsc2HaltMode          
0     003f7880  _CLK_disablePwmClock              
0     003f7877  _CLK_disableSciaClock             
0     003f7870  _CLK_disableSpiaClock             
0     003f7869  _CLK_disableTbClockSync           
0     003f7863  _CLK_disableWatchDogHaltMode      
0     003f785c  _CLK_enableAdcClock               
0     003f7856  _CLK_enableClkIn                  
0     003f7850  _CLK_enableCompClock              
0     003f784a  _CLK_enableCpuTimerClock          
0     003f7844  _CLK_enableCrystalOsc             
0     003f783d  _CLK_enableEcap1Clock             
0     003f7836  _CLK_enableGpioInputClock         
0     003f782f  _CLK_enableHrPwmClock             
0     003f7828  _CLK_enableI2cClock               
0     003f7822  _CLK_enableOsc1                   
0     003f781c  _CLK_enableOsc1HaltMode           
0     003f7816  _CLK_enableOsc2                   
0     003f7810  _CLK_enableOsc2HaltMode           
0     003f7807  _CLK_enablePwmClock               
0     003f77fe  _CLK_enableSciaClock              
0     003f77f7  _CLK_enableSpiaClock              
0     003f77f0  _CLK_enableTbClockSync            
0     003f77ea  _CLK_enableWatchDogHaltMode       
0     003f77e3  _CLK_init                         
0     003f77dc  _CLK_setClkOutPreScaler           
0     003f77d6  _CLK_setLowSpdPreScaler           
0     003f77cf  _CLK_setOsc2Src                   
0     003f77c8  _CLK_setOscSrc                    
0     003f77c1  _CLK_setTimer2PreScale            
0     003f77ba  _CLK_setTimer2Src                 
0     003f77b3  _CLK_setWatchDogSrc               
0     003f7e6a  _CPU_clearIntFlags                
0     003f7e67  _CPU_disableDebugInt              
0     003f7e64  _CPU_disableGlobalInts            
0     003f7e5f  _CPU_disableInt                   
0     003f7e5c  _CPU_disableInts                  
0     003f7e59  _CPU_disableProtectedRegisterWrite
0     003f7e56  _CPU_enableDebugInt               
0     003f7e53  _CPU_enableGlobalInts             
0     003f7e4f  _CPU_enableInt                    
0     003f7e4c  _CPU_enableProtectedRegisterWrite 
0     003f7e48  _CPU_init                         
1     00006400  _Comp1Regs                        
1     00006420  _Comp2Regs                        
1     00000700  _CpuTimer0                        
1     00000c00  _CpuTimer0Regs                    
1     00000708  _CpuTimer1                        
1     00000c08  _CpuTimer1Regs                    
1     00000710  _CpuTimer2                        
1     00000c10  _CpuTimer2Regs                    
1     003f7ff8  _CsmPwl                           
1     00000ae0  _CsmRegs                          
0     003f79d4  _CsmUnlock                        
0     003f7bd7  _DATALOG_ISR                      
0     003f7ef0  _DSP28x_DisableInt                
0     003f7ef4  _DSP28x_RestoreInt                
0     0000006b  _DSP28x_usDelay                   
1     00000880  _DevEmuRegs                       
0     003f791c  _DisableDog                       
0     003f7bd2  _ECAP1_INT_ISR                    
1     00006a00  _ECap1Regs                        
0     003f7bcd  _EMPTY_ISR                        
0     003f7bc8  _EMUINT_ISR                       
0     003f7bc3  _EPWM1_INT_ISR                    
0     003f7bbe  _EPWM1_TZINT_ISR                  
0     003f7bb9  _EPWM2_INT_ISR                    
0     003f7bb4  _EPWM2_TZINT_ISR                  
0     003f7baf  _EPWM3_INT_ISR                    
0     003f7baa  _EPWM3_TZINT_ISR                  
0     003f7ba5  _EPWM4_INT_ISR                    
0     003f7ba0  _EPWM4_TZINT_ISR                  
1     00006800  _EPwm1Regs                        
1     00006840  _EPwm2Regs                        
1     00006880  _EPwm3Regs                        
1     000068c0  _EPwm4Regs                        
1     00000d01  _EmuBMode                         
1     00000d00  _EmuKey                           
0     003f79be  _ExtOscSel                        
0     003f7eac  _FLASH_clear3VStatus              
0     003f7ea9  _FLASH_get3VStatus                
0     003f7ea6  _FLASH_getActiveWaitCount         
0     003f7ea2  _FLASH_getActiveWaitStatus        
0     003f7e9f  _FLASH_getPowerMode               
0     003f7e9c  _FLASH_getStandbyWaitCount        
0     003f7e98  _FLASH_getStandbyWaitStatus       
0     003f7e91  _FLASH_init                       
abs   003ffdc4  _Flash2802x_Verify                
1     00000a80  _FlashRegs                        
1     00000d04  _Flash_CPUScaleFactor             
1     00000d02  _Flash_CallbackPtr                
0     003f751c  _GPIO_getData                     
0     003f7510  _GPIO_getPortData                 
0     003f7509  _GPIO_init                        
0     003f7500  _GPIO_lpmSelect                   
0     003f74d8  _GPIO_setDirection                
0     003f74cd  _GPIO_setExtInt                   
0     003f74ba  _GPIO_setHigh                     
0     003f74a7  _GPIO_setLow                      
0     003f7461  _GPIO_setMode                     
0     003f7452  _GPIO_setPortData                 
0     003f742a  _GPIO_setPullUp                   
0     003f7406  _GPIO_setQualification            
0     003f73e3  _GPIO_setQualificationPeriod      
0     003f73d0  _GPIO_toggle                      
1     00006f80  _GpioCtrlRegs                     
1     00006fc0  _GpioDataRegs                     
1     00006fe0  _GpioIntRegs                      
0     003f7b9b  _I2CINT1A_ISR                     
0     003f7b96  _I2CINT2A_ISR                     
1     00007900  _I2caRegs                         
0     003f7b91  _ILLEGAL_ISR                      
0     003f7b8c  _INT13_ISR                        
0     003f7b87  _INT14_ISR                        
0     00000050  _InitFlash                        
0     003f7974  _InitPeripheralClocks             
0     003f7924  _InitPll                          
0     003f79a6  _InitSysCtrl                      
0     003f790c  _IntOsc1Sel                       
0     003f78fa  _IntOsc2Sel                       
0     003f7b82  _NMI_ISR                          
1     00007060  _NmiIntruptRegs                   
0     003f7b7d  _PIE_RESERVED                     
0     003f77a4  _PIE_clearAllFlags                
0     003f77a1  _PIE_clearAllInts                 
0     003f779e  _PIE_disable                      
0     003f778f  _PIE_disableAllInts               
0     003f778b  _PIE_disableCaptureInt            
0     003f7783  _PIE_disableExtInt                
0     003f7778  _PIE_disableInt                   
0     003f7775  _PIE_enable                       
0     003f7762  _PIE_enableAdcInt                 
0     003f775e  _PIE_enableCaptureInt             
0     003f7742  _PIE_enableExtInt                 
0     003f7738  _PIE_enableInt                    
0     003f772a  _PIE_enablePwmInt                 
0     003f771c  _PIE_enablePwmTzInt               
0     003f7719  _PIE_enableTimer0Int              
0     003f770f  _PIE_forceInt                     
0     003f7707  _PIE_getExtIntCount               
0     003f7700  _PIE_getIntEnables                
0     003f76f9  _PIE_getIntFlags                  
0     003f7f11  _PIE_illegalIsr                   
0     003f76f0  _PIE_init                         
0     003f76de  _PIE_registerPieIntHandler        
0     003f76d3  _PIE_registerSystemIntHandler     
0     003f76c4  _PIE_setDebugIntVectorTable       
0     003f76b6  _PIE_setDefaultIntVectorTable     
0     003f76a7  _PIE_setExtIntPolarity            
0     003f6894  _PIE_tableDebugInit               
0     003f7693  _PIE_unregisterPieIntHandler      
0     003f7686  _PIE_unregisterSystemIntHandler   
0     003f7c74  _PLL_disable                      
0     003f7c6e  _PLL_disableClkDetect             
0     003f7c68  _PLL_disableNormRdy               
0     003f7c62  _PLL_disableOsc                   
0     003f7c5c  _PLL_enable                       
0     003f7c56  _PLL_enableClkDetect              
0     003f7c50  _PLL_enableNormRdy                
0     003f7c4a  _PLL_enableOsc                    
0     003f7c09  _PLL_getClkStatus                 
0     003f7c47  _PLL_getDivider                   
0     003f7c19  _PLL_getLockStatus                
0     003f7c43  _PLL_getMultiplier                
0     003f7c3c  _PLL_init                         
0     003f7c36  _PLL_resetClkDetect               
0     003f7c0c  _PLL_setDivider                   
0     003f7c31  _PLL_setLockPeriod                
0     003f7c13  _PLL_setMultiplier                
0     003f7c1c  _PLL_setup                        
1     003d7fff  _PartIdRegs                       
1     00000ce0  _PieCtrlRegs                      
1     00000d00  _PieVectTable                     
0     003f7b78  _RTOSINT_ISR                      
abs   0000001f  _RamfuncsLoadSize                 
0     003f7000  _RamfuncsLoadStart                
0     00000050  _RamfuncsRunStart                 
0     003f7b73  _SCIRXINTA_ISR                    
0     003f7b6e  _SCITXINTA_ISR                    
0     003f7b69  _SPIRXINTA_ISR                    
0     003f7b64  _SPITXINTA_ISR                    
1     00007050  _SciaRegs                         
0     003f78f0  _ServiceDog                       
0     003f7f16  _SetDBGIER                        
1     00007040  _SpiaRegs                         
1     00007010  _SysCtrlRegs                      
1     00000985  _SysPwrCtrlRegs                   
0     003f7d24  _TIMER_clearFlag                  
0     003f7d1f  _TIMER_disableInt                 
0     003f7d1a  _TIMER_enableInt                  
0     003f7d16  _TIMER_getStatus                  
0     003f7d0f  _TIMER_init                       
0     003f7d0a  _TIMER_reload                     
0     003f7cfa  _TIMER_setDecimationFactor        
0     003f7cf2  _TIMER_setEmulationMode           
0     003f7cf0  _TIMER_setPeriod                  
0     003f7cdd  _TIMER_setPreScaler               
0     003f7cd8  _TIMER_start                      
0     003f7cd4  _TIMER_stop                       
0     003f7b5f  _TINT0_ISR                        
0     003f7b5a  _USER10_ISR                       
0     003f7b55  _USER11_ISR                       
0     003f7b50  _USER12_ISR                       
0     003f7b4b  _USER1_ISR                        
0     003f7b46  _USER2_ISR                        
0     003f7b41  _USER3_ISR                        
0     003f7b3c  _USER4_ISR                        
0     003f7b37  _USER5_ISR                        
0     003f7b32  _USER6_ISR                        
0     003f7b2d  _USER7_ISR                        
0     003f7b28  _USER8_ISR                        
0     003f7b23  _USER9_ISR                        
0     003f7b1e  _WAKEINT_ISR                      
0     003f7dbc  _WDOG_clearCounter                
0     003f7db4  _WDOG_disable                     
0     003f7dae  _WDOG_disableInt                  
0     003f7da8  _WDOG_disableOverRide             
0     003f7d9f  _WDOG_enable                      
0     003f7d99  _WDOG_enableInt                   
0     003f7d93  _WDOG_enableOverRide              
0     003f7d90  _WDOG_getIntStatus                
0     003f7d89  _WDOG_init                        
0     003f7d87  _WDOG_setCount                    
0     003f7d7d  _WDOG_setPreScaler                
0     003f7b19  _XINT1_ISR                        
0     003f7b14  _XINT2_ISR                        
0     003f7b0f  _XINT3_ISR                        
1     00007070  _XIntruptRegs                     
0     003f78dc  _XtalOscSel                       
1     000082c0  __CIOBUF_                         
1     00000700  __STACK_END                       
abs   00000300  __STACK_SIZE                      
abs   00000100  __SYSMEM_SIZE                     
1     0000071a  ___TI_cleanup_ptr                 
1     0000071c  ___TI_dtors_ptr                   
1     00000718  ___TI_enable_exit_profile_output  
1     0000072b  ___TI_ft_end                      
abs   ffffffff  ___TI_pprof_out_hndl              
abs   ffffffff  ___TI_prof_data_size              
abs   ffffffff  ___TI_prof_data_start             
abs   ffffffff  ___binit__                        
abs   ffffffff  ___c_args__                       
0     003f7f1e  ___cinit__                        
abs   ffffffff  ___etext__                        
abs   ffffffff  ___pinit__                        
abs   ffffffff  ___text__                         
0     003f7ef7  __args_main                       
1     00000726  __lock                            
0     003f7f10  __nop                             
0     003f7f0c  __register_lock                   
0     003f7f08  __register_unlock                 
1     00000400  __stack                           
1     000081aa  __sys_memory                      
0     003f7f1b  __system_post_cinit               
0     003f7f19  __system_pre_init                 
1     00000728  __unlock                          
0     003f7df6  _abort                            
0     003f7230  _atCommandManager                 
0     003f722c  _atCommandSend                    
1     000080c0  _atCommand_rx                     
1     00008040  _atCommand_tx                     
1     00008000  _at_state                         
0     003f7ada  _byteswap_L8cmp                   
0     003f7d29  _c_int00                          
0     003f7e6d  _copy_in                          
1     0000072a  _cpu                              
0     003f7dc9  _cpu_scia_rx_isr                  
0     003f7dc4  _cpu_scia_tx_isr                  
1     00000722  _deviceOpen                       
1     00008140  _esp8266                          
0     003f7df8  _exit                             
0     003f7068  _initPerirherals                  
0     003f7283  _initWiFi                         
1     00000724  _ioSci                            
0     003f731c  _main                             
0     003f7eb2  _memcpy                           
1     0000800c  _myAdc                            
1     00008012  _myClk                            
1     0000800a  _myCpu                            
1     00008002  _myFlash                          
1     00008004  _myGpio                           
1     00008014  _myOsc                            
1     00008006  _myPie                            
1     00008010  _myPll                            
1     00008008  _myTimer0                         
1     0000800e  _myWDog                           
0     003f7b0a  _rsvd_ISR                         
0     003f7044  _sciReadBuff                      
0     003f7a4b  _scia_rcv                         
0     003f7a03  _scia_xmit                        
0     003f7eed  _setDBGIER                        
0     003f701f  _stringSeeker                     
0     003f7ecf  _strncmp                          
abs   ffffffff  binit                             
0     003f7f1e  cinit                             
0     003f7ff6  code_start                        
abs   ffffffff  etext                             
abs   ffffffff  pinit                             


GLOBAL SYMBOLS: SORTED BY Symbol Address 

page  address   name                              
----  -------   ----                              
0     00000050  _InitFlash                        
0     00000050  _RamfuncsRunStart                 
0     0000006b  _DSP28x_usDelay                   
0     003f6894  _PIE_tableDebugInit               
0     003f7000  _RamfuncsLoadStart                
0     003f701f  _stringSeeker                     
0     003f7044  _sciReadBuff                      
0     003f7068  _initPerirherals                  
0     003f722c  _atCommandSend                    
0     003f7230  _atCommandManager                 
0     003f7283  _initWiFi                         
0     003f731c  _main                             
0     003f73d0  _GPIO_toggle                      
0     003f73e3  _GPIO_setQualificationPeriod      
0     003f7406  _GPIO_setQualification            
0     003f742a  _GPIO_setPullUp                   
0     003f7452  _GPIO_setPortData                 
0     003f7461  _GPIO_setMode                     
0     003f74a7  _GPIO_setLow                      
0     003f74ba  _GPIO_setHigh                     
0     003f74cd  _GPIO_setExtInt                   
0     003f74d8  _GPIO_setDirection                
0     003f7500  _GPIO_lpmSelect                   
0     003f7509  _GPIO_init                        
0     003f7510  _GPIO_getPortData                 
0     003f751c  _GPIO_getData                     
0     003f752c  _ADC_setVoltRefSrc                
0     003f753d  _ADC_setSocTrigSrc                
0     003f754f  _ADC_setSocSampleWindow           
0     003f7561  _ADC_setSocChanNumber             
0     003f7573  _ADC_setSampleMode                
0     003f758a  _ADC_setIntSrc                    
0     003f75ad  _ADC_setIntPulseGenMode           
0     003f75be  _ADC_setIntMode                   
0     003f75e1  _ADC_reset                        
0     003f75eb  _ADC_powerUp                      
0     003f75f5  _ADC_powerDown                    
0     003f75ff  _ADC_init                         
0     003f7608  _ADC_enableTempSensor             
0     003f7612  _ADC_enableRefBuffers             
0     003f761c  _ADC_enableInt                    
0     003f7633  _ADC_enableBandGap                
0     003f763d  _ADC_enable                       
0     003f7647  _ADC_disableTempSensor            
0     003f7651  _ADC_disableRefBuffers            
0     003f765b  _ADC_disableInt                   
0     003f7672  _ADC_disableBandGap               
0     003f767c  _ADC_disable                      
0     003f7686  _PIE_unregisterSystemIntHandler   
0     003f7693  _PIE_unregisterPieIntHandler      
0     003f76a7  _PIE_setExtIntPolarity            
0     003f76b6  _PIE_setDefaultIntVectorTable     
0     003f76c4  _PIE_setDebugIntVectorTable       
0     003f76d3  _PIE_registerSystemIntHandler     
0     003f76de  _PIE_registerPieIntHandler        
0     003f76f0  _PIE_init                         
0     003f76f9  _PIE_getIntFlags                  
0     003f7700  _PIE_getIntEnables                
0     003f7707  _PIE_getExtIntCount               
0     003f770f  _PIE_forceInt                     
0     003f7719  _PIE_enableTimer0Int              
0     003f771c  _PIE_enablePwmTzInt               
0     003f772a  _PIE_enablePwmInt                 
0     003f7738  _PIE_enableInt                    
0     003f7742  _PIE_enableExtInt                 
0     003f775e  _PIE_enableCaptureInt             
0     003f7762  _PIE_enableAdcInt                 
0     003f7775  _PIE_enable                       
0     003f7778  _PIE_disableInt                   
0     003f7783  _PIE_disableExtInt                
0     003f778b  _PIE_disableCaptureInt            
0     003f778f  _PIE_disableAllInts               
0     003f779e  _PIE_disable                      
0     003f77a1  _PIE_clearAllInts                 
0     003f77a4  _PIE_clearAllFlags                
0     003f77b3  _CLK_setWatchDogSrc               
0     003f77ba  _CLK_setTimer2Src                 
0     003f77c1  _CLK_setTimer2PreScale            
0     003f77c8  _CLK_setOscSrc                    
0     003f77cf  _CLK_setOsc2Src                   
0     003f77d6  _CLK_setLowSpdPreScaler           
0     003f77dc  _CLK_setClkOutPreScaler           
0     003f77e3  _CLK_init                         
0     003f77ea  _CLK_enableWatchDogHaltMode       
0     003f77f0  _CLK_enableTbClockSync            
0     003f77f7  _CLK_enableSpiaClock              
0     003f77fe  _CLK_enableSciaClock              
0     003f7807  _CLK_enablePwmClock               
0     003f7810  _CLK_enableOsc2HaltMode           
0     003f7816  _CLK_enableOsc2                   
0     003f781c  _CLK_enableOsc1HaltMode           
0     003f7822  _CLK_enableOsc1                   
0     003f7828  _CLK_enableI2cClock               
0     003f782f  _CLK_enableHrPwmClock             
0     003f7836  _CLK_enableGpioInputClock         
0     003f783d  _CLK_enableEcap1Clock             
0     003f7844  _CLK_enableCrystalOsc             
0     003f784a  _CLK_enableCpuTimerClock          
0     003f7850  _CLK_enableCompClock              
0     003f7856  _CLK_enableClkIn                  
0     003f785c  _CLK_enableAdcClock               
0     003f7863  _CLK_disableWatchDogHaltMode      
0     003f7869  _CLK_disableTbClockSync           
0     003f7870  _CLK_disableSpiaClock             
0     003f7877  _CLK_disableSciaClock             
0     003f7880  _CLK_disablePwmClock              
0     003f788a  _CLK_disableOsc2HaltMode          
0     003f7890  _CLK_disableOsc2                  
0     003f7896  _CLK_disableOsc1HaltMode          
0     003f789c  _CLK_disableOsc1                  
0     003f78a2  _CLK_disableI2cClock              
0     003f78a9  _CLK_disableHrPwmClock            
0     003f78b0  _CLK_disableGpioInputClock        
0     003f78b7  _CLK_disableEcap1Clock            
0     003f78be  _CLK_disableCrystalOsc            
0     003f78c4  _CLK_disableCpuTimerClock         
0     003f78cb  _CLK_disableCompClock             
0     003f78cf  _CLK_disableClkIn                 
0     003f78d5  _CLK_disableAdcClock              
0     003f78dc  _XtalOscSel                       
0     003f78f0  _ServiceDog                       
0     003f78fa  _IntOsc2Sel                       
0     003f790c  _IntOsc1Sel                       
0     003f791c  _DisableDog                       
0     003f7924  _InitPll                          
0     003f7974  _InitPeripheralClocks             
0     003f79a6  _InitSysCtrl                      
0     003f79be  _ExtOscSel                        
0     003f79d4  _CsmUnlock                        
0     003f7a03  _scia_xmit                        
0     003f7a4b  _scia_rcv                         
0     003f7ada  _byteswap_L8cmp                   
0     003f7b0a  _rsvd_ISR                         
0     003f7b0f  _XINT3_ISR                        
0     003f7b14  _XINT2_ISR                        
0     003f7b19  _XINT1_ISR                        
0     003f7b1e  _WAKEINT_ISR                      
0     003f7b23  _USER9_ISR                        
0     003f7b28  _USER8_ISR                        
0     003f7b2d  _USER7_ISR                        
0     003f7b32  _USER6_ISR                        
0     003f7b37  _USER5_ISR                        
0     003f7b3c  _USER4_ISR                        
0     003f7b41  _USER3_ISR                        
0     003f7b46  _USER2_ISR                        
0     003f7b4b  _USER1_ISR                        
0     003f7b50  _USER12_ISR                       
0     003f7b55  _USER11_ISR                       
0     003f7b5a  _USER10_ISR                       
0     003f7b5f  _TINT0_ISR                        
0     003f7b64  _SPITXINTA_ISR                    
0     003f7b69  _SPIRXINTA_ISR                    
0     003f7b6e  _SCITXINTA_ISR                    
0     003f7b73  _SCIRXINTA_ISR                    
0     003f7b78  _RTOSINT_ISR                      
0     003f7b7d  _PIE_RESERVED                     
0     003f7b82  _NMI_ISR                          
0     003f7b87  _INT14_ISR                        
0     003f7b8c  _INT13_ISR                        
0     003f7b91  _ILLEGAL_ISR                      
0     003f7b96  _I2CINT2A_ISR                     
0     003f7b9b  _I2CINT1A_ISR                     
0     003f7ba0  _EPWM4_TZINT_ISR                  
0     003f7ba5  _EPWM4_INT_ISR                    
0     003f7baa  _EPWM3_TZINT_ISR                  
0     003f7baf  _EPWM3_INT_ISR                    
0     003f7bb4  _EPWM2_TZINT_ISR                  
0     003f7bb9  _EPWM2_INT_ISR                    
0     003f7bbe  _EPWM1_TZINT_ISR                  
0     003f7bc3  _EPWM1_INT_ISR                    
0     003f7bc8  _EMUINT_ISR                       
0     003f7bcd  _EMPTY_ISR                        
0     003f7bd2  _ECAP1_INT_ISR                    
0     003f7bd7  _DATALOG_ISR                      
0     003f7bdc  _ADCINT9_ISR                      
0     003f7be1  _ADCINT8_ISR                      
0     003f7be6  _ADCINT7_ISR                      
0     003f7beb  _ADCINT6_ISR                      
0     003f7bf0  _ADCINT5_ISR                      
0     003f7bf5  _ADCINT4_ISR                      
0     003f7bfa  _ADCINT3_ISR                      
0     003f7bff  _ADCINT2_ISR                      
0     003f7c04  _ADCINT1_ISR                      
0     003f7c09  _PLL_getClkStatus                 
0     003f7c0c  _PLL_setDivider                   
0     003f7c13  _PLL_setMultiplier                
0     003f7c19  _PLL_getLockStatus                
0     003f7c1c  _PLL_setup                        
0     003f7c31  _PLL_setLockPeriod                
0     003f7c36  _PLL_resetClkDetect               
0     003f7c3c  _PLL_init                         
0     003f7c43  _PLL_getMultiplier                
0     003f7c47  _PLL_getDivider                   
0     003f7c4a  _PLL_enableOsc                    
0     003f7c50  _PLL_enableNormRdy                
0     003f7c56  _PLL_enableClkDetect              
0     003f7c5c  _PLL_enable                       
0     003f7c62  _PLL_disableOsc                   
0     003f7c68  _PLL_disableNormRdy               
0     003f7c6e  _PLL_disableClkDetect             
0     003f7c74  _PLL_disable                      
0     003f7c7a  FS$$MPY                           
0     003f7cd4  _TIMER_stop                       
0     003f7cd8  _TIMER_start                      
0     003f7cdd  _TIMER_setPreScaler               
0     003f7cf0  _TIMER_setPeriod                  
0     003f7cf2  _TIMER_setEmulationMode           
0     003f7cfa  _TIMER_setDecimationFactor        
0     003f7d0a  _TIMER_reload                     
0     003f7d0f  _TIMER_init                       
0     003f7d16  _TIMER_getStatus                  
0     003f7d1a  _TIMER_enableInt                  
0     003f7d1f  _TIMER_disableInt                 
0     003f7d24  _TIMER_clearFlag                  
0     003f7d29  _c_int00                          
0     003f7d7d  _WDOG_setPreScaler                
0     003f7d87  _WDOG_setCount                    
0     003f7d89  _WDOG_init                        
0     003f7d90  _WDOG_getIntStatus                
0     003f7d93  _WDOG_enableOverRide              
0     003f7d99  _WDOG_enableInt                   
0     003f7d9f  _WDOG_enable                      
0     003f7da8  _WDOG_disableOverRide             
0     003f7dae  _WDOG_disableInt                  
0     003f7db4  _WDOG_disable                     
0     003f7dbc  _WDOG_clearCounter                
0     003f7dc4  _cpu_scia_tx_isr                  
0     003f7dc9  _cpu_scia_rx_isr                  
0     003f7df6  C$$EXIT                           
0     003f7df6  _abort                            
0     003f7df8  _exit                             
0     003f7e1f  FS$$TOL                           
0     003f7e48  _CPU_init                         
0     003f7e4c  _CPU_enableProtectedRegisterWrite 
0     003f7e4f  _CPU_enableInt                    
0     003f7e53  _CPU_enableGlobalInts             
0     003f7e56  _CPU_enableDebugInt               
0     003f7e59  _CPU_disableProtectedRegisterWrite
0     003f7e5c  _CPU_disableInts                  
0     003f7e5f  _CPU_disableInt                   
0     003f7e64  _CPU_disableGlobalInts            
0     003f7e67  _CPU_disableDebugInt              
0     003f7e6a  _CPU_clearIntFlags                
0     003f7e6d  _copy_in                          
0     003f7e91  _FLASH_init                       
0     003f7e98  _FLASH_getStandbyWaitStatus       
0     003f7e9c  _FLASH_getStandbyWaitCount        
0     003f7e9f  _FLASH_getPowerMode               
0     003f7ea2  _FLASH_getActiveWaitStatus        
0     003f7ea6  _FLASH_getActiveWaitCount         
0     003f7ea9  _FLASH_get3VStatus                
0     003f7eac  _FLASH_clear3VStatus              
0     003f7eb2  _memcpy                           
0     003f7ecf  _strncmp                          
0     003f7eed  _setDBGIER                        
0     003f7ef0  _DSP28x_DisableInt                
0     003f7ef4  _DSP28x_RestoreInt                
0     003f7ef7  __args_main                       
0     003f7f08  __register_unlock                 
0     003f7f0c  __register_lock                   
0     003f7f10  __nop                             
0     003f7f11  _PIE_illegalIsr                   
0     003f7f16  _SetDBGIER                        
0     003f7f19  __system_pre_init                 
0     003f7f1b  __system_post_cinit               
0     003f7f1e  ___cinit__                        
0     003f7f1e  cinit                             
0     003f7ff6  code_start                        
1     00000400  __stack                           
1     00000700  _CpuTimer0                        
1     00000700  __STACK_END                       
1     00000708  _CpuTimer1                        
1     00000710  _CpuTimer2                        
1     00000718  ___TI_enable_exit_profile_output  
1     0000071a  ___TI_cleanup_ptr                 
1     0000071c  ___TI_dtors_ptr                   
1     00000722  _deviceOpen                       
1     00000724  _ioSci                            
1     00000726  __lock                            
1     00000728  __unlock                          
1     0000072a  _cpu                              
1     0000072b  ___TI_ft_end                      
1     00000880  _DevEmuRegs                       
1     00000985  _SysPwrCtrlRegs                   
1     00000a80  _FlashRegs                        
1     00000ae0  _CsmRegs                          
1     00000b00  _AdcResult                        
1     00000c00  _CpuTimer0Regs                    
1     00000c08  _CpuTimer1Regs                    
1     00000c10  _CpuTimer2Regs                    
1     00000ce0  _PieCtrlRegs                      
1     00000d00  _EmuKey                           
1     00000d00  _PieVectTable                     
1     00000d01  _EmuBMode                         
1     00000d02  _Flash_CallbackPtr                
1     00000d04  _Flash_CPUScaleFactor             
1     00006400  _Comp1Regs                        
1     00006420  _Comp2Regs                        
1     00006800  _EPwm1Regs                        
1     00006840  _EPwm2Regs                        
1     00006880  _EPwm3Regs                        
1     000068c0  _EPwm4Regs                        
1     00006a00  _ECap1Regs                        
1     00006f80  _GpioCtrlRegs                     
1     00006fc0  _GpioDataRegs                     
1     00006fe0  _GpioIntRegs                      
1     00007010  _SysCtrlRegs                      
1     00007040  _SpiaRegs                         
1     00007050  _SciaRegs                         
1     00007060  _NmiIntruptRegs                   
1     00007070  _XIntruptRegs                     
1     00007100  _AdcRegs                          
1     00007900  _I2caRegs                         
1     00008000  _at_state                         
1     00008002  _myFlash                          
1     00008004  _myGpio                           
1     00008006  _myPie                            
1     00008008  _myTimer0                         
1     0000800a  _myCpu                            
1     0000800c  _myAdc                            
1     0000800e  _myWDog                           
1     00008010  _myPll                            
1     00008012  _myClk                            
1     00008014  _myOsc                            
1     00008040  _atCommand_tx                     
1     000080c0  _atCommand_rx                     
1     00008140  _esp8266                          
1     000081aa  __sys_memory                      
1     000082c0  __CIOBUF_                         
1     003d7fff  _PartIdRegs                       
1     003f7ff8  _CsmPwl                           
abs   0000001f  _RamfuncsLoadSize                 
abs   00000100  __SYSMEM_SIZE                     
abs   00000300  __STACK_SIZE                      
abs   003ffdc4  _Flash2802x_Verify                
abs   ffffffff  .text                             
abs   ffffffff  ___TI_pprof_out_hndl              
abs   ffffffff  ___TI_prof_data_size              
abs   ffffffff  ___TI_prof_data_start             
abs   ffffffff  ___binit__                        
abs   ffffffff  ___c_args__                       
abs   ffffffff  ___etext__                        
abs   ffffffff  ___pinit__                        
abs   ffffffff  ___text__                         
abs   ffffffff  binit                             
abs   ffffffff  etext                             
abs   ffffffff  pinit                             

[347 symbols]
