<?xml version="1.0" encoding="ISO-8859-1" ?>
<link_info>
   <banner>TMS320C2000 Linker PC v20.2.2.LTS</banner>
   <copyright>Copyright (c) 1996-2018 Texas Instruments Incorporated</copyright>
   <link_time>0x6352c29e</link_time>
   <link_errors>0x0</link_errors>
   <output_file>kick_scooter_rect_boot_beta0_tms320f28032.out</output_file>
   <entry_point>
      <name>_c_int00</name>
      <address>0x3f4187</address>
   </entry_point>
   <input_file_list>
      <input_file id="fl-2">
         <path>.\</path>
         <kind>object</kind>
         <file>DSP2803x_GlobalVariableDefs.obj</file>
         <name>DSP2803x_GlobalVariableDefs.obj</name>
      </input_file>
      <input_file id="fl-3">
         <path>.\</path>
         <kind>object</kind>
         <file>DSP28xx_SciUtil.obj</file>
         <name>DSP28xx_SciUtil.obj</name>
      </input_file>
      <input_file id="fl-4">
         <path>.\</path>
         <kind>object</kind>
         <file>Exit_Boot.obj</file>
         <name>Exit_Boot.obj</name>
      </input_file>
      <input_file id="fl-5">
         <path>.\</path>
         <kind>object</kind>
         <file>bootloader.obj</file>
         <name>bootloader.obj</name>
      </input_file>
      <input_file id="fl-6">
         <path>.\</path>
         <kind>object</kind>
         <file>main.obj</file>
         <name>main.obj</name>
      </input_file>
      <input_file id="fl-7">
         <path>.\f2803x_common\source\</path>
         <kind>object</kind>
         <file>DSP2803x_Adc.obj</file>
         <name>DSP2803x_Adc.obj</name>
      </input_file>
      <input_file id="fl-8">
         <path>.\f2803x_common\source\</path>
         <kind>object</kind>
         <file>DSP2803x_CSMPasswords.obj</file>
         <name>DSP2803x_CSMPasswords.obj</name>
      </input_file>
      <input_file id="fl-9">
         <path>.\f2803x_common\source\</path>
         <kind>object</kind>
         <file>DSP2803x_CodeStartBranch.obj</file>
         <name>DSP2803x_CodeStartBranch.obj</name>
      </input_file>
      <input_file id="fl-a">
         <path>.\f2803x_common\source\</path>
         <kind>object</kind>
         <file>DSP2803x_Comp.obj</file>
         <name>DSP2803x_Comp.obj</name>
      </input_file>
      <input_file id="fl-b">
         <path>.\f2803x_common\source\</path>
         <kind>object</kind>
         <file>DSP2803x_CpuTimers.obj</file>
         <name>DSP2803x_CpuTimers.obj</name>
      </input_file>
      <input_file id="fl-c">
         <path>.\f2803x_common\source\</path>
         <kind>object</kind>
         <file>DSP2803x_DBGIER.obj</file>
         <name>DSP2803x_DBGIER.obj</name>
      </input_file>
      <input_file id="fl-d">
         <path>.\f2803x_common\source\</path>
         <kind>object</kind>
         <file>DSP2803x_DefaultIsr.obj</file>
         <name>DSP2803x_DefaultIsr.obj</name>
      </input_file>
      <input_file id="fl-e">
         <path>.\f2803x_common\source\</path>
         <kind>object</kind>
         <file>DSP2803x_DisInt.obj</file>
         <name>DSP2803x_DisInt.obj</name>
      </input_file>
      <input_file id="fl-f">
         <path>.\f2803x_common\source\</path>
         <kind>object</kind>
         <file>DSP2803x_ECan.obj</file>
         <name>DSP2803x_ECan.obj</name>
      </input_file>
      <input_file id="fl-10">
         <path>.\f2803x_common\source\</path>
         <kind>object</kind>
         <file>DSP2803x_ECap.obj</file>
         <name>DSP2803x_ECap.obj</name>
      </input_file>
      <input_file id="fl-11">
         <path>.\f2803x_common\source\</path>
         <kind>object</kind>
         <file>DSP2803x_EPwm.obj</file>
         <name>DSP2803x_EPwm.obj</name>
      </input_file>
      <input_file id="fl-12">
         <path>.\f2803x_common\source\</path>
         <kind>object</kind>
         <file>DSP2803x_EQep.obj</file>
         <name>DSP2803x_EQep.obj</name>
      </input_file>
      <input_file id="fl-13">
         <path>.\f2803x_common\source\</path>
         <kind>object</kind>
         <file>DSP2803x_Gpio.obj</file>
         <name>DSP2803x_Gpio.obj</name>
      </input_file>
      <input_file id="fl-14">
         <path>.\f2803x_common\source\</path>
         <kind>object</kind>
         <file>DSP2803x_HRCap.obj</file>
         <name>DSP2803x_HRCap.obj</name>
      </input_file>
      <input_file id="fl-15">
         <path>.\f2803x_common\source\</path>
         <kind>object</kind>
         <file>DSP2803x_I2C.obj</file>
         <name>DSP2803x_I2C.obj</name>
      </input_file>
      <input_file id="fl-16">
         <path>.\f2803x_common\source\</path>
         <kind>object</kind>
         <file>DSP2803x_Lin.obj</file>
         <name>DSP2803x_Lin.obj</name>
      </input_file>
      <input_file id="fl-17">
         <path>.\f2803x_common\source\</path>
         <kind>object</kind>
         <file>DSP2803x_OscComp.obj</file>
         <name>DSP2803x_OscComp.obj</name>
      </input_file>
      <input_file id="fl-18">
         <path>.\f2803x_common\source\</path>
         <kind>object</kind>
         <file>DSP2803x_PieCtrl.obj</file>
         <name>DSP2803x_PieCtrl.obj</name>
      </input_file>
      <input_file id="fl-19">
         <path>.\f2803x_common\source\</path>
         <kind>object</kind>
         <file>DSP2803x_PieVect.obj</file>
         <name>DSP2803x_PieVect.obj</name>
      </input_file>
      <input_file id="fl-1a">
         <path>.\f2803x_common\source\</path>
         <kind>object</kind>
         <file>DSP2803x_Sci.obj</file>
         <name>DSP2803x_Sci.obj</name>
      </input_file>
      <input_file id="fl-1b">
         <path>.\f2803x_common\source\</path>
         <kind>object</kind>
         <file>DSP2803x_Spi.obj</file>
         <name>DSP2803x_Spi.obj</name>
      </input_file>
      <input_file id="fl-1c">
         <path>.\f2803x_common\source\</path>
         <kind>object</kind>
         <file>DSP2803x_SysCtrl.obj</file>
         <name>DSP2803x_SysCtrl.obj</name>
      </input_file>
      <input_file id="fl-1d">
         <path>.\f2803x_common\source\</path>
         <kind>object</kind>
         <file>DSP2803x_TempSensorConv.obj</file>
         <name>DSP2803x_TempSensorConv.obj</name>
      </input_file>
      <input_file id="fl-1e">
         <path>.\f2803x_common\source\</path>
         <kind>object</kind>
         <file>DSP2803x_usDelay.obj</file>
         <name>DSP2803x_usDelay.obj</name>
      </input_file>
      <input_file id="fl-1f">
         <path>.\f2803x_common\source\</path>
         <kind>object</kind>
         <file>bootloader.obj</file>
         <name>bootloader.obj</name>
      </input_file>
      <input_file id="fl-20">
         <path>.\f2803x_common\source\</path>
         <kind>object</kind>
         <file>esp8266.obj</file>
         <name>esp8266.obj</name>
      </input_file>
      <input_file id="fl-2b">
         <kind>object</kind>
         <file>&lt;internal&gt;</file>
         <name>&lt;internal&gt;</name>
      </input_file>
      <input_file id="fl-2c">
         <path>..\</path>
         <kind>archive</kind>
         <file>2803x_FlashAPI_BootROMSymbols.lib</file>
         <name>__Release_TMS320x2803x_boot_rom_out__Flash2803x_Erase_tmp.obj</name>
      </input_file>
      <input_file id="fl-2d">
         <path>..\</path>
         <kind>archive</kind>
         <file>2803x_FlashAPI_BootROMSymbols.lib</file>
         <name>__Release_TMS320x2803x_boot_rom_out__Flash2803x_Program_tmp.obj</name>
      </input_file>
      <input_file id="fl-2e">
         <path>..\</path>
         <kind>archive</kind>
         <file>2803x_FlashAPI_BootROMSymbols.lib</file>
         <name>__Release_TMS320x2803x_boot_rom_out__Flash2803x_Verify_tmp.obj</name>
      </input_file>
      <input_file id="fl-2f">
         <path>C:\ti\ccs1020\ccs\tools\compiler\ti-cgt-c2000_20.2.2.LTS\lib\</path>
         <kind>archive</kind>
         <file>rts2800_ml.lib</file>
         <name>printf.c.obj</name>
      </input_file>
      <input_file id="fl-30">
         <path>C:\ti\ccs1020\ccs\tools\compiler\ti-cgt-c2000_20.2.2.LTS\lib\</path>
         <kind>archive</kind>
         <file>rts2800_ml.lib</file>
         <name>_printfi.c.obj</name>
      </input_file>
      <input_file id="fl-31">
         <path>C:\ti\ccs1020\ccs\tools\compiler\ti-cgt-c2000_20.2.2.LTS\lib\</path>
         <kind>archive</kind>
         <file>rts2800_ml.lib</file>
         <name>fputc.c.obj</name>
      </input_file>
      <input_file id="fl-32">
         <path>C:\ti\ccs1020\ccs\tools\compiler\ti-cgt-c2000_20.2.2.LTS\lib\</path>
         <kind>archive</kind>
         <file>rts2800_ml.lib</file>
         <name>fputs.c.obj</name>
      </input_file>
      <input_file id="fl-33">
         <path>C:\ti\ccs1020\ccs\tools\compiler\ti-cgt-c2000_20.2.2.LTS\lib\</path>
         <kind>archive</kind>
         <file>rts2800_ml.lib</file>
         <name>_io_perm.c.obj</name>
      </input_file>
      <input_file id="fl-34">
         <path>C:\ti\ccs1020\ccs\tools\compiler\ti-cgt-c2000_20.2.2.LTS\lib\</path>
         <kind>archive</kind>
         <file>rts2800_ml.lib</file>
         <name>setvbuf.c.obj</name>
      </input_file>
      <input_file id="fl-35">
         <path>C:\ti\ccs1020\ccs\tools\compiler\ti-cgt-c2000_20.2.2.LTS\lib\</path>
         <kind>archive</kind>
         <file>rts2800_ml.lib</file>
         <name>boot28.asm.obj</name>
      </input_file>
      <input_file id="fl-36">
         <path>C:\ti\ccs1020\ccs\tools\compiler\ti-cgt-c2000_20.2.2.LTS\lib\</path>
         <kind>archive</kind>
         <file>rts2800_ml.lib</file>
         <name>fd_cmp28.asm.obj</name>
      </input_file>
      <input_file id="fl-37">
         <path>C:\ti\ccs1020\ccs\tools\compiler\ti-cgt-c2000_20.2.2.LTS\lib\</path>
         <kind>archive</kind>
         <file>rts2800_ml.lib</file>
         <name>fd_mpy28.asm.obj</name>
      </input_file>
      <input_file id="fl-38">
         <path>C:\ti\ccs1020\ccs\tools\compiler\ti-cgt-c2000_20.2.2.LTS\lib\</path>
         <kind>archive</kind>
         <file>rts2800_ml.lib</file>
         <name>fd_neg28.asm.obj</name>
      </input_file>
      <input_file id="fl-39">
         <path>C:\ti\ccs1020\ccs\tools\compiler\ti-cgt-c2000_20.2.2.LTS\lib\</path>
         <kind>archive</kind>
         <file>rts2800_ml.lib</file>
         <name>fd_sub28.asm.obj</name>
      </input_file>
      <input_file id="fl-3a">
         <path>C:\ti\ccs1020\ccs\tools\compiler\ti-cgt-c2000_20.2.2.LTS\lib\</path>
         <kind>archive</kind>
         <file>rts2800_ml.lib</file>
         <name>fd_toi28.asm.obj</name>
      </input_file>
      <input_file id="fl-3b">
         <path>C:\ti\ccs1020\ccs\tools\compiler\ti-cgt-c2000_20.2.2.LTS\lib\</path>
         <kind>archive</kind>
         <file>rts2800_ml.lib</file>
         <name>fd_tol28.asm.obj</name>
      </input_file>
      <input_file id="fl-3c">
         <path>C:\ti\ccs1020\ccs\tools\compiler\ti-cgt-c2000_20.2.2.LTS\lib\</path>
         <kind>archive</kind>
         <file>rts2800_ml.lib</file>
         <name>fs_mpy28.asm.obj</name>
      </input_file>
      <input_file id="fl-3d">
         <path>C:\ti\ccs1020\ccs\tools\compiler\ti-cgt-c2000_20.2.2.LTS\lib\</path>
         <kind>archive</kind>
         <file>rts2800_ml.lib</file>
         <name>fs_tol28.asm.obj</name>
      </input_file>
      <input_file id="fl-3e">
         <path>C:\ti\ccs1020\ccs\tools\compiler\ti-cgt-c2000_20.2.2.LTS\lib\</path>
         <kind>archive</kind>
         <file>rts2800_ml.lib</file>
         <name>ll_aox28.asm.obj</name>
      </input_file>
      <input_file id="fl-3f">
         <path>C:\ti\ccs1020\ccs\tools\compiler\ti-cgt-c2000_20.2.2.LTS\lib\</path>
         <kind>archive</kind>
         <file>rts2800_ml.lib</file>
         <name>ll_cmp28.asm.obj</name>
      </input_file>
      <input_file id="fl-40">
         <path>C:\ti\ccs1020\ccs\tools\compiler\ti-cgt-c2000_20.2.2.LTS\lib\</path>
         <kind>archive</kind>
         <file>rts2800_ml.lib</file>
         <name>ll_div28.asm.obj</name>
      </input_file>
      <input_file id="fl-41">
         <path>C:\ti\ccs1020\ccs\tools\compiler\ti-cgt-c2000_20.2.2.LTS\lib\</path>
         <kind>archive</kind>
         <file>rts2800_ml.lib</file>
         <name>i_tofd28.asm.obj</name>
      </input_file>
      <input_file id="fl-42">
         <path>C:\ti\ccs1020\ccs\tools\compiler\ti-cgt-c2000_20.2.2.LTS\lib\</path>
         <kind>archive</kind>
         <file>rts2800_ml.lib</file>
         <name>l_tofd28.asm.obj</name>
      </input_file>
      <input_file id="fl-43">
         <path>C:\ti\ccs1020\ccs\tools\compiler\ti-cgt-c2000_20.2.2.LTS\lib\</path>
         <kind>archive</kind>
         <file>rts2800_ml.lib</file>
         <name>fs_tofd28.asm.obj</name>
      </input_file>
      <input_file id="fl-44">
         <path>C:\ti\ccs1020\ccs\tools\compiler\ti-cgt-c2000_20.2.2.LTS\lib\</path>
         <kind>archive</kind>
         <file>rts2800_ml.lib</file>
         <name>fd_div28.asm.obj</name>
      </input_file>
      <input_file id="fl-45">
         <path>C:\ti\ccs1020\ccs\tools\compiler\ti-cgt-c2000_20.2.2.LTS\lib\</path>
         <kind>archive</kind>
         <file>rts2800_ml.lib</file>
         <name>cpy_tbl.c.obj</name>
      </input_file>
      <input_file id="fl-46">
         <path>C:\ti\ccs1020\ccs\tools\compiler\ti-cgt-c2000_20.2.2.LTS\lib\</path>
         <kind>archive</kind>
         <file>rts2800_ml.lib</file>
         <name>memcpy.c.obj</name>
      </input_file>
      <input_file id="fl-47">
         <path>C:\ti\ccs1020\ccs\tools\compiler\ti-cgt-c2000_20.2.2.LTS\lib\</path>
         <kind>archive</kind>
         <file>rts2800_ml.lib</file>
         <name>pre_init.c.obj</name>
      </input_file>
      <input_file id="fl-48">
         <path>C:\ti\ccs1020\ccs\tools\compiler\ti-cgt-c2000_20.2.2.LTS\lib\</path>
         <kind>archive</kind>
         <file>rts2800_ml.lib</file>
         <name>startup.c.obj</name>
      </input_file>
      <input_file id="fl-49">
         <path>C:\ti\ccs1020\ccs\tools\compiler\ti-cgt-c2000_20.2.2.LTS\lib\</path>
         <kind>archive</kind>
         <file>rts2800_ml.lib</file>
         <name>exit.c.obj</name>
      </input_file>
      <input_file id="fl-4a">
         <path>C:\ti\ccs1020\ccs\tools\compiler\ti-cgt-c2000_20.2.2.LTS\lib\</path>
         <kind>archive</kind>
         <file>rts2800_ml.lib</file>
         <name>_lock.c.obj</name>
      </input_file>
      <input_file id="fl-4b">
         <path>C:\ti\ccs1020\ccs\tools\compiler\ti-cgt-c2000_20.2.2.LTS\lib\</path>
         <kind>archive</kind>
         <file>rts2800_ml.lib</file>
         <name>_ltoa.c.obj</name>
      </input_file>
      <input_file id="fl-4c">
         <path>C:\ti\ccs1020\ccs\tools\compiler\ti-cgt-c2000_20.2.2.LTS\lib\</path>
         <kind>archive</kind>
         <file>rts2800_ml.lib</file>
         <name>args_main.c.obj</name>
      </input_file>
      <input_file id="fl-4d">
         <path>C:\ti\ccs1020\ccs\tools\compiler\ti-cgt-c2000_20.2.2.LTS\lib\</path>
         <kind>archive</kind>
         <file>rts2800_ml.lib</file>
         <name>atoi.c.obj</name>
      </input_file>
      <input_file id="fl-4e">
         <path>C:\ti\ccs1020\ccs\tools\compiler\ti-cgt-c2000_20.2.2.LTS\lib\</path>
         <kind>archive</kind>
         <file>rts2800_ml.lib</file>
         <name>ctype.c.obj</name>
      </input_file>
      <input_file id="fl-4f">
         <path>C:\ti\ccs1020\ccs\tools\compiler\ti-cgt-c2000_20.2.2.LTS\lib\</path>
         <kind>archive</kind>
         <file>rts2800_ml.lib</file>
         <name>defs.c.obj</name>
      </input_file>
      <input_file id="fl-50">
         <path>C:\ti\ccs1020\ccs\tools\compiler\ti-cgt-c2000_20.2.2.LTS\lib\</path>
         <kind>archive</kind>
         <file>rts2800_ml.lib</file>
         <name>memccpy.c.obj</name>
      </input_file>
      <input_file id="fl-51">
         <path>C:\ti\ccs1020\ccs\tools\compiler\ti-cgt-c2000_20.2.2.LTS\lib\</path>
         <kind>archive</kind>
         <file>rts2800_ml.lib</file>
         <name>memchr.c.obj</name>
      </input_file>
      <input_file id="fl-52">
         <path>C:\ti\ccs1020\ccs\tools\compiler\ti-cgt-c2000_20.2.2.LTS\lib\</path>
         <kind>archive</kind>
         <file>rts2800_ml.lib</file>
         <name>memory.c.obj</name>
      </input_file>
      <input_file id="fl-53">
         <path>C:\ti\ccs1020\ccs\tools\compiler\ti-cgt-c2000_20.2.2.LTS\lib\</path>
         <kind>archive</kind>
         <file>rts2800_ml.lib</file>
         <name>memset.c.obj</name>
      </input_file>
      <input_file id="fl-54">
         <path>C:\ti\ccs1020\ccs\tools\compiler\ti-cgt-c2000_20.2.2.LTS\lib\</path>
         <kind>archive</kind>
         <file>rts2800_ml.lib</file>
         <name>strchr.c.obj</name>
      </input_file>
      <input_file id="fl-55">
         <path>C:\ti\ccs1020\ccs\tools\compiler\ti-cgt-c2000_20.2.2.LTS\lib\</path>
         <kind>archive</kind>
         <file>rts2800_ml.lib</file>
         <name>strcpy.c.obj</name>
      </input_file>
      <input_file id="fl-56">
         <path>C:\ti\ccs1020\ccs\tools\compiler\ti-cgt-c2000_20.2.2.LTS\lib\</path>
         <kind>archive</kind>
         <file>rts2800_ml.lib</file>
         <name>strlen.c.obj</name>
      </input_file>
      <input_file id="fl-57">
         <path>C:\ti\ccs1020\ccs\tools\compiler\ti-cgt-c2000_20.2.2.LTS\lib\</path>
         <kind>archive</kind>
         <file>rts2800_ml.lib</file>
         <name>strncmp.c.obj</name>
      </input_file>
      <input_file id="fl-58">
         <path>C:\ti\ccs1020\ccs\tools\compiler\ti-cgt-c2000_20.2.2.LTS\lib\</path>
         <kind>archive</kind>
         <file>rts2800_ml.lib</file>
         <name>strncpy.c.obj</name>
      </input_file>
      <input_file id="fl-59">
         <path>C:\ti\ccs1020\ccs\tools\compiler\ti-cgt-c2000_20.2.2.LTS\lib\</path>
         <kind>archive</kind>
         <file>rts2800_ml.lib</file>
         <name>write.c.obj</name>
      </input_file>
      <input_file id="fl-5a">
         <path>C:\ti\ccs1020\ccs\tools\compiler\ti-cgt-c2000_20.2.2.LTS\lib\</path>
         <kind>archive</kind>
         <file>rts2800_ml.lib</file>
         <name>host_device.c.obj</name>
      </input_file>
      <input_file id="fl-5b">
         <path>C:\ti\ccs1020\ccs\tools\compiler\ti-cgt-c2000_20.2.2.LTS\lib\</path>
         <kind>archive</kind>
         <file>rts2800_ml.lib</file>
         <name>s_frexp.c.obj</name>
      </input_file>
      <input_file id="fl-5c">
         <path>C:\ti\ccs1020\ccs\tools\compiler\ti-cgt-c2000_20.2.2.LTS\lib\</path>
         <kind>archive</kind>
         <file>rts2800_ml.lib</file>
         <name>s_scalbn.c.obj</name>
      </input_file>
      <input_file id="fl-5d">
         <path>C:\ti\ccs1020\ccs\tools\compiler\ti-cgt-c2000_20.2.2.LTS\lib\</path>
         <kind>archive</kind>
         <file>rts2800_ml.lib</file>
         <name>wcslen.c.obj</name>
      </input_file>
      <input_file id="fl-5e">
         <path>C:\ti\ccs1020\ccs\tools\compiler\ti-cgt-c2000_20.2.2.LTS\lib\</path>
         <kind>archive</kind>
         <file>rts2800_ml.lib</file>
         <name>s_copysign.c.obj</name>
      </input_file>
      <input_file id="fl-5f">
         <path>C:\ti\ccs1020\ccs\tools\compiler\ti-cgt-c2000_20.2.2.LTS\lib\</path>
         <kind>archive</kind>
         <file>rts2800_ml.lib</file>
         <name>fflush.c.obj</name>
      </input_file>
      <input_file id="fl-60">
         <path>C:\ti\ccs1020\ccs\tools\compiler\ti-cgt-c2000_20.2.2.LTS\lib\</path>
         <kind>archive</kind>
         <file>rts2800_ml.lib</file>
         <name>fopen.c.obj</name>
      </input_file>
      <input_file id="fl-61">
         <path>C:\ti\ccs1020\ccs\tools\compiler\ti-cgt-c2000_20.2.2.LTS\lib\</path>
         <kind>archive</kind>
         <file>rts2800_ml.lib</file>
         <name>fseek.c.obj</name>
      </input_file>
      <input_file id="fl-62">
         <path>C:\ti\ccs1020\ccs\tools\compiler\ti-cgt-c2000_20.2.2.LTS\lib\</path>
         <kind>archive</kind>
         <file>rts2800_ml.lib</file>
         <name>fd_add28.asm.obj</name>
      </input_file>
      <input_file id="fl-63">
         <path>C:\ti\ccs1020\ccs\tools\compiler\ti-cgt-c2000_20.2.2.LTS\lib\</path>
         <kind>archive</kind>
         <file>rts2800_ml.lib</file>
         <name>l_div28.asm.obj</name>
      </input_file>
      <input_file id="fl-64">
         <path>C:\ti\ccs1020\ccs\tools\compiler\ti-cgt-c2000_20.2.2.LTS\lib\</path>
         <kind>archive</kind>
         <file>rts2800_ml.lib</file>
         <name>hostclose.c.obj</name>
      </input_file>
      <input_file id="fl-65">
         <path>C:\ti\ccs1020\ccs\tools\compiler\ti-cgt-c2000_20.2.2.LTS\lib\</path>
         <kind>archive</kind>
         <file>rts2800_ml.lib</file>
         <name>hostlseek.c.obj</name>
      </input_file>
      <input_file id="fl-66">
         <path>C:\ti\ccs1020\ccs\tools\compiler\ti-cgt-c2000_20.2.2.LTS\lib\</path>
         <kind>archive</kind>
         <file>rts2800_ml.lib</file>
         <name>hostopen.c.obj</name>
      </input_file>
      <input_file id="fl-67">
         <path>C:\ti\ccs1020\ccs\tools\compiler\ti-cgt-c2000_20.2.2.LTS\lib\</path>
         <kind>archive</kind>
         <file>rts2800_ml.lib</file>
         <name>hostread.c.obj</name>
      </input_file>
      <input_file id="fl-68">
         <path>C:\ti\ccs1020\ccs\tools\compiler\ti-cgt-c2000_20.2.2.LTS\lib\</path>
         <kind>archive</kind>
         <file>rts2800_ml.lib</file>
         <name>hostrename.c.obj</name>
      </input_file>
      <input_file id="fl-69">
         <path>C:\ti\ccs1020\ccs\tools\compiler\ti-cgt-c2000_20.2.2.LTS\lib\</path>
         <kind>archive</kind>
         <file>rts2800_ml.lib</file>
         <name>hostunlink.c.obj</name>
      </input_file>
      <input_file id="fl-6a">
         <path>C:\ti\ccs1020\ccs\tools\compiler\ti-cgt-c2000_20.2.2.LTS\lib\</path>
         <kind>archive</kind>
         <file>rts2800_ml.lib</file>
         <name>hostwrite.c.obj</name>
      </input_file>
      <input_file id="fl-6b">
         <path>C:\ti\ccs1020\ccs\tools\compiler\ti-cgt-c2000_20.2.2.LTS\lib\</path>
         <kind>archive</kind>
         <file>rts2800_ml.lib</file>
         <name>trgmsg.c.obj</name>
      </input_file>
      <input_file id="fl-6c">
         <path>C:\ti\ccs1020\ccs\tools\compiler\ti-cgt-c2000_20.2.2.LTS\lib\</path>
         <kind>archive</kind>
         <file>rts2800_ml.lib</file>
         <name>open.c.obj</name>
      </input_file>
      <input_file id="fl-6d">
         <path>C:\ti\ccs1020\ccs\tools\compiler\ti-cgt-c2000_20.2.2.LTS\lib\</path>
         <kind>archive</kind>
         <file>rts2800_ml.lib</file>
         <name>lseek.c.obj</name>
      </input_file>
      <input_file id="fl-6e">
         <path>C:\ti\ccs1020\ccs\tools\compiler\ti-cgt-c2000_20.2.2.LTS\lib\</path>
         <kind>archive</kind>
         <file>rts2800_ml.lib</file>
         <name>errno.c.obj</name>
      </input_file>
      <input_file id="fl-6f">
         <path>C:\ti\ccs1020\ccs\tools\compiler\ti-cgt-c2000_20.2.2.LTS\lib\</path>
         <kind>archive</kind>
         <file>rts2800_ml.lib</file>
         <name>fclose.c.obj</name>
      </input_file>
      <input_file id="fl-70">
         <path>C:\ti\ccs1020\ccs\tools\compiler\ti-cgt-c2000_20.2.2.LTS\lib\</path>
         <kind>archive</kind>
         <file>rts2800_ml.lib</file>
         <name>getdevice.c.obj</name>
      </input_file>
      <input_file id="fl-71">
         <path>C:\ti\ccs1020\ccs\tools\compiler\ti-cgt-c2000_20.2.2.LTS\lib\</path>
         <kind>archive</kind>
         <file>rts2800_ml.lib</file>
         <name>strcmp.c.obj</name>
      </input_file>
      <input_file id="fl-72">
         <path>C:\ti\ccs1020\ccs\tools\compiler\ti-cgt-c2000_20.2.2.LTS\lib\</path>
         <kind>archive</kind>
         <file>rts2800_ml.lib</file>
         <name>remove.c.obj</name>
      </input_file>
      <input_file id="fl-73">
         <path>C:\ti\ccs1020\ccs\tools\compiler\ti-cgt-c2000_20.2.2.LTS\lib\</path>
         <kind>archive</kind>
         <file>rts2800_ml.lib</file>
         <name>close.c.obj</name>
      </input_file>
      <input_file id="fl-74">
         <path>C:\ti\ccs1020\ccs\tools\compiler\ti-cgt-c2000_20.2.2.LTS\lib\</path>
         <kind>archive</kind>
         <file>rts2800_ml.lib</file>
         <name>unlink.c.obj</name>
      </input_file>
   </input_file_list>
   <object_component_list>
      <object_component id="oc-79">
         <name>PieVectTableFile</name>
         <uninitialized>true</uninitialized>
         <run_address>0xd00</run_address>
         <size>0x100</size>
         <input_file_ref idref="fl-2"/>
      </object_component>
      <object_component id="oc-4b">
         <name>EmuKeyVar</name>
         <uninitialized>true</uninitialized>
         <run_address>0xd00</run_address>
         <size>0x1</size>
         <input_file_ref idref="fl-2"/>
      </object_component>
      <object_component id="oc-4c">
         <name>EmuBModeVar</name>
         <uninitialized>true</uninitialized>
         <run_address>0xd01</run_address>
         <size>0x1</size>
         <input_file_ref idref="fl-2"/>
      </object_component>
      <object_component id="oc-4e">
         <name>FlashCallbackVar</name>
         <uninitialized>true</uninitialized>
         <run_address>0xd02</run_address>
         <size>0x2</size>
         <input_file_ref idref="fl-2"/>
      </object_component>
      <object_component id="oc-4d">
         <name>FlashScalingVar</name>
         <uninitialized>true</uninitialized>
         <run_address>0xd04</run_address>
         <size>0x2</size>
         <input_file_ref idref="fl-2"/>
      </object_component>
      <object_component id="oc-50">
         <name>DevEmuRegsFile</name>
         <uninitialized>true</uninitialized>
         <run_address>0x880</run_address>
         <size>0x4</size>
         <input_file_ref idref="fl-2"/>
      </object_component>
      <object_component id="oc-4f">
         <name>SysPwrCtrlRegsFile</name>
         <uninitialized>true</uninitialized>
         <run_address>0x985</run_address>
         <size>0x3</size>
         <input_file_ref idref="fl-2"/>
      </object_component>
      <object_component id="oc-55">
         <name>FlashRegsFile</name>
         <uninitialized>true</uninitialized>
         <run_address>0xa80</run_address>
         <size>0x8</size>
         <input_file_ref idref="fl-2"/>
      </object_component>
      <object_component id="oc-57">
         <name>CsmRegsFile</name>
         <uninitialized>true</uninitialized>
         <run_address>0xae0</run_address>
         <size>0x10</size>
         <input_file_ref idref="fl-2"/>
      </object_component>
      <object_component id="oc-61">
         <name>AdcResultFile</name>
         <uninitialized>true</uninitialized>
         <run_address>0xb00</run_address>
         <size>0x20</size>
         <input_file_ref idref="fl-2"/>
      </object_component>
      <object_component id="oc-51">
         <name>CpuTimer0RegsFile</name>
         <uninitialized>true</uninitialized>
         <run_address>0xc00</run_address>
         <size>0x8</size>
         <input_file_ref idref="fl-2"/>
      </object_component>
      <object_component id="oc-52">
         <name>CpuTimer1RegsFile</name>
         <uninitialized>true</uninitialized>
         <run_address>0xc08</run_address>
         <size>0x8</size>
         <input_file_ref idref="fl-2"/>
      </object_component>
      <object_component id="oc-53">
         <name>CpuTimer2RegsFile</name>
         <uninitialized>true</uninitialized>
         <run_address>0xc10</run_address>
         <size>0x8</size>
         <input_file_ref idref="fl-2"/>
      </object_component>
      <object_component id="oc-60">
         <name>PieCtrlRegsFile</name>
         <uninitialized>true</uninitialized>
         <run_address>0xce0</run_address>
         <size>0x1a</size>
         <input_file_ref idref="fl-2"/>
      </object_component>
      <object_component id="oc-6c">
         <name>Cla1RegsFile</name>
         <uninitialized>true</uninitialized>
         <run_address>0x1400</run_address>
         <size>0x40</size>
         <input_file_ref idref="fl-2"/>
      </object_component>
      <object_component id="oc-68">
         <name>ECanaRegsFile</name>
         <uninitialized>true</uninitialized>
         <run_address>0x6000</run_address>
         <size>0x34</size>
         <input_file_ref idref="fl-2"/>
      </object_component>
      <object_component id="oc-69">
         <name>ECanaLAMRegsFile</name>
         <uninitialized>true</uninitialized>
         <run_address>0x6040</run_address>
         <size>0x40</size>
         <input_file_ref idref="fl-2"/>
      </object_component>
      <object_component id="oc-78">
         <name>ECanaMboxesFile</name>
         <uninitialized>true</uninitialized>
         <run_address>0x6100</run_address>
         <size>0x100</size>
         <input_file_ref idref="fl-2"/>
      </object_component>
      <object_component id="oc-6a">
         <name>ECanaMOTSRegsFile</name>
         <uninitialized>true</uninitialized>
         <run_address>0x6080</run_address>
         <size>0x40</size>
         <input_file_ref idref="fl-2"/>
      </object_component>
      <object_component id="oc-6b">
         <name>ECanaMOTORegsFile</name>
         <uninitialized>true</uninitialized>
         <run_address>0x60c0</run_address>
         <size>0x40</size>
         <input_file_ref idref="fl-2"/>
      </object_component>
      <object_component id="oc-62">
         <name>ECap1RegsFile</name>
         <uninitialized>true</uninitialized>
         <run_address>0x6a00</run_address>
         <size>0x20</size>
         <input_file_ref idref="fl-2"/>
      </object_component>
      <object_component id="oc-64">
         <name>HRCap1RegsFile</name>
         <uninitialized>true</uninitialized>
         <run_address>0x6ac0</run_address>
         <size>0x20</size>
         <input_file_ref idref="fl-2"/>
      </object_component>
      <object_component id="oc-65">
         <name>HRCap2RegsFile</name>
         <uninitialized>true</uninitialized>
         <run_address>0x6ae0</run_address>
         <size>0x20</size>
         <input_file_ref idref="fl-2"/>
      </object_component>
      <object_component id="oc-74">
         <name>EQep1RegsFile</name>
         <uninitialized>true</uninitialized>
         <run_address>0x6b00</run_address>
         <size>0x40</size>
         <input_file_ref idref="fl-2"/>
      </object_component>
      <object_component id="oc-76">
         <name>LinaRegsFile</name>
         <uninitialized>true</uninitialized>
         <run_address>0x6c00</run_address>
         <size>0x4a</size>
         <input_file_ref idref="fl-2"/>
      </object_component>
      <object_component id="oc-75">
         <name>GpioCtrlRegsFile</name>
         <uninitialized>true</uninitialized>
         <run_address>0x6f80</run_address>
         <size>0x40</size>
         <input_file_ref idref="fl-2"/>
      </object_component>
      <object_component id="oc-63">
         <name>GpioDataRegsFile</name>
         <uninitialized>true</uninitialized>
         <run_address>0x6fc0</run_address>
         <size>0x20</size>
         <input_file_ref idref="fl-2"/>
      </object_component>
      <object_component id="oc-56">
         <name>GpioIntRegsFile</name>
         <uninitialized>true</uninitialized>
         <run_address>0x6fe0</run_address>
         <size>0xc</size>
         <input_file_ref idref="fl-2"/>
      </object_component>
      <object_component id="oc-66">
         <name>SysCtrlRegsFile</name>
         <uninitialized>true</uninitialized>
         <run_address>0x7010</run_address>
         <size>0x20</size>
         <input_file_ref idref="fl-2"/>
      </object_component>
      <object_component id="oc-5a">
         <name>SpiaRegsFile</name>
         <uninitialized>true</uninitialized>
         <run_address>0x7040</run_address>
         <size>0x10</size>
         <input_file_ref idref="fl-2"/>
      </object_component>
      <object_component id="oc-5b">
         <name>SpibRegsFile</name>
         <uninitialized>true</uninitialized>
         <run_address>0x7740</run_address>
         <size>0x10</size>
         <input_file_ref idref="fl-2"/>
      </object_component>
      <object_component id="oc-59">
         <name>SciaRegsFile</name>
         <uninitialized>true</uninitialized>
         <run_address>0x7050</run_address>
         <size>0x10</size>
         <input_file_ref idref="fl-2"/>
      </object_component>
      <object_component id="oc-58">
         <name>NmiIntruptRegsFile</name>
         <uninitialized>true</uninitialized>
         <run_address>0x7060</run_address>
         <size>0x10</size>
         <input_file_ref idref="fl-2"/>
      </object_component>
      <object_component id="oc-5c">
         <name>XIntruptRegsFile</name>
         <uninitialized>true</uninitialized>
         <run_address>0x7070</run_address>
         <size>0x10</size>
         <input_file_ref idref="fl-2"/>
      </object_component>
      <object_component id="oc-77">
         <name>AdcRegsFile</name>
         <uninitialized>true</uninitialized>
         <run_address>0x7100</run_address>
         <size>0x50</size>
         <input_file_ref idref="fl-2"/>
      </object_component>
      <object_component id="oc-67">
         <name>I2caRegsFile</name>
         <uninitialized>true</uninitialized>
         <run_address>0x7900</run_address>
         <size>0x22</size>
         <input_file_ref idref="fl-2"/>
      </object_component>
      <object_component id="oc-5d">
         <name>Comp1RegsFile</name>
         <uninitialized>true</uninitialized>
         <run_address>0x6400</run_address>
         <size>0x14</size>
         <input_file_ref idref="fl-2"/>
      </object_component>
      <object_component id="oc-5e">
         <name>Comp2RegsFile</name>
         <uninitialized>true</uninitialized>
         <run_address>0x6420</run_address>
         <size>0x14</size>
         <input_file_ref idref="fl-2"/>
      </object_component>
      <object_component id="oc-5f">
         <name>Comp3RegsFile</name>
         <uninitialized>true</uninitialized>
         <run_address>0x6440</run_address>
         <size>0x14</size>
         <input_file_ref idref="fl-2"/>
      </object_component>
      <object_component id="oc-6d">
         <name>EPwm1RegsFile</name>
         <uninitialized>true</uninitialized>
         <run_address>0x6800</run_address>
         <size>0x40</size>
         <input_file_ref idref="fl-2"/>
      </object_component>
      <object_component id="oc-6e">
         <name>EPwm2RegsFile</name>
         <uninitialized>true</uninitialized>
         <run_address>0x6840</run_address>
         <size>0x40</size>
         <input_file_ref idref="fl-2"/>
      </object_component>
      <object_component id="oc-6f">
         <name>EPwm3RegsFile</name>
         <uninitialized>true</uninitialized>
         <run_address>0x6880</run_address>
         <size>0x40</size>
         <input_file_ref idref="fl-2"/>
      </object_component>
      <object_component id="oc-70">
         <name>EPwm4RegsFile</name>
         <uninitialized>true</uninitialized>
         <run_address>0x68c0</run_address>
         <size>0x40</size>
         <input_file_ref idref="fl-2"/>
      </object_component>
      <object_component id="oc-71">
         <name>EPwm5RegsFile</name>
         <uninitialized>true</uninitialized>
         <run_address>0x6900</run_address>
         <size>0x40</size>
         <input_file_ref idref="fl-2"/>
      </object_component>
      <object_component id="oc-72">
         <name>EPwm6RegsFile</name>
         <uninitialized>true</uninitialized>
         <run_address>0x6940</run_address>
         <size>0x40</size>
         <input_file_ref idref="fl-2"/>
      </object_component>
      <object_component id="oc-73">
         <name>EPwm7RegsFile</name>
         <uninitialized>true</uninitialized>
         <run_address>0x6980</run_address>
         <size>0x40</size>
         <input_file_ref idref="fl-2"/>
      </object_component>
      <object_component id="oc-54">
         <name>CsmPwlFile</name>
         <uninitialized>true</uninitialized>
         <run_address>0x3f7ff8</run_address>
         <size>0x8</size>
         <input_file_ref idref="fl-2"/>
      </object_component>
      <object_component id="oc-4a">
         <name>PartIdRegsFile</name>
         <uninitialized>true</uninitialized>
         <run_address>0x3d7e80</run_address>
         <size>0x1</size>
         <input_file_ref idref="fl-2"/>
      </object_component>
      <object_component id="oc-29a">
         <name>.cinit:__ftable</name>
         <load_address>0x3f735c</load_address>
         <run_address>0x3f735c</run_address>
         <size>0x26</size>
         <input_file_ref idref="fl-4f"/>
      </object_component>
      <object_component id="oc-2b5">
         <name>.cinit:__device</name>
         <load_address>0x3f7382</load_address>
         <run_address>0x3f7382</run_address>
         <size>0x1b</size>
         <input_file_ref idref="fl-5a"/>
      </object_component>
      <object_component id="oc-2ae">
         <name>.cinit:__stream</name>
         <load_address>0x3f739d</load_address>
         <run_address>0x3f739d</run_address>
         <size>0xe</size>
         <input_file_ref idref="fl-5a"/>
      </object_component>
      <object_component id="oc-1a2">
         <name>.cinit</name>
         <load_address>0x3f73ab</load_address>
         <run_address>0x3f73ab</run_address>
         <size>0xe</size>
         <input_file_ref idref="fl-49"/>
      </object_component>
      <object_component id="oc-8d">
         <name>.cinit</name>
         <load_address>0x3f73b9</load_address>
         <run_address>0x3f73b9</run_address>
         <size>0xc</size>
         <input_file_ref idref="fl-6"/>
      </object_component>
      <object_component id="oc-289">
         <name>.cinit:__lock</name>
         <load_address>0x3f73c5</load_address>
         <run_address>0x3f73c5</run_address>
         <size>0x5</size>
         <input_file_ref idref="fl-4a"/>
      </object_component>
      <object_component id="oc-296">
         <name>.cinit:__unlock</name>
         <load_address>0x3f73ca</load_address>
         <run_address>0x3f73ca</run_address>
         <size>0x5</size>
         <input_file_ref idref="fl-4a"/>
      </object_component>
      <object_component id="oc-1bf">
         <name>.cinit</name>
         <load_address>0x3f73cf</load_address>
         <run_address>0x3f73cf</run_address>
         <size>0x4</size>
         <input_file_ref idref="fl-4f"/>
      </object_component>
      <object_component id="oc-260">
         <name>.cinit</name>
         <load_address>0x3f73d3</load_address>
         <run_address>0x3f73d3</run_address>
         <size>0x4</size>
         <input_file_ref idref="fl-6e"/>
      </object_component>
      <object_component id="oc-215">
         <name>.cinit</name>
         <load_address>0x3f73d7</load_address>
         <run_address>0x3f73d7</run_address>
         <size>0x4</size>
         <input_file_ref idref="fl-60"/>
      </object_component>
      <object_component id="oc-1cd">
         <name>.cinit</name>
         <load_address>0x3f73db</load_address>
         <run_address>0x3f73db</run_address>
         <size>0x4</size>
         <input_file_ref idref="fl-52"/>
      </object_component>
      <object_component id="oc-254">
         <name>.cinit</name>
         <load_address>0x3f73df</load_address>
         <run_address>0x3f73df</run_address>
         <size>0x4</size>
         <input_file_ref idref="fl-6c"/>
      </object_component>
      <object_component id="oc-29c">
         <name>.text</name>
         <load_address>0x3f2000</load_address>
         <run_address>0x3f2000</run_address>
         <size>0xc98</size>
         <input_file_ref idref="fl-30"/>
      </object_component>
      <object_component id="oc-286">
         <name>.text</name>
         <load_address>0x3f2c98</load_address>
         <run_address>0x3f2c98</run_address>
         <size>0x496</size>
         <input_file_ref idref="fl-6"/>
      </object_component>
      <object_component id="oc-2b2">
         <name>.text</name>
         <load_address>0x3f312e</load_address>
         <run_address>0x3f312e</run_address>
         <size>0x289</size>
         <input_file_ref idref="fl-52"/>
      </object_component>
      <object_component id="oc-b3">
         <name>.text:retain</name>
         <load_address>0x3f33b7</load_address>
         <run_address>0x3f33b7</run_address>
         <size>0x17c</size>
         <input_file_ref idref="fl-d"/>
      </object_component>
      <object_component id="oc-28e">
         <name>.text</name>
         <load_address>0x3f3533</load_address>
         <run_address>0x3f3533</run_address>
         <size>0x156</size>
         <input_file_ref idref="fl-1c"/>
      </object_component>
      <object_component id="oc-28c">
         <name>.text</name>
         <load_address>0x3f3689</load_address>
         <run_address>0x3f3689</run_address>
         <size>0x13c</size>
         <input_file_ref idref="fl-5"/>
      </object_component>
      <object_component id="oc-2b3">
         <name>.text</name>
         <load_address>0x3f37c5</load_address>
         <run_address>0x3f37c5</run_address>
         <size>0x11f</size>
         <input_file_ref idref="fl-60"/>
      </object_component>
      <object_component id="oc-174">
         <name>.text</name>
         <load_address>0x3f38e4</load_address>
         <run_address>0x3f38e4</run_address>
         <size>0x107</size>
         <input_file_ref idref="fl-40"/>
      </object_component>
      <object_component id="oc-28b">
         <name>.text</name>
         <load_address>0x3f39eb</load_address>
         <run_address>0x3f39eb</run_address>
         <size>0xe7</size>
         <input_file_ref idref="fl-3"/>
      </object_component>
      <object_component id="oc-2a5">
         <name>.text</name>
         <load_address>0x3f3ad2</load_address>
         <run_address>0x3f3ad2</run_address>
         <size>0xac</size>
         <input_file_ref idref="fl-5c"/>
      </object_component>
      <object_component id="oc-298">
         <name>.text</name>
         <load_address>0x3f3b7e</load_address>
         <run_address>0x3f3b7e</run_address>
         <size>0xa3</size>
         <input_file_ref idref="fl-32"/>
      </object_component>
      <object_component id="oc-220">
         <name>.text</name>
         <load_address>0x3f3c21</load_address>
         <run_address>0x3f3c21</run_address>
         <size>0x9c</size>
         <input_file_ref idref="fl-62"/>
      </object_component>
      <object_component id="oc-2c4">
         <name>.text</name>
         <load_address>0x3f3cbd</load_address>
         <run_address>0x3f3cbd</run_address>
         <size>0x94</size>
         <input_file_ref idref="fl-6b"/>
      </object_component>
      <object_component id="oc-188">
         <name>.text</name>
         <load_address>0x3f3d51</load_address>
         <run_address>0x3f3d51</run_address>
         <size>0x8b</size>
         <input_file_ref idref="fl-44"/>
      </object_component>
      <object_component id="oc-147">
         <name>.text</name>
         <load_address>0x3f3ddc</load_address>
         <run_address>0x3f3ddc</run_address>
         <size>0x83</size>
         <input_file_ref idref="fl-37"/>
      </object_component>
      <object_component id="oc-2ac">
         <name>.text</name>
         <load_address>0x3f3e5f</load_address>
         <run_address>0x3f3e5f</run_address>
         <size>0x79</size>
         <input_file_ref idref="fl-34"/>
      </object_component>
      <object_component id="oc-2b6">
         <name>.text</name>
         <load_address>0x3f3ed8</load_address>
         <run_address>0x3f3ed8</run_address>
         <size>0x6f</size>
         <input_file_ref idref="fl-6c"/>
      </object_component>
      <object_component id="oc-29e">
         <name>.text</name>
         <load_address>0x3f3f47</load_address>
         <run_address>0x3f3f47</run_address>
         <size>0x6b</size>
         <input_file_ref idref="fl-5f"/>
      </object_component>
      <object_component id="oc-29d">
         <name>.text</name>
         <load_address>0x3f3fb2</load_address>
         <run_address>0x3f3fb2</run_address>
         <size>0x67</size>
         <input_file_ref idref="fl-33"/>
      </object_component>
      <object_component id="oc-2bc">
         <name>.text</name>
         <load_address>0x3f4019</load_address>
         <run_address>0x3f4019</run_address>
         <size>0x5d</size>
         <input_file_ref idref="fl-65"/>
      </object_component>
      <object_component id="oc-2a4">
         <name>.text</name>
         <load_address>0x3f4076</load_address>
         <run_address>0x3f4076</run_address>
         <size>0x5c</size>
         <input_file_ref idref="fl-5b"/>
      </object_component>
      <object_component id="oc-2b7">
         <name>.text</name>
         <load_address>0x3f40d2</load_address>
         <run_address>0x3f40d2</run_address>
         <size>0x5b</size>
         <input_file_ref idref="fl-6f"/>
      </object_component>
      <object_component id="oc-160">
         <name>.text</name>
         <load_address>0x3f412d</load_address>
         <run_address>0x3f412d</run_address>
         <size>0x5a</size>
         <input_file_ref idref="fl-3c"/>
      </object_component>
      <object_component id="oc-45">
         <name>.text</name>
         <load_address>0x3f4187</load_address>
         <run_address>0x3f4187</run_address>
         <size>0x54</size>
         <input_file_ref idref="fl-35"/>
      </object_component>
      <object_component id="oc-2bf">
         <name>.text</name>
         <load_address>0x3f41db</load_address>
         <run_address>0x3f41db</run_address>
         <size>0x50</size>
         <input_file_ref idref="fl-70"/>
      </object_component>
      <object_component id="oc-297">
         <name>.text</name>
         <load_address>0x3f422b</load_address>
         <run_address>0x3f422b</run_address>
         <size>0x4f</size>
         <input_file_ref idref="fl-31"/>
      </object_component>
      <object_component id="oc-2be">
         <name>.text</name>
         <load_address>0x3f427a</load_address>
         <run_address>0x3f427a</run_address>
         <size>0x3f</size>
         <input_file_ref idref="fl-68"/>
      </object_component>
      <object_component id="oc-2ab">
         <name>.text</name>
         <load_address>0x3f42b9</load_address>
         <run_address>0x3f42b9</run_address>
         <size>0x3d</size>
         <input_file_ref idref="fl-61"/>
      </object_component>
      <object_component id="oc-2b8">
         <name>.text</name>
         <load_address>0x3f42f6</load_address>
         <run_address>0x3f42f6</run_address>
         <size>0x39</size>
         <input_file_ref idref="fl-66"/>
      </object_component>
      <object_component id="oc-2ba">
         <name>.text</name>
         <load_address>0x3f432f</load_address>
         <run_address>0x3f432f</run_address>
         <size>0x38</size>
         <input_file_ref idref="fl-67"/>
      </object_component>
      <object_component id="oc-2bb">
         <name>.text</name>
         <load_address>0x3f4367</load_address>
         <run_address>0x3f4367</run_address>
         <size>0x38</size>
         <input_file_ref idref="fl-6a"/>
      </object_component>
      <object_component id="oc-294">
         <name>.text</name>
         <load_address>0x3f439f</load_address>
         <run_address>0x3f439f</run_address>
         <size>0x34</size>
         <input_file_ref idref="fl-2f"/>
      </object_component>
      <object_component id="oc-2c0">
         <name>.text</name>
         <load_address>0x3f43d3</load_address>
         <run_address>0x3f43d3</run_address>
         <size>0x33</size>
         <input_file_ref idref="fl-73"/>
      </object_component>
      <object_component id="oc-2a2">
         <name>.text</name>
         <load_address>0x3f4406</load_address>
         <run_address>0x3f4406</run_address>
         <size>0x31</size>
         <input_file_ref idref="fl-4d"/>
      </object_component>
      <object_component id="oc-2a3">
         <name>.text</name>
         <load_address>0x3f4437</load_address>
         <run_address>0x3f4437</run_address>
         <size>0x2e</size>
         <input_file_ref idref="fl-4b"/>
      </object_component>
      <object_component id="oc-142">
         <name>.text</name>
         <load_address>0x3f4465</load_address>
         <run_address>0x3f4465</run_address>
         <size>0x2a</size>
         <input_file_ref idref="fl-36"/>
      </object_component>
      <object_component id="oc-225">
         <name>.text</name>
         <load_address>0x3f448f</load_address>
         <run_address>0x3f448f</run_address>
         <size>0x2a</size>
         <input_file_ref idref="fl-63"/>
      </object_component>
      <object_component id="oc-285">
         <name>.text</name>
         <load_address>0x3f44b9</load_address>
         <run_address>0x3f44b9</run_address>
         <size>0x29</size>
         <input_file_ref idref="fl-49"/>
      </object_component>
      <object_component id="oc-165">
         <name>.text</name>
         <load_address>0x3f44e2</load_address>
         <run_address>0x3f44e2</run_address>
         <size>0x29</size>
         <input_file_ref idref="fl-3d"/>
      </object_component>
      <object_component id="oc-2b9">
         <name>.text</name>
         <load_address>0x3f450b</load_address>
         <run_address>0x3f450b</run_address>
         <size>0x27</size>
         <input_file_ref idref="fl-64"/>
      </object_component>
      <object_component id="oc-2bd">
         <name>.text</name>
         <load_address>0x3f4532</load_address>
         <run_address>0x3f4532</run_address>
         <size>0x25</size>
         <input_file_ref idref="fl-69"/>
      </object_component>
      <object_component id="oc-282">
         <name>.text</name>
         <load_address>0x3f4557</load_address>
         <run_address>0x3f4557</run_address>
         <size>0x24</size>
         <input_file_ref idref="fl-45"/>
      </object_component>
      <object_component id="oc-2b0">
         <name>.text</name>
         <load_address>0x3f457b</load_address>
         <run_address>0x3f457b</run_address>
         <size>0x23</size>
         <input_file_ref idref="fl-5e"/>
      </object_component>
      <object_component id="oc-156">
         <name>.text</name>
         <load_address>0x3f459e</load_address>
         <run_address>0x3f459e</run_address>
         <size>0x21</size>
         <input_file_ref idref="fl-3a"/>
      </object_component>
      <object_component id="oc-8f">
         <name>.text:retain</name>
         <load_address>0x3f45bf</load_address>
         <run_address>0x3f45bf</run_address>
         <size>0x1f</size>
         <input_file_ref idref="fl-6"/>
      </object_component>
      <object_component id="oc-15b">
         <name>.text</name>
         <load_address>0x3f45de</load_address>
         <run_address>0x3f45de</run_address>
         <size>0x1f</size>
         <input_file_ref idref="fl-3b"/>
      </object_component>
      <object_component id="oc-16f">
         <name>.text</name>
         <load_address>0x3f45fd</load_address>
         <run_address>0x3f45fd</run_address>
         <size>0x1e</size>
         <input_file_ref idref="fl-3f"/>
      </object_component>
      <object_component id="oc-179">
         <name>.text</name>
         <load_address>0x3f461b</load_address>
         <run_address>0x3f461b</run_address>
         <size>0x1d</size>
         <input_file_ref idref="fl-41"/>
      </object_component>
      <object_component id="oc-287">
         <name>.text</name>
         <load_address>0x3f4638</load_address>
         <run_address>0x3f4638</run_address>
         <size>0x1d</size>
         <input_file_ref idref="fl-46"/>
      </object_component>
      <object_component id="oc-183">
         <name>.text</name>
         <load_address>0x3f4655</load_address>
         <run_address>0x3f4655</run_address>
         <size>0x1c</size>
         <input_file_ref idref="fl-43"/>
      </object_component>
      <object_component id="oc-17e">
         <name>.text</name>
         <load_address>0x3f4671</load_address>
         <run_address>0x3f4671</run_address>
         <size>0x1c</size>
         <input_file_ref idref="fl-42"/>
      </object_component>
      <object_component id="oc-2c6">
         <name>.text</name>
         <load_address>0x3f468d</load_address>
         <run_address>0x3f468d</run_address>
         <size>0x19</size>
         <input_file_ref idref="fl-74"/>
      </object_component>
      <object_component id="oc-16a">
         <name>.text</name>
         <load_address>0x3f46a6</load_address>
         <run_address>0x3f46a6</run_address>
         <size>0x18</size>
         <input_file_ref idref="fl-3e"/>
      </object_component>
      <object_component id="oc-2b1">
         <name>.text</name>
         <load_address>0x3f46be</load_address>
         <run_address>0x3f46be</run_address>
         <size>0x18</size>
         <input_file_ref idref="fl-6d"/>
      </object_component>
      <object_component id="oc-29f">
         <name>.text</name>
         <load_address>0x3f46d6</load_address>
         <run_address>0x3f46d6</run_address>
         <size>0x18</size>
         <input_file_ref idref="fl-59"/>
      </object_component>
      <object_component id="oc-28a">
         <name>.text</name>
         <load_address>0x3f46ee</load_address>
         <run_address>0x3f46ee</run_address>
         <size>0x16</size>
         <input_file_ref idref="fl-57"/>
      </object_component>
      <object_component id="oc-293">
         <name>.text</name>
         <load_address>0x3f4704</load_address>
         <run_address>0x3f4704</run_address>
         <size>0x15</size>
         <input_file_ref idref="fl-58"/>
      </object_component>
      <object_component id="oc-28f">
         <name>.text</name>
         <load_address>0x3f4719</load_address>
         <run_address>0x3f4719</run_address>
         <size>0x13</size>
         <input_file_ref idref="fl-13"/>
      </object_component>
      <object_component id="oc-284">
         <name>.text</name>
         <load_address>0x3f472c</load_address>
         <run_address>0x3f472c</run_address>
         <size>0x11</size>
         <input_file_ref idref="fl-4c"/>
      </object_component>
      <object_component id="oc-2a9">
         <name>.text</name>
         <load_address>0x3f473d</load_address>
         <run_address>0x3f473d</run_address>
         <size>0x10</size>
         <input_file_ref idref="fl-50"/>
      </object_component>
      <object_component id="oc-151">
         <name>.text</name>
         <load_address>0x3f474d</load_address>
         <run_address>0x3f474d</run_address>
         <size>0xe</size>
         <input_file_ref idref="fl-39"/>
      </object_component>
      <object_component id="oc-2a1">
         <name>.text</name>
         <load_address>0x3f475b</load_address>
         <run_address>0x3f475b</run_address>
         <size>0xd</size>
         <input_file_ref idref="fl-51"/>
      </object_component>
      <object_component id="oc-2a6">
         <name>.text</name>
         <load_address>0x3f4768</load_address>
         <run_address>0x3f4768</run_address>
         <size>0xb</size>
         <input_file_ref idref="fl-54"/>
      </object_component>
      <object_component id="oc-2c5">
         <name>.text</name>
         <load_address>0x3f4773</load_address>
         <run_address>0x3f4773</run_address>
         <size>0xa</size>
         <input_file_ref idref="fl-71"/>
      </object_component>
      <object_component id="oc-295">
         <name>.text</name>
         <load_address>0x3f477d</load_address>
         <run_address>0x3f477d</run_address>
         <size>0x9</size>
         <input_file_ref idref="fl-4a"/>
      </object_component>
      <object_component id="oc-14c">
         <name>.text</name>
         <load_address>0x3f4786</load_address>
         <run_address>0x3f4786</run_address>
         <size>0x9</size>
         <input_file_ref idref="fl-38"/>
      </object_component>
      <object_component id="oc-9c">
         <name>.text</name>
         <load_address>0x3f478f</load_address>
         <run_address>0x3f478f</run_address>
         <size>0x8</size>
         <input_file_ref idref="fl-9"/>
      </object_component>
      <object_component id="oc-2a0">
         <name>.text</name>
         <load_address>0x3f4797</load_address>
         <run_address>0x3f4797</run_address>
         <size>0x8</size>
         <input_file_ref idref="fl-56"/>
      </object_component>
      <object_component id="oc-2aa">
         <name>.text</name>
         <load_address>0x3f479f</load_address>
         <run_address>0x3f479f</run_address>
         <size>0x8</size>
         <input_file_ref idref="fl-5d"/>
      </object_component>
      <object_component id="oc-b8">
         <name>.text</name>
         <load_address>0x3f47a7</load_address>
         <run_address>0x3f47a7</run_address>
         <size>0x7</size>
         <input_file_ref idref="fl-e"/>
      </object_component>
      <object_component id="oc-2a7">
         <name>.text</name>
         <load_address>0x3f47ae</load_address>
         <run_address>0x3f47ae</run_address>
         <size>0x7</size>
         <input_file_ref idref="fl-53"/>
      </object_component>
      <object_component id="oc-2a8">
         <name>.text</name>
         <load_address>0x3f47b5</load_address>
         <run_address>0x3f47b5</run_address>
         <size>0x5</size>
         <input_file_ref idref="fl-55"/>
      </object_component>
      <object_component id="oc-ad">
         <name>.text</name>
         <load_address>0x3f47ba</load_address>
         <run_address>0x3f47ba</run_address>
         <size>0x3</size>
         <input_file_ref idref="fl-c"/>
      </object_component>
      <object_component id="oc-2c2">
         <name>.text</name>
         <load_address>0x3f47bd</load_address>
         <run_address>0x3f47bd</run_address>
         <size>0x3</size>
         <input_file_ref idref="fl-72"/>
      </object_component>
      <object_component id="oc-281">
         <name>.text</name>
         <load_address>0x3f47c0</load_address>
         <run_address>0x3f47c0</run_address>
         <size>0x2</size>
         <input_file_ref idref="fl-47"/>
      </object_component>
      <object_component id="oc-283">
         <name>.text</name>
         <load_address>0x3f47c2</load_address>
         <run_address>0x3f47c2</run_address>
         <size>0x1</size>
         <input_file_ref idref="fl-48"/>
      </object_component>
      <object_component id="oc-9d">
         <name>codestart</name>
         <load_address>0x3f7ff6</load_address>
         <run_address>0x3f7ff6</run_address>
         <size>0x2</size>
         <input_file_ref idref="fl-9"/>
      </object_component>
      <object_component id="oc-291">
         <name>ramfuncs</name>
         <load_address>0x3f5000</load_address>
         <run_address>0x8000</run_address>
         <size>0xf5</size>
         <input_file_ref idref="fl-5"/>
      </object_component>
      <object_component id="oc-290">
         <name>ramfuncs</name>
         <load_address>0x3f50f5</load_address>
         <run_address>0x80f5</run_address>
         <size>0x1d</size>
         <input_file_ref idref="fl-1c"/>
      </object_component>
      <object_component id="oc-109">
         <name>ramfuncs</name>
         <load_address>0x3f5112</load_address>
         <run_address>0x8112</run_address>
         <size>0x4</size>
         <input_file_ref idref="fl-1e"/>
      </object_component>
      <object_component id="oc-9a">
         <name>csmpasswds</name>
         <load_address>0x3f7ff8</load_address>
         <run_address>0x3f7ff8</run_address>
         <size>0x8</size>
         <input_file_ref idref="fl-8"/>
      </object_component>
      <object_component id="oc-9b">
         <name>csm_rsvd</name>
         <load_address>0x3f7f80</load_address>
         <run_address>0x3f7f80</run_address>
         <size>0x76</size>
         <input_file_ref idref="fl-8"/>
      </object_component>
      <object_component id="oc-81">
         <name>.stack</name>
         <uninitialized>true</uninitialized>
         <run_address>0x50</run_address>
         <size>0x0</size>
         <input_file_ref idref="fl-4"/>
      </object_component>
      <object_component id="oc-13c">
         <name>.stack</name>
         <uninitialized>true</uninitialized>
         <run_address>0x50</run_address>
         <size>0x0</size>
         <input_file_ref idref="fl-35"/>
      </object_component>
      <object_component id="oc-317">
         <name>.stack</name>
         <uninitialized>true</uninitialized>
         <run_address>0x50</run_address>
         <size>0x0</size>
      </object_component>
      <object_component id="oc-87">
         <name>.ebss</name>
         <uninitialized>true</uninitialized>
         <run_address>0x8db8</run_address>
         <size>0x8</size>
         <input_file_ref idref="fl-5"/>
      </object_component>
      <object_component id="oc-8e">
         <name>.ebss</name>
         <uninitialized>true</uninitialized>
         <run_address>0x8c00</run_address>
         <size>0x18f</size>
         <input_file_ref idref="fl-6"/>
      </object_component>
      <object_component id="oc-292">
         <name>.ebss:_connect_at</name>
         <uninitialized>true</uninitialized>
         <run_address>0x8f48</run_address>
         <size>0x35</size>
         <input_file_ref idref="fl-6"/>
      </object_component>
      <object_component id="oc-a8">
         <name>.ebss</name>
         <uninitialized>true</uninitialized>
         <run_address>0x8e60</run_address>
         <size>0x18</size>
         <input_file_ref idref="fl-b"/>
      </object_component>
      <object_component id="oc-e1">
         <name>.ebss</name>
         <uninitialized>true</uninitialized>
         <run_address>0x8efe</run_address>
         <size>0x2</size>
         <input_file_ref idref="fl-16"/>
      </object_component>
      <object_component id="oc-1a3">
         <name>.ebss</name>
         <uninitialized>true</uninitialized>
         <run_address>0x8ef8</run_address>
         <size>0x6</size>
         <input_file_ref idref="fl-49"/>
      </object_component>
      <object_component id="oc-288">
         <name>.ebss:__lock</name>
         <uninitialized>true</uninitialized>
         <run_address>0x8f7e</run_address>
         <size>0x2</size>
         <input_file_ref idref="fl-4a"/>
      </object_component>
      <object_component id="oc-29b">
         <name>.ebss:__unlock</name>
         <uninitialized>true</uninitialized>
         <run_address>0x8f84</run_address>
         <size>0x2</size>
         <input_file_ref idref="fl-4a"/>
      </object_component>
      <object_component id="oc-1c0">
         <name>.ebss</name>
         <uninitialized>true</uninitialized>
         <run_address>0x8d8f</run_address>
         <size>0x1</size>
         <input_file_ref idref="fl-4f"/>
      </object_component>
      <object_component id="oc-299">
         <name>.ebss:__ftable</name>
         <uninitialized>true</uninitialized>
         <run_address>0x8e80</run_address>
         <size>0x78</size>
         <input_file_ref idref="fl-4f"/>
      </object_component>
      <object_component id="oc-2c1">
         <name>.ebss:___TI_tmpnams</name>
         <uninitialized>true</uninitialized>
         <run_address>0x8dc0</run_address>
         <size>0xa0</size>
         <input_file_ref idref="fl-4f"/>
      </object_component>
      <object_component id="oc-1ce">
         <name>.ebss</name>
         <uninitialized>true</uninitialized>
         <run_address>0x8f80</run_address>
         <size>0x4</size>
         <input_file_ref idref="fl-52"/>
      </object_component>
      <object_component id="oc-2ad">
         <name>.ebss:__stream</name>
         <uninitialized>true</uninitialized>
         <run_address>0x8d90</run_address>
         <size>0x28</size>
         <input_file_ref idref="fl-5a"/>
      </object_component>
      <object_component id="oc-2b4">
         <name>.ebss:__device</name>
         <uninitialized>true</uninitialized>
         <run_address>0x8f00</run_address>
         <size>0x48</size>
         <input_file_ref idref="fl-5a"/>
      </object_component>
      <object_component id="oc-216">
         <name>.ebss</name>
         <uninitialized>true</uninitialized>
         <run_address>0x8f86</run_address>
         <size>0x1</size>
         <input_file_ref idref="fl-60"/>
      </object_component>
      <object_component id="oc-2c3">
         <name>.ebss:_parmbuf</name>
         <uninitialized>true</uninitialized>
         <run_address>0x8e78</run_address>
         <size>0x8</size>
         <input_file_ref idref="fl-66"/>
      </object_component>
      <object_component id="oc-255">
         <name>.ebss</name>
         <uninitialized>true</uninitialized>
         <run_address>0x8f87</run_address>
         <size>0x1</size>
         <input_file_ref idref="fl-6c"/>
      </object_component>
      <object_component id="oc-261">
         <name>.ebss</name>
         <uninitialized>true</uninitialized>
         <run_address>0x8f7d</run_address>
         <size>0x1</size>
         <input_file_ref idref="fl-6e"/>
      </object_component>
      <object_component id="oc-1cf">
         <name>.esysmem</name>
         <uninitialized>true</uninitialized>
         <run_address>0x9000</run_address>
         <size>0x4</size>
         <input_file_ref idref="fl-52"/>
      </object_component>
      <object_component id="oc-318">
         <name>.esysmem</name>
         <uninitialized>true</uninitialized>
         <run_address>0x9000</run_address>
         <size>0x0</size>
      </object_component>
      <object_component id="oc-90">
         <name>.econst:.string</name>
         <load_address>0x3f7000</load_address>
         <run_address>0x3f7000</run_address>
         <size>0x1eb</size>
         <input_file_ref idref="fl-6"/>
      </object_component>
      <object_component id="oc-2af">
         <name>.econst:.string:__ctypes_</name>
         <load_address>0x3f71eb</load_address>
         <run_address>0x3f71eb</run_address>
         <size>0x101</size>
         <input_file_ref idref="fl-4e"/>
      </object_component>
      <object_component id="oc-122">
         <name>.econst:.string</name>
         <load_address>0x3f72ec</load_address>
         <run_address>0x3f72ec</run_address>
         <size>0x26</size>
         <input_file_ref idref="fl-30"/>
      </object_component>
      <object_component id="oc-121">
         <name>.econst</name>
         <load_address>0x3f7312</load_address>
         <run_address>0x3f7312</run_address>
         <size>0x1c</size>
         <input_file_ref idref="fl-30"/>
      </object_component>
      <object_component id="oc-200">
         <name>.econst</name>
         <load_address>0x3f732e</load_address>
         <run_address>0x3f732e</run_address>
         <size>0x1c</size>
         <input_file_ref idref="fl-5c"/>
      </object_component>
      <object_component id="oc-28d">
         <name>.econst:_$P$T0$2</name>
         <load_address>0x3f734a</load_address>
         <run_address>0x3f734a</run_address>
         <size>0x8</size>
         <input_file_ref idref="fl-6"/>
      </object_component>
      <object_component id="oc-1fa">
         <name>.econst</name>
         <load_address>0x3f7352</load_address>
         <run_address>0x3f7352</run_address>
         <size>0x8</size>
         <input_file_ref idref="fl-5b"/>
      </object_component>
      <object_component id="oc-12d">
         <name>.econst:.string</name>
         <load_address>0x3f735a</load_address>
         <run_address>0x3f735a</run_address>
         <size>0x2</size>
         <input_file_ref idref="fl-32"/>
      </object_component>
      <object_component id="oc-13d">
         <name>.reset</name>
         <load_address>0x3fffc0</load_address>
         <run_address>0x3fffc0</run_address>
         <size>0x2</size>
         <input_file_ref idref="fl-35"/>
      </object_component>
      <object_component id="oc-49">
         <name>.debug_info</name>
         <load_address>0x0</load_address>
         <run_address>0x0</run_address>
         <size>0x1401f</size>
         <input_file_ref idref="fl-2"/>
      </object_component>
      <object_component id="oc-7b">
         <name>.debug_info</name>
         <load_address>0x1401f</load_address>
         <run_address>0x1401f</run_address>
         <size>0x116c</size>
         <input_file_ref idref="fl-3"/>
      </object_component>
      <object_component id="oc-83">
         <name>.debug_info</name>
         <load_address>0x1518b</load_address>
         <run_address>0x1518b</run_address>
         <size>0x146</size>
         <input_file_ref idref="fl-4"/>
      </object_component>
      <object_component id="oc-86">
         <name>.debug_info</name>
         <load_address>0x152d1</load_address>
         <run_address>0x152d1</run_address>
         <size>0x1938</size>
         <input_file_ref idref="fl-5"/>
      </object_component>
      <object_component id="oc-8c">
         <name>.debug_info</name>
         <load_address>0x16c09</load_address>
         <run_address>0x16c09</run_address>
         <size>0x4d82</size>
         <input_file_ref idref="fl-6"/>
      </object_component>
      <object_component id="oc-95">
         <name>.debug_info</name>
         <load_address>0x1b98b</load_address>
         <run_address>0x1b98b</run_address>
         <size>0x4085</size>
         <input_file_ref idref="fl-7"/>
      </object_component>
      <object_component id="oc-9f">
         <name>.debug_info</name>
         <load_address>0x1fa10</load_address>
         <run_address>0x1fa10</run_address>
         <size>0x1be</size>
         <input_file_ref idref="fl-9"/>
      </object_component>
      <object_component id="oc-a2">
         <name>.debug_info</name>
         <load_address>0x1fbce</load_address>
         <run_address>0x1fbce</run_address>
         <size>0x1515</size>
         <input_file_ref idref="fl-a"/>
      </object_component>
      <object_component id="oc-a7">
         <name>.debug_info</name>
         <load_address>0x210e3</load_address>
         <run_address>0x210e3</run_address>
         <size>0x821</size>
         <input_file_ref idref="fl-b"/>
      </object_component>
      <object_component id="oc-af">
         <name>.debug_info</name>
         <load_address>0x21904</load_address>
         <run_address>0x21904</run_address>
         <size>0x16f</size>
         <input_file_ref idref="fl-c"/>
      </object_component>
      <object_component id="oc-b2">
         <name>.debug_info</name>
         <load_address>0x21a73</load_address>
         <run_address>0x21a73</run_address>
         <size>0x2b82</size>
         <input_file_ref idref="fl-d"/>
      </object_component>
      <object_component id="oc-ba">
         <name>.debug_info</name>
         <load_address>0x245f5</load_address>
         <run_address>0x245f5</run_address>
         <size>0x175</size>
         <input_file_ref idref="fl-e"/>
      </object_component>
      <object_component id="oc-bd">
         <name>.debug_info</name>
         <load_address>0x2476a</load_address>
         <run_address>0x2476a</run_address>
         <size>0x56cb</size>
         <input_file_ref idref="fl-f"/>
      </object_component>
      <object_component id="oc-c2">
         <name>.debug_info</name>
         <load_address>0x29e35</load_address>
         <run_address>0x29e35</run_address>
         <size>0x1515</size>
         <input_file_ref idref="fl-10"/>
      </object_component>
      <object_component id="oc-c7">
         <name>.debug_info</name>
         <load_address>0x2b34a</load_address>
         <run_address>0x2b34a</run_address>
         <size>0x1515</size>
         <input_file_ref idref="fl-11"/>
      </object_component>
      <object_component id="oc-cc">
         <name>.debug_info</name>
         <load_address>0x2c85f</load_address>
         <run_address>0x2c85f</run_address>
         <size>0x1515</size>
         <input_file_ref idref="fl-12"/>
      </object_component>
      <object_component id="oc-d1">
         <name>.debug_info</name>
         <load_address>0x2dd74</load_address>
         <run_address>0x2dd74</run_address>
         <size>0x1592</size>
         <input_file_ref idref="fl-13"/>
      </object_component>
      <object_component id="oc-d6">
         <name>.debug_info</name>
         <load_address>0x2f306</load_address>
         <run_address>0x2f306</run_address>
         <size>0x1516</size>
         <input_file_ref idref="fl-14"/>
      </object_component>
      <object_component id="oc-db">
         <name>.debug_info</name>
         <load_address>0x3081c</load_address>
         <run_address>0x3081c</run_address>
         <size>0x1514</size>
         <input_file_ref idref="fl-15"/>
      </object_component>
      <object_component id="oc-e0">
         <name>.debug_info</name>
         <load_address>0x31d30</load_address>
         <run_address>0x31d30</run_address>
         <size>0x363d</size>
         <input_file_ref idref="fl-16"/>
      </object_component>
      <object_component id="oc-e6">
         <name>.debug_info</name>
         <load_address>0x3536d</load_address>
         <run_address>0x3536d</run_address>
         <size>0x1337</size>
         <input_file_ref idref="fl-17"/>
      </object_component>
      <object_component id="oc-eb">
         <name>.debug_info</name>
         <load_address>0x366a4</load_address>
         <run_address>0x366a4</run_address>
         <size>0xa4d</size>
         <input_file_ref idref="fl-18"/>
      </object_component>
      <object_component id="oc-f0">
         <name>.debug_info</name>
         <load_address>0x370f1</load_address>
         <run_address>0x370f1</run_address>
         <size>0x21a6</size>
         <input_file_ref idref="fl-19"/>
      </object_component>
      <object_component id="oc-f5">
         <name>.debug_info</name>
         <load_address>0x39297</load_address>
         <run_address>0x39297</run_address>
         <size>0x1514</size>
         <input_file_ref idref="fl-1a"/>
      </object_component>
      <object_component id="oc-fa">
         <name>.debug_info</name>
         <load_address>0x3a7ab</load_address>
         <run_address>0x3a7ab</run_address>
         <size>0x1514</size>
         <input_file_ref idref="fl-1b"/>
      </object_component>
      <object_component id="oc-ff">
         <name>.debug_info</name>
         <load_address>0x3bcbf</load_address>
         <run_address>0x3bcbf</run_address>
         <size>0x226d</size>
         <input_file_ref idref="fl-1c"/>
      </object_component>
      <object_component id="oc-104">
         <name>.debug_info</name>
         <load_address>0x3df2c</load_address>
         <run_address>0x3df2c</run_address>
         <size>0x352</size>
         <input_file_ref idref="fl-1d"/>
      </object_component>
      <object_component id="oc-10b">
         <name>.debug_info</name>
         <load_address>0x3e27e</load_address>
         <run_address>0x3e27e</run_address>
         <size>0x172</size>
         <input_file_ref idref="fl-1e"/>
      </object_component>
      <object_component id="oc-10e">
         <name>.debug_info</name>
         <load_address>0x3e3f0</load_address>
         <run_address>0x3e3f0</run_address>
         <size>0x1ef</size>
         <input_file_ref idref="fl-1f"/>
      </object_component>
      <object_component id="oc-110">
         <name>.debug_info</name>
         <load_address>0x3e5df</load_address>
         <run_address>0x3e5df</run_address>
         <size>0x1ec</size>
         <input_file_ref idref="fl-20"/>
      </object_component>
      <object_component id="oc-113">
         <name>.debug_info</name>
         <load_address>0x3e7cb</load_address>
         <run_address>0x3e7cb</run_address>
         <size>0xab</size>
         <input_file_ref idref="fl-2c"/>
      </object_component>
      <object_component id="oc-116">
         <name>.debug_info</name>
         <load_address>0x3e876</load_address>
         <run_address>0x3e876</run_address>
         <size>0xad</size>
         <input_file_ref idref="fl-2d"/>
      </object_component>
      <object_component id="oc-119">
         <name>.debug_info</name>
         <load_address>0x3e923</load_address>
         <run_address>0x3e923</run_address>
         <size>0xac</size>
         <input_file_ref idref="fl-2e"/>
      </object_component>
      <object_component id="oc-11b">
         <name>.debug_info</name>
         <load_address>0x3e9cf</load_address>
         <run_address>0x3e9cf</run_address>
         <size>0x6ad</size>
         <input_file_ref idref="fl-2f"/>
      </object_component>
      <object_component id="oc-120">
         <name>.debug_info</name>
         <load_address>0x3f07c</load_address>
         <run_address>0x3f07c</run_address>
         <size>0x2652</size>
         <input_file_ref idref="fl-30"/>
      </object_component>
      <object_component id="oc-127">
         <name>.debug_info</name>
         <load_address>0x416ce</load_address>
         <run_address>0x416ce</run_address>
         <size>0x5da</size>
         <input_file_ref idref="fl-31"/>
      </object_component>
      <object_component id="oc-12c">
         <name>.debug_info</name>
         <load_address>0x41ca8</load_address>
         <run_address>0x41ca8</run_address>
         <size>0x790</size>
         <input_file_ref idref="fl-32"/>
      </object_component>
      <object_component id="oc-132">
         <name>.debug_info</name>
         <load_address>0x42438</load_address>
         <run_address>0x42438</run_address>
         <size>0x559</size>
         <input_file_ref idref="fl-33"/>
      </object_component>
      <object_component id="oc-137">
         <name>.debug_info</name>
         <load_address>0x42991</load_address>
         <run_address>0x42991</run_address>
         <size>0x5a2</size>
         <input_file_ref idref="fl-34"/>
      </object_component>
      <object_component id="oc-13e">
         <name>.debug_info</name>
         <load_address>0x42f33</load_address>
         <run_address>0x42f33</run_address>
         <size>0x173</size>
         <input_file_ref idref="fl-35"/>
      </object_component>
      <object_component id="oc-143">
         <name>.debug_info</name>
         <load_address>0x430a6</load_address>
         <run_address>0x430a6</run_address>
         <size>0x120</size>
         <input_file_ref idref="fl-36"/>
      </object_component>
      <object_component id="oc-148">
         <name>.debug_info</name>
         <load_address>0x431c6</load_address>
         <run_address>0x431c6</run_address>
         <size>0x114</size>
         <input_file_ref idref="fl-37"/>
      </object_component>
      <object_component id="oc-14d">
         <name>.debug_info</name>
         <load_address>0x432da</load_address>
         <run_address>0x432da</run_address>
         <size>0x114</size>
         <input_file_ref idref="fl-38"/>
      </object_component>
      <object_component id="oc-152">
         <name>.debug_info</name>
         <load_address>0x433ee</load_address>
         <run_address>0x433ee</run_address>
         <size>0x122</size>
         <input_file_ref idref="fl-39"/>
      </object_component>
      <object_component id="oc-157">
         <name>.debug_info</name>
         <load_address>0x43510</load_address>
         <run_address>0x43510</run_address>
         <size>0x114</size>
         <input_file_ref idref="fl-3a"/>
      </object_component>
      <object_component id="oc-15c">
         <name>.debug_info</name>
         <load_address>0x43624</load_address>
         <run_address>0x43624</run_address>
         <size>0x114</size>
         <input_file_ref idref="fl-3b"/>
      </object_component>
      <object_component id="oc-161">
         <name>.debug_info</name>
         <load_address>0x43738</load_address>
[...]
         <object_component_ref idref="oc-28e"/>
      </symbol>
      <symbol id="sm-425">
         <name>_DisableDog</name>
         <value>0x3f3583</value>
         <object_component_ref idref="oc-28e"/>
      </symbol>
      <symbol id="sm-427">
         <name>_InitPeripheralClocks</name>
         <value>0x3f35fe</value>
         <object_component_ref idref="oc-28e"/>
      </symbol>
      <symbol id="sm-429">
         <name>_IntOsc2Sel</name>
         <value>0x3f3559</value>
         <object_component_ref idref="oc-28e"/>
      </symbol>
      <symbol id="sm-42b">
         <name>_InitFlash</name>
         <value>0x80f5</value>
         <object_component_ref idref="oc-290"/>
      </symbol>
      <symbol id="sm-42d">
         <name>_CsmUnlock</name>
         <value>0x3f365b</value>
         <object_component_ref idref="oc-28e"/>
      </symbol>
      <symbol id="sm-42f">
         <name>_ServiceDog</name>
         <value>0x3f354f</value>
         <object_component_ref idref="oc-28e"/>
      </symbol>
      <symbol id="sm-431">
         <name>_XtalOscSel</name>
         <value>0x3f3533</value>
         <object_component_ref idref="oc-28e"/>
      </symbol>
      <symbol id="sm-433">
         <name>_InitSysCtrl</name>
         <value>0x3f3643</value>
         <object_component_ref idref="oc-28e"/>
      </symbol>
      <symbol id="sm-449">
         <name>_DSP28x_usDelay</name>
         <value>0x8112</value>
         <object_component_ref idref="oc-109"/>
      </symbol>
      <symbol id="sm-457">
         <name>_Flash2803x_Erase</name>
         <value>0x3ff9b3</value>
      </symbol>
      <symbol id="sm-45f">
         <name>_Flash2803x_Program</name>
         <value>0x3ff8d2</value>
      </symbol>
      <symbol id="sm-467">
         <name>_Flash2803x_Verify</name>
         <value>0x3ffdd5</value>
      </symbol>
      <symbol id="sm-477">
         <name>_printf</name>
         <value>0x3f43a5</value>
         <object_component_ref idref="oc-294"/>
      </symbol>
      <symbol id="sm-5d9">
         <name>___TI_printfi</name>
         <value>0x3f2b12</value>
         <object_component_ref idref="oc-29c"/>
      </symbol>
      <symbol id="sm-5ec">
         <name>_putchar</name>
         <value>0x3f4275</value>
         <object_component_ref idref="oc-297"/>
      </symbol>
      <symbol id="sm-5ee">
         <name>_putc</name>
         <value>0x3f422b</value>
         <object_component_ref idref="oc-297"/>
      </symbol>
      <symbol id="sm-5ef">
         <name>_fputc</name>
         <value>0x3f422b</value>
         <object_component_ref idref="oc-297"/>
      </symbol>
      <symbol id="sm-60c">
         <name>_puts</name>
         <value>0x3f3c0e</value>
         <object_component_ref idref="oc-298"/>
      </symbol>
      <symbol id="sm-60e">
         <name>_fputs</name>
         <value>0x3f3b7e</value>
         <object_component_ref idref="oc-298"/>
      </symbol>
      <symbol id="sm-626">
         <name>___TI_rd_ok</name>
         <value>0x3f3fed</value>
         <object_component_ref idref="oc-29d"/>
      </symbol>
      <symbol id="sm-628">
         <name>___TI_wrt_ok</name>
         <value>0x3f3fb2</value>
         <object_component_ref idref="oc-29d"/>
      </symbol>
      <symbol id="sm-640">
         <name>_setvbuf</name>
         <value>0x3f3e5f</value>
         <object_component_ref idref="oc-2ac"/>
      </symbol>
      <symbol id="sm-65c">
         <name>_c_int00</name>
         <value>0x3f4187</value>
         <object_component_ref idref="oc-45"/>
      </symbol>
      <symbol id="sm-65d">
         <name>__stack</name>
         <value>0x50</value>
         <object_component_ref idref="oc-13c"/>
      </symbol>
      <symbol id="sm-66d">
         <name>FD$$CMP</name>
         <value>0x3f4465</value>
         <object_component_ref idref="oc-142"/>
      </symbol>
      <symbol id="sm-67f">
         <name>FD$$MPY</name>
         <value>0x3f3ddc</value>
         <object_component_ref idref="oc-147"/>
      </symbol>
      <symbol id="sm-68c">
         <name>FD$$NEG</name>
         <value>0x3f4786</value>
         <object_component_ref idref="oc-14c"/>
      </symbol>
      <symbol id="sm-698">
         <name>FD$$SUB</name>
         <value>0x3f474d</value>
         <object_component_ref idref="oc-151"/>
      </symbol>
      <symbol id="sm-6a7">
         <name>FD$$TOI</name>
         <value>0x3f459e</value>
         <object_component_ref idref="oc-156"/>
      </symbol>
      <symbol id="sm-6b6">
         <name>FD$$TOL</name>
         <value>0x3f45de</value>
         <object_component_ref idref="oc-15b"/>
      </symbol>
      <symbol id="sm-6c7">
         <name>FS$$MPY</name>
         <value>0x3f412d</value>
         <object_component_ref idref="oc-160"/>
      </symbol>
      <symbol id="sm-6da">
         <name>FS$$TOL</name>
         <value>0x3f44e2</value>
         <object_component_ref idref="oc-165"/>
      </symbol>
      <symbol id="sm-6e6">
         <name>LL$$AND</name>
         <value>0x3f46a6</value>
         <object_component_ref idref="oc-16a"/>
      </symbol>
      <symbol id="sm-6e7">
         <name>LL$$OR</name>
         <value>0x3f46ae</value>
         <object_component_ref idref="oc-16a"/>
      </symbol>
      <symbol id="sm-6e8">
         <name>LL$$XOR</name>
         <value>0x3f46b6</value>
         <object_component_ref idref="oc-16a"/>
      </symbol>
      <symbol id="sm-6f6">
         <name>ULL$$CMP</name>
         <value>0x3f460f</value>
         <object_component_ref idref="oc-16f"/>
      </symbol>
      <symbol id="sm-6f7">
         <name>LL$$CMP</name>
         <value>0x3f45fd</value>
         <object_component_ref idref="oc-16f"/>
      </symbol>
      <symbol id="sm-723">
         <name>ULL$$MOD</name>
         <value>0x3f3989</value>
         <object_component_ref idref="oc-174"/>
      </symbol>
      <symbol id="sm-724">
         <name>ULL$$DIV</name>
         <value>0x3f395a</value>
         <object_component_ref idref="oc-174"/>
      </symbol>
      <symbol id="sm-725">
         <name>LL$$MOD</name>
         <value>0x3f3920</value>
         <object_component_ref idref="oc-174"/>
      </symbol>
      <symbol id="sm-726">
         <name>LL$$DIV</name>
         <value>0x3f38e4</value>
         <object_component_ref idref="oc-174"/>
      </symbol>
      <symbol id="sm-736">
         <name>I$$TOFD</name>
         <value>0x3f461b</value>
         <object_component_ref idref="oc-179"/>
      </symbol>
      <symbol id="sm-746">
         <name>L$$TOFD</name>
         <value>0x3f4671</value>
         <object_component_ref idref="oc-17e"/>
      </symbol>
      <symbol id="sm-756">
         <name>FS$$TOFD</name>
         <value>0x3f4655</value>
         <object_component_ref idref="oc-183"/>
      </symbol>
      <symbol id="sm-76d">
         <name>FD$$DIV</name>
         <value>0x3f3d51</value>
         <object_component_ref idref="oc-188"/>
      </symbol>
      <symbol id="sm-77c">
         <name>_copy_in</name>
         <value>0x3f4557</value>
         <object_component_ref idref="oc-282"/>
      </symbol>
      <symbol id="sm-78e">
         <name>_memcpy</name>
         <value>0x3f4638</value>
         <object_component_ref idref="oc-287"/>
      </symbol>
      <symbol id="sm-79b">
         <name>__system_pre_init</name>
         <value>0x3f47c0</value>
         <object_component_ref idref="oc-281"/>
      </symbol>
      <symbol id="sm-7a9">
         <name>__system_post_cinit</name>
         <value>0x3f47c2</value>
         <object_component_ref idref="oc-283"/>
      </symbol>
      <symbol id="sm-7be">
         <name>C$$EXIT</name>
         <value>0x3f44b9</value>
         <object_component_ref idref="oc-285"/>
      </symbol>
      <symbol id="sm-7bf">
         <name>_exit</name>
         <value>0x3f44bb</value>
         <object_component_ref idref="oc-285"/>
      </symbol>
      <symbol id="sm-7c1">
         <name>___TI_cleanup_ptr</name>
         <value>0x8efa</value>
         <object_component_ref idref="oc-1a3"/>
      </symbol>
      <symbol id="sm-7c2">
         <name>___TI_enable_exit_profile_output</name>
         <value>0x8ef8</value>
         <object_component_ref idref="oc-1a3"/>
      </symbol>
      <symbol id="sm-7c3">
         <name>_abort</name>
         <value>0x3f44b9</value>
         <object_component_ref idref="oc-285"/>
      </symbol>
      <symbol id="sm-7c5">
         <name>___TI_dtors_ptr</name>
         <value>0x8efc</value>
         <object_component_ref idref="oc-1a3"/>
      </symbol>
      <symbol id="sm-7d9">
         <name>__unlock</name>
         <value>0x8f84</value>
         <object_component_ref idref="oc-29b"/>
      </symbol>
      <symbol id="sm-7da">
         <name>__lock</name>
         <value>0x8f7e</value>
         <object_component_ref idref="oc-288"/>
      </symbol>
      <symbol id="sm-7db">
         <name>__register_lock</name>
         <value>0x3f4781</value>
         <object_component_ref idref="oc-295"/>
      </symbol>
      <symbol id="sm-7dd">
         <name>__nop</name>
         <value>0x3f4785</value>
         <object_component_ref idref="oc-295"/>
      </symbol>
      <symbol id="sm-7df">
         <name>__register_unlock</name>
         <value>0x3f477d</value>
         <object_component_ref idref="oc-295"/>
      </symbol>
      <symbol id="sm-7ee">
         <name>___TI_ltoa</name>
         <value>0x3f4437</value>
         <object_component_ref idref="oc-2a3"/>
      </symbol>
      <symbol id="sm-7fe">
         <name>__args_main</name>
         <value>0x3f472c</value>
         <object_component_ref idref="oc-284"/>
      </symbol>
      <symbol id="sm-813">
         <name>_atoi</name>
         <value>0x3f4406</value>
         <object_component_ref idref="oc-2a2"/>
      </symbol>
      <symbol id="sm-81c">
         <name>__ctypes_</name>
         <value>0x3f71eb</value>
         <object_component_ref idref="oc-2af"/>
      </symbol>
      <symbol id="sm-82d">
         <name>___TI_ft_end</name>
         <value>0x8d8f</value>
         <object_component_ref idref="oc-1c0"/>
      </symbol>
      <symbol id="sm-82e">
         <name>___TI_tmpnams</name>
         <value>0x8dc0</value>
         <object_component_ref idref="oc-2c1"/>
      </symbol>
      <symbol id="sm-82f">
         <name>__ftable</name>
         <value>0x8e80</value>
         <object_component_ref idref="oc-299"/>
      </symbol>
      <symbol id="sm-83e">
         <name>_memccpy</name>
         <value>0x3f473d</value>
         <object_component_ref idref="oc-2a9"/>
      </symbol>
      <symbol id="sm-84e">
         <name>_memchr</name>
         <value>0x3f475b</value>
         <object_component_ref idref="oc-2a1"/>
      </symbol>
      <symbol id="sm-8ad">
         <name>__sys_memory</name>
         <value>0x9000</value>
         <object_component_ref idref="oc-1cf"/>
      </symbol>
      <symbol id="sm-8ae">
         <name>___TI_heap_total_available</name>
         <value>0x3f337b</value>
         <object_component_ref idref="oc-2b2"/>
      </symbol>
      <symbol id="sm-8b0">
         <name>_realloc</name>
         <value>0x3f3221</value>
         <object_component_ref idref="oc-2b2"/>
      </symbol>
      <symbol id="sm-8b2">
         <name>___TI_heap_check</name>
         <value>0x3f33b5</value>
         <object_component_ref idref="oc-2b2"/>
      </symbol>
      <symbol id="sm-8b4">
         <name>_free</name>
         <value>0x3f3159</value>
         <object_component_ref idref="oc-2b2"/>
      </symbol>
      <symbol id="sm-8b6">
         <name>_memalign</name>
         <value>0x3f32d5</value>
         <object_component_ref idref="oc-2b2"/>
      </symbol>
      <symbol id="sm-8b7">
         <name>_calloc</name>
         <value>0x3f32a8</value>
         <object_component_ref idref="oc-2b2"/>
      </symbol>
      <symbol id="sm-8b9">
         <name>_malloc</name>
         <value>0x3f312e</value>
         <object_component_ref idref="oc-2b2"/>
      </symbol>
      <symbol id="sm-8bb">
         <name>_aligned_alloc</name>
         <value>0x3f32d5</value>
         <object_component_ref idref="oc-2b2"/>
      </symbol>
      <symbol id="sm-8bd">
         <name>_minit</name>
         <value>0x3f32a4</value>
         <object_component_ref idref="oc-2b2"/>
      </symbol>
      <symbol id="sm-8bf">
         <name>___TI_heap_largest_available</name>
         <value>0x3f3398</value>
         <object_component_ref idref="oc-2b2"/>
      </symbol>
      <symbol id="sm-8ce">
         <name>_memset</name>
         <value>0x3f47ae</value>
         <object_component_ref idref="oc-2a7"/>
      </symbol>
      <symbol id="sm-8de">
         <name>_strchr</name>
         <value>0x3f4768</value>
         <object_component_ref idref="oc-2a6"/>
      </symbol>
      <symbol id="sm-8ec">
         <name>_strcpy</name>
         <value>0x3f47b5</value>
         <object_component_ref idref="oc-2a8"/>
      </symbol>
      <symbol id="sm-8fa">
         <name>_strlen</name>
         <value>0x3f4797</value>
         <object_component_ref idref="oc-2a0"/>
      </symbol>
      <symbol id="sm-90a">
         <name>_strncmp</name>
         <value>0x3f46ee</value>
         <object_component_ref idref="oc-28a"/>
      </symbol>
      <symbol id="sm-91b">
         <name>_strncpy</name>
         <value>0x3f4704</value>
         <object_component_ref idref="oc-293"/>
      </symbol>
      <symbol id="sm-929">
         <name>_write</name>
         <value>0x3f46d6</value>
         <object_component_ref idref="oc-29f"/>
      </symbol>
      <symbol id="sm-93a">
         <name>__device</name>
         <value>0x8f00</value>
         <object_component_ref idref="oc-2b4"/>
      </symbol>
      <symbol id="sm-93b">
         <name>__stream</name>
         <value>0x8d90</value>
         <object_component_ref idref="oc-2ad"/>
      </symbol>
      <symbol id="sm-94e">
         <name>_frexpl</name>
         <value>0x3f4076</value>
         <object_component_ref idref="oc-2a4"/>
      </symbol>
      <symbol id="sm-96d">
         <name>_scalbnl</name>
         <value>0x3f3ad2</value>
         <object_component_ref idref="oc-2a5"/>
      </symbol>
      <symbol id="sm-96f">
         <name>_ldexpl</name>
         <value>0x3f3ad2</value>
         <object_component_ref idref="oc-2a5"/>
      </symbol>
      <symbol id="sm-97d">
         <name>_wcslen</name>
         <value>0x3f479f</value>
         <object_component_ref idref="oc-2aa"/>
      </symbol>
      <symbol id="sm-98b">
         <name>_copysignl</name>
         <value>0x3f457b</value>
         <object_component_ref idref="oc-2b0"/>
      </symbol>
      <symbol id="sm-9a1">
         <name>___TI_doflush</name>
         <value>0x3f3f47</value>
         <object_component_ref idref="oc-29e"/>
      </symbol>
      <symbol id="sm-9a3">
         <name>_fflush</name>
         <value>0x3f3f76</value>
         <object_component_ref idref="oc-29e"/>
      </symbol>
      <symbol id="sm-9e0">
         <name>_fopen</name>
         <value>0x3f389e</value>
         <object_component_ref idref="oc-2b3"/>
      </symbol>
      <symbol id="sm-9e2">
         <name>___TI_cleanup</name>
         <value>0x3f3863</value>
         <object_component_ref idref="oc-2b3"/>
      </symbol>
      <symbol id="sm-9e4">
         <name>_freopen</name>
         <value>0x3f3880</value>
         <object_component_ref idref="oc-2b3"/>
      </symbol>
      <symbol id="sm-9f5">
         <name>_fseek</name>
         <value>0x3f42b9</value>
         <object_component_ref idref="oc-2ab"/>
      </symbol>
      <symbol id="sm-a11">
         <name>FD$$ADD</name>
         <value>0x3f3c21</value>
         <object_component_ref idref="oc-220"/>
      </symbol>
      <symbol id="sm-a1d">
         <name>UL$$MOD</name>
         <value>0x3f44b3</value>
         <object_component_ref idref="oc-225"/>
      </symbol>
      <symbol id="sm-a1e">
         <name>L$$MOD</name>
         <value>0x3f449e</value>
         <object_component_ref idref="oc-225"/>
      </symbol>
      <symbol id="sm-a1f">
         <name>L$$DIV</name>
         <value>0x3f448f</value>
         <object_component_ref idref="oc-225"/>
      </symbol>
      <symbol id="sm-a20">
         <name>UL$$DIV</name>
         <value>0x3f44ac</value>
         <object_component_ref idref="oc-225"/>
      </symbol>
      <symbol id="sm-a2c">
         <name>_HOSTclose</name>
         <value>0x3f450b</value>
         <object_component_ref idref="oc-2b9"/>
      </symbol>
      <symbol id="sm-a39">
         <name>_HOSTlseek</name>
         <value>0x3f4019</value>
         <object_component_ref idref="oc-2bc"/>
      </symbol>
      <symbol id="sm-a49">
         <name>_parmbuf</name>
         <value>0x8e78</value>
         <object_component_ref idref="oc-2c3"/>
      </symbol>
      <symbol id="sm-a4a">
         <name>_HOSTopen</name>
         <value>0x3f42f6</value>
         <object_component_ref idref="oc-2b8"/>
      </symbol>
      <symbol id="sm-a58">
         <name>_HOSTread</name>
         <value>0x3f432f</value>
         <object_component_ref idref="oc-2ba"/>
      </symbol>
      <symbol id="sm-a65">
         <name>_HOSTrename</name>
         <value>0x3f427a</value>
         <object_component_ref idref="oc-2be"/>
      </symbol>
      <symbol id="sm-a72">
         <name>_HOSTunlink</name>
         <value>0x3f4532</value>
         <object_component_ref idref="oc-2bd"/>
      </symbol>
      <symbol id="sm-a80">
         <name>_HOSTwrite</name>
         <value>0x3f4367</value>
         <object_component_ref idref="oc-2bb"/>
      </symbol>
      <symbol id="sm-a99">
         <name>___TI_readmsg</name>
         <value>0x3f3d15</value>
         <object_component_ref idref="oc-2c4"/>
      </symbol>
      <symbol id="sm-a9b">
         <name>C$$IO$$</name>
         <value>0x3f3d10</value>
         <object_component_ref idref="oc-2c4"/>
      </symbol>
      <symbol id="sm-a9c">
         <name>__CIOBUF_</name>
         <value>0x400</value>
         <object_component_ref idref="oc-24e"/>
      </symbol>
      <symbol id="sm-a9d">
         <name>___TI_writemsg</name>
         <value>0x3f3cbd</value>
         <object_component_ref idref="oc-2c4"/>
      </symbol>
      <symbol id="sm-ab9">
         <name>_open</name>
         <value>0x3f3ed8</value>
         <object_component_ref idref="oc-2b6"/>
      </symbol>
      <symbol id="sm-ac7">
         <name>_lseek</name>
         <value>0x3f46be</value>
         <object_component_ref idref="oc-2b1"/>
      </symbol>
      <symbol id="sm-ad2">
         <name>_errno</name>
         <value>0x8f7d</value>
         <object_component_ref idref="oc-261"/>
      </symbol>
      <symbol id="sm-ae3">
         <name>___TI_closefile</name>
         <value>0x3f40d2</value>
         <object_component_ref idref="oc-2b7"/>
      </symbol>
      <symbol id="sm-ae5">
         <name>_fclose</name>
         <value>0x3f4114</value>
         <object_component_ref idref="oc-2b7"/>
      </symbol>
      <symbol id="sm-af7">
         <name>_finddevice</name>
         <value>0x3f41db</value>
         <object_component_ref idref="oc-2bf"/>
      </symbol>
      <symbol id="sm-af9">
         <name>_getdevice</name>
         <value>0x3f41f6</value>
         <object_component_ref idref="oc-2bf"/>
      </symbol>
      <symbol id="sm-b08">
         <name>_strcmp</name>
         <value>0x3f4773</value>
         <object_component_ref idref="oc-2c5"/>
      </symbol>
      <symbol id="sm-b15">
         <name>_remove</name>
         <value>0x3f47bd</value>
         <object_component_ref idref="oc-2c2"/>
      </symbol>
      <symbol id="sm-b26">
         <name>_close</name>
         <value>0x3f43d3</value>
         <object_component_ref idref="oc-2c0"/>
      </symbol>
      <symbol id="sm-b33">
         <name>_unlink</name>
         <value>0x3f468d</value>
         <object_component_ref idref="oc-2c6"/>
      </symbol>
   </symbol_table>
   <title>Link successful</title>
</link_info>
