******************************************************************************
             TMS320C2000 Linker PC v20.2.2                     
******************************************************************************
>> Linked Fri Mar 11 14:35:31 2022

OUTPUT FILE NAME:   <kick_scooter_rect_boot_beta0.out>
ENTRY POINT SYMBOL: "_c_int00"  address: 003f411e


MEMORY CONFIGURATION

         name            origin    length      used     unused   attr    fill
----------------------  --------  ---------  --------  --------  ----  --------
PAGE 0:
  RAMM0                 00000050   000003b0  000001cc  000001e4  RWIX
  PRAML0                00008000   00000900  00000026  000008da  RWIX
  OTP                   003d7800   00000400  00000000  00000400  RWIX
  FLASHD                003f0000   00001fff  00000000  00001fff  RWIX
  FLASHC                003f2000   00001fff  00000000  00001fff  RWIX
  FLASHB                003f4000   00001fff  0000052f  00001ad0  RWIX
  FLASHA                003f7000   00000f80  00000f80  00000000  RWIX
  CSM_RSVD              003f7f80   00000076  00000000  00000076  RWIX
  BEGIN                 003f7ff6   00000002  00000002  00000000  RWIX
  CSM_PWL_P0            003f7ff8   00000008  00000000  00000008  RWIX
  IQTABLES              003fe000   00000b50  00000000  00000b50  RWIX
  IQTABLES2             003feb50   0000008c  00000000  0000008c  RWIX
  IQTABLES3             003febdc   000000aa  00000000  000000aa  RWIX
  ROM                   003ff27c   00000d44  00000000  00000d44  RWIX
  RESET                 003fffc0   00000002  00000000  00000002  RWIX
  VECTORS               003fffc2   0000003e  00000000  0000003e  RWIX

PAGE 1:
  BOOT_RSVD             00000000   00000050  00000000  00000050  RWIX
  RAMM1                 00000400   00000400  0000035e  000000a2  RWIX
  DEV_EMU               00000880   00000105  00000004  00000101  RWIX
  SYS_PWR_CTL           00000985   00000003  00000003  00000000  RWIX
  FLASH_REGS            00000a80   00000060  00000008  00000058  RWIX
  CSM                   00000ae0   00000010  00000010  00000000  RWIX
  ADC_RESULT            00000b00   00000020  00000020  00000000  RWIX
  CPU_TIMER0            00000c00   00000008  00000008  00000000  RWIX
  CPU_TIMER1            00000c08   00000008  00000008  00000000  RWIX
  CPU_TIMER2            00000c10   00000008  00000008  00000000  RWIX
  PIE_CTRL              00000ce0   00000020  0000001a  00000006  RWIX
  PIE_VECT              00000d00   00000100  00000100  00000000  RWIX
  COMP1                 00006400   00000020  00000020  00000000  RWIX
  COMP2                 00006420   00000020  00000020  00000000  RWIX
  EPWM1                 00006800   00000040  00000040  00000000  RWIX
  EPWM2                 00006840   00000040  00000040  00000000  RWIX
  EPWM3                 00006880   00000040  00000040  00000000  RWIX
  EPWM4                 000068c0   00000040  00000040  00000000  RWIX
  ECAP1                 00006a00   00000020  00000020  00000000  RWIX
  GPIOCTRL              00006f80   00000040  00000040  00000000  RWIX
  GPIODAT               00006fc0   00000020  00000020  00000000  RWIX
  GPIOINT               00006fe0   00000020  0000000a  00000016  RWIX
  SYSTEM                00007010   00000020  0000001f  00000001  RWIX
  SPIA                  00007040   00000010  00000010  00000000  RWIX
  SCIA                  00007050   00000010  00000010  00000000  RWIX
  NMIINTRUPT            00007060   00000010  00000010  00000000  RWIX
  XINTRUPT              00007070   00000010  00000010  00000000  RWIX
  ADC                   00007100   00000080  00000051  0000002f  RWIX
  I2CA                  00007900   00000040  00000022  0000001e  RWIX
  RAML0                 00008000   00000400  00000383  0000007d  RWIX
  PARTID                003d7fff   00000001  00000001  00000000  RWIX
  CSM_PWL               003f7ff8   00000008  00000008  00000000  RWIX


SECTION ALLOCATION MAP

 output                                  attributes/
section   page    origin      length       input sections
--------  ----  ----------  ----------   ----------------
.cinit     0    003f450a    00000025     
                  003f450a    0000000e     rts2800_ml.lib : exit.c.obj (.cinit)
                  003f4518    00000008     main.obj (.cinit)
                  003f4520    00000008     <whole-program> (.cinit)
                  003f4528    00000005     <whole-program> (.cinit:__lock)
                  003f452d    00000002     --HOLE-- [fill = 0]

ramfuncs   0    003f7000    000000d0     RUN ADDR = 00000050
                  003f7000    000000af     bootloader.obj (ramfuncs)
                  003f70af    0000001d     F2802x_SysCtrl.obj (ramfuncs)
                  003f70cc    00000004     F2802x_asmfuncs.obj (ramfuncs)

codestart 
*          0    003f7ff6    00000002     
                  003f7ff6    00000002     F2802x_asmfuncs.obj (codestart)

.pinit     0    003f7000    00000000     UNINITIALIZED

.InitBoot 
*          0    00008000    00000026     
                  00008000    00000026     Exit_Boot.obj (.InitBoot)

.stack     1    00000400    00000300     UNINITIALIZED
                  00000400    00000300     --HOLE--

.esysmem   1    00008164    00000100     UNINITIALIZED
                  00008164    00000004     rts2800_ml.lib : memory.c.obj (.esysmem)
                  00008168    000000fc     --HOLE--

.reset     0    003fffc0    00000002     DSECT
                  003fffc0    00000002     rts2800_ml.lib : boot28.asm.obj (.reset)

vectors    0    003fffc2    00000000     DSECT

csm_rsvd   0    00000120    000000ec     
                  00000120    00000076     F2802x_CSMPasswords.obj (csm_rsvd)
                  00000196    00000076     F2802x_asmfuncs.obj (csm_rsvd)

.text.1    0    003f4000    0000030c     
                  003f4000    000000c4     DSP28xx_SciUtil.obj (.text)
                  003f40c4    0000005a     rts2800_ml.lib : fs_mpy28.asm.obj (.text)
                  003f411e    00000054                    : boot28.asm.obj (.text)
                  003f4172    00000046     wdog.obj (.text)
                  003f41b8    00000032     main.obj (.text:retain)
                  003f41ea    00000029     rts2800_ml.lib : exit.c.obj (.text)
                  003f4213    00000029                    : fs_tol28.asm.obj (.text)
                  003f423c    00000025     cpu.obj (.text)
                  003f4261    00000024     rts2800_ml.lib : cpy_tbl.c.obj (.text)
                  003f4285    00000020     flash.obj (.text)
                  003f42a5    0000001d     rts2800_ml.lib : memcpy.c.obj (.text)
                  003f42c2    00000015                    : strncpy.c.obj (.text)
                  003f42d7    00000012     F2802x_asmfuncs.obj (.text)
                  003f42e9    00000011     rts2800_ml.lib : args_main.c.obj (.text)
                  003f42fa    00000006     timer.obj (.text)
                  003f4300    00000005     pie.obj (.text:retain)
                  003f4305    00000003     F2802x_DBGIER.obj (.text)
                  003f4308    00000002     rts2800_ml.lib : pre_init.c.obj (.text)
                  003f430a    00000001                    : _lock.c.obj (.text)
                  003f430b    00000001                    : startup.c.obj (.text)

.econst    0    003f430c    000001fe     
                  003f430c    000001fd     main.obj (.econst:.string)
                  003f4509    00000001     rts2800_ml.lib : defs.c.obj (.econst)

.text.2    0    003f70d0    00000eb0     
                  003f70d0    00000694     main.obj (.text)
                  003f7764    00000159     adc.obj (.text)
                  003f78bd    00000131     F2802x_SysCtrl.obj (.text)
                  003f79ee    00000128     clk.obj (.text)
                  003f7b16    00000113     gpio.obj (.text)
                  003f7c29    000000ff     F2802x_DefaultIsr.obj (.text:retain)
                  003f7d28    000000f8     pie.obj (.text)
                  003f7e20    000000dc     bootloader.obj (.text)
                  003f7efc    0000006e     pll.obj (.text)
                  003f7f6a    00000016     rts2800_ml.lib : strncmp.c.obj (.text)

.ebss.1    1    00000700    0000005e     UNINITIALIZED
                  00000700    00000035     main.obj (.ebss:_connect_at)
                  00000735    00000001     cpu.obj (.ebss)
                  00000736    00000006     rts2800_ml.lib : exit.c.obj (.ebss)
                  0000073c    00000004                    : memory.c.obj (.ebss)
                  00000740    00000018     F2802x_CpuTimers.obj (.ebss)
                  00000758    00000004     sci_io.obj (.ebss)
                  0000075c    00000002     rts2800_ml.lib : _lock.c.obj (.ebss:__lock)

DevEmuRegsFile 
*          1    00000880    00000004     UNINITIALIZED
                  00000880    00000004     F2802x_GlobalVariableDefs.obj (DevEmuRegsFile)

SysPwrCtrlRegsFile 
*          1    00000985    00000003     UNINITIALIZED
                  00000985    00000003     F2802x_GlobalVariableDefs.obj (SysPwrCtrlRegsFile)

FlashRegsFile 
*          1    00000a80    00000008     UNINITIALIZED
                  00000a80    00000008     F2802x_GlobalVariableDefs.obj (FlashRegsFile)

CsmRegsFile 
*          1    00000ae0    00000010     UNINITIALIZED
                  00000ae0    00000010     F2802x_GlobalVariableDefs.obj (CsmRegsFile)

AdcResultFile 
*          1    00000b00    00000020     UNINITIALIZED
                  00000b00    00000020     F2802x_GlobalVariableDefs.obj (AdcResultFile)

CpuTimer0RegsFile 
*          1    00000c00    00000008     UNINITIALIZED
                  00000c00    00000008     F2802x_GlobalVariableDefs.obj (CpuTimer0RegsFile)

CpuTimer1RegsFile 
*          1    00000c08    00000008     UNINITIALIZED
                  00000c08    00000008     F2802x_GlobalVariableDefs.obj (CpuTimer1RegsFile)

CpuTimer2RegsFile 
*          1    00000c10    00000008     UNINITIALIZED
                  00000c10    00000008     F2802x_GlobalVariableDefs.obj (CpuTimer2RegsFile)

PieCtrlRegsFile 
*          1    00000ce0    0000001a     UNINITIALIZED
                  00000ce0    0000001a     F2802x_GlobalVariableDefs.obj (PieCtrlRegsFile)

PieVectTableFile 
*          1    00000d00    00000100     UNINITIALIZED
                  00000d00    00000100     F2802x_GlobalVariableDefs.obj (PieVectTableFile)

EmuKeyVar 
*          1    00000d00    00000001     UNINITIALIZED
                  00000d00    00000001     F2802x_GlobalVariableDefs.obj (EmuKeyVar)

EmuBModeVar 
*          1    00000d01    00000001     UNINITIALIZED
                  00000d01    00000001     F2802x_GlobalVariableDefs.obj (EmuBModeVar)

FlashCallbackVar 
*          1    00000d02    00000002     UNINITIALIZED
                  00000d02    00000002     F2802x_GlobalVariableDefs.obj (FlashCallbackVar)

FlashScalingVar 
*          1    00000d04    00000002     UNINITIALIZED
                  00000d04    00000002     F2802x_GlobalVariableDefs.obj (FlashScalingVar)

Comp1RegsFile 
*          1    00006400    00000020     UNINITIALIZED
                  00006400    00000020     F2802x_GlobalVariableDefs.obj (Comp1RegsFile)

Comp2RegsFile 
*          1    00006420    00000020     UNINITIALIZED
                  00006420    00000020     F2802x_GlobalVariableDefs.obj (Comp2RegsFile)

EPwm1RegsFile 
*          1    00006800    00000040     UNINITIALIZED
                  00006800    00000040     F2802x_GlobalVariableDefs.obj (EPwm1RegsFile)

EPwm2RegsFile 
*          1    00006840    00000040     UNINITIALIZED
                  00006840    00000040     F2802x_GlobalVariableDefs.obj (EPwm2RegsFile)

EPwm3RegsFile 
*          1    00006880    00000040     UNINITIALIZED
                  00006880    00000040     F2802x_GlobalVariableDefs.obj (EPwm3RegsFile)

EPwm4RegsFile 
*          1    000068c0    00000040     UNINITIALIZED
                  000068c0    00000040     F2802x_GlobalVariableDefs.obj (EPwm4RegsFile)

ECap1RegsFile 
*          1    00006a00    00000020     UNINITIALIZED
                  00006a00    00000020     F2802x_GlobalVariableDefs.obj (ECap1RegsFile)

GpioCtrlRegsFile 
*          1    00006f80    00000040     UNINITIALIZED
                  00006f80    00000040     F2802x_GlobalVariableDefs.obj (GpioCtrlRegsFile)

GpioDataRegsFile 
*          1    00006fc0    00000020     UNINITIALIZED
                  00006fc0    00000020     F2802x_GlobalVariableDefs.obj (GpioDataRegsFile)

GpioIntRegsFile 
*          1    00006fe0    0000000a     UNINITIALIZED
                  00006fe0    0000000a     F2802x_GlobalVariableDefs.obj (GpioIntRegsFile)

SysCtrlRegsFile 
*          1    00007010    0000001f     UNINITIALIZED
                  00007010    0000001f     F2802x_GlobalVariableDefs.obj (SysCtrlRegsFile)

SpiaRegsFile 
*          1    00007040    00000010     UNINITIALIZED
                  00007040    00000010     F2802x_GlobalVariableDefs.obj (SpiaRegsFile)

SciaRegsFile 
*          1    00007050    00000010     UNINITIALIZED
                  00007050    00000010     F2802x_GlobalVariableDefs.obj (SciaRegsFile)

NmiIntruptRegsFile 
*          1    00007060    00000010     UNINITIALIZED
                  00007060    00000010     F2802x_GlobalVariableDefs.obj (NmiIntruptRegsFile)

XIntruptRegsFile 
*          1    00007070    00000010     UNINITIALIZED
                  00007070    00000010     F2802x_GlobalVariableDefs.obj (XIntruptRegsFile)

AdcRegsFile 
*          1    00007100    00000051     UNINITIALIZED
                  00007100    00000051     F2802x_GlobalVariableDefs.obj (AdcRegsFile)

I2caRegsFile 
*          1    00007900    00000022     UNINITIALIZED
                  00007900    00000022     F2802x_GlobalVariableDefs.obj (I2caRegsFile)

PartIdRegsFile 
*          1    003d7fff    00000001     UNINITIALIZED
                  003d7fff    00000001     F2802x_GlobalVariableDefs.obj (PartIdRegsFile)

CsmPwlFile 
*          1    003f7ff8    00000008     UNINITIALIZED
                  003f7ff8    00000008     F2802x_GlobalVariableDefs.obj (CsmPwlFile)

csmpasswds 
*          0    0000020c    00000010     
                  0000020c    00000008     F2802x_CSMPasswords.obj (csmpasswds)
                  00000214    00000008     F2802x_asmfuncs.obj (csmpasswds)

.ebss.2    1    00008000    00000163     UNINITIALIZED
                  00008000    00000163     main.obj (.ebss)

.cio       1    00008280    00000120     UNINITIALIZED
                  00008280    00000120     rts2800_ml.lib : trgmsg.c.obj (.cio)

MODULE SUMMARY

       Module                                   code   initialized data   uninitialized data
       ------                                   ----   ----------------   ------------------
    .\
       main.obj                                 1734   517                408               
       F2802x_GlobalVariableDefs.obj            0      0                  1052              
       bootloader.obj                           570    0                  0                 
       DSP28xx_SciUtil.obj                      196    0                  0                 
       Exit_Boot.obj                            38     0                  0                 
    +--+----------------------------------------+------+------------------+--------------------+
       Total:                                   2538   517                1460              
                                                                                            
    .\f2802x_common\source\
       F2802x_SysCtrl.obj                       363    0                  0                 
       adc.obj                                  345    0                  0                 
       clk.obj                                  296    0                  0                 
       gpio.obj                                 275    0                  0                 
       F2802x_DefaultIsr.obj                    255    0                  0                 
       pie.obj                                  253    0                  0                 
       F2802x_asmfuncs.obj                      28     126                0                 
       F2802x_CSMPasswords.obj                  0      126                0                 
       pll.obj                                  110    0                  0                 
       wdog.obj                                 70     0                  0                 
       cpu.obj                                  37     0                  1                 
       flash.obj                                32     0                  0                 
       F2802x_CpuTimers.obj                     0      0                  24                
       timer.obj                                6      0                  0                 
       sci_io.obj                               0      0                  4                 
       F2802x_DBGIER.obj                        3      0                  0                 
    +--+----------------------------------------+------+------------------+--------------------+
       Total:                                   2073   252                29                
                                                                                            
    C:\Users\AS\AppData\Local\Temp\
       {13584720-939B-4803-8A8D-4BE091B72C89}   0      13                 0                 
    +--+----------------------------------------+------+------------------+--------------------+
       Total:                                   0      13                 0                 
                                                                                            
    C:/ti/ccs1020/ccs/tools/compiler/ti-cgt-c2000_20.2.2.LTS/lib/rts2800_ml.lib
       trgmsg.c.obj                             0      0                  288               
       fs_mpy28.asm.obj                         90     0                  0                 
       boot28.asm.obj                           84     0                  0                 
       exit.c.obj                               41     14                 6                 
       fs_tol28.asm.obj                         41     0                  0                 
       cpy_tbl.c.obj                            36     0                  0                 
       memcpy.c.obj                             29     0                  0                 
       strncmp.c.obj                            22     0                  0                 
       strncpy.c.obj                            21     0                  0                 
       args_main.c.obj                          17     0                  0                 
       memory.c.obj                             0      0                  4                 
       _lock.c.obj                              1      0                  2                 
       pre_init.c.obj                           2      0                  0                 
       defs.c.obj                               0      1                  0                 
       startup.c.obj                            1      0                  0                 
    +--+----------------------------------------+------+------------------+--------------------+
       Total:                                   385    15                 300               
                                                                                            
       Heap:                                    0      0                  256               
       Stack:                                   0      0                  768               
    +--+----------------------------------------+------+------------------+--------------------+
       Grand Total:                             4996   797                2813              


GLOBAL DATA SYMBOLS: SORTED BY DATA PAGE

address     data page           name
--------    ----------------    ----
00000400      10 (00000400)     __stack

00000700      1c (00000700)     _connect_at
00000735      1c (00000700)     _cpu
00000736      1c (00000700)     ___TI_enable_exit_profile_output
00000738      1c (00000700)     ___TI_cleanup_ptr
0000073a      1c (00000700)     ___TI_dtors_ptr

00000740      1d (00000740)     _CpuTimer0
00000748      1d (00000740)     _CpuTimer1
00000750      1d (00000740)     _CpuTimer2
00000758      1d (00000740)     _deviceOpen
0000075a      1d (00000740)     _ioSci
0000075c      1d (00000740)     __lock

00000880      22 (00000880)     _DevEmuRegs

00000985      26 (00000980)     _SysPwrCtrlRegs

00000a80      2a (00000a80)     _FlashRegs

00000ae0      2b (00000ac0)     _CsmRegs

00000b00      2c (00000b00)     _AdcResult

00000c00      30 (00000c00)     _CpuTimer0Regs
00000c08      30 (00000c00)     _CpuTimer1Regs
00000c10      30 (00000c00)     _CpuTimer2Regs

00000ce0      33 (00000cc0)     _PieCtrlRegs

00000d00      34 (00000d00)     _EmuKey
00000d00      34 (00000d00)     _PieVectTable
00000d01      34 (00000d00)     _EmuBMode
00000d02      34 (00000d00)     _Flash_CallbackPtr
00000d04      34 (00000d00)     _Flash_CPUScaleFactor

00006400     190 (00006400)     _Comp1Regs
00006420     190 (00006400)     _Comp2Regs

00006800     1a0 (00006800)     _EPwm1Regs

00006840     1a1 (00006840)     _EPwm2Regs

00006880     1a2 (00006880)     _EPwm3Regs

000068c0     1a3 (000068c0)     _EPwm4Regs

00006a00     1a8 (00006a00)     _ECap1Regs

00006f80     1be (00006f80)     _GpioCtrlRegs

00006fc0     1bf (00006fc0)     _GpioDataRegs
00006fe0     1bf (00006fc0)     _GpioIntRegs

00007010     1c0 (00007000)     _SysCtrlRegs

00007040     1c1 (00007040)     _SpiaRegs
00007050     1c1 (00007040)     _SciaRegs
00007060     1c1 (00007040)     _NmiIntruptRegs
00007070     1c1 (00007040)     _XIntruptRegs

00007100     1c4 (00007100)     _AdcRegs

00007900     1e4 (00007900)     _I2caRegs

00008001     200 (00008000)     _at_state
00008002     200 (00008000)     _myFlash
00008004     200 (00008000)     _myGpio
00008006     200 (00008000)     _myPie
00008008     200 (00008000)     _myTimer0
0000800a     200 (00008000)     _myCpu
0000800c     200 (00008000)     _myAdc
0000800e     200 (00008000)     _myWDog
00008010     200 (00008000)     _myPll
00008012     200 (00008000)     _myClk
00008014     200 (00008000)     _ApplicationPtr
00008016     200 (00008000)     _myOsc
00008019     200 (00008000)     _boot_ap

00008040     201 (00008040)     _atCommand_tx

00008080     202 (00008080)     _atCommand_rx

000080c0     203 (000080c0)     _esp8266

00008164     205 (00008140)     __sys_memory

00008280     20a (00008280)     __CIOBUF_

003d7fff    f5ff (003d7fc0)     _PartIdRegs

003f4509    fd14 (003f4500)     ___TI_ft_end

003f7ff8    fdff (003f7fc0)     _CsmPwl


GLOBAL SYMBOLS: SORTED ALPHABETICALLY BY Name 

page  address   name                              
----  -------   ----                              
abs   ffffffff  .text                             
0     003f41ea  C$$EXIT                           
0     003f40c4  FS$$MPY                           
0     003f4213  FS$$TOL                           
0     003f7d23  _ADCINT1_ISR                      
0     003f7d1e  _ADCINT2_ISR                      
0     003f7d19  _ADCINT3_ISR                      
0     003f7d14  _ADCINT4_ISR                      
0     003f7d0f  _ADCINT5_ISR                      
0     003f7d0a  _ADCINT6_ISR                      
0     003f7d05  _ADCINT7_ISR                      
0     003f7d00  _ADCINT8_ISR                      
0     003f7cfb  _ADCINT9_ISR                      
0     003f78b3  _ADC_disable                      
0     003f78a9  _ADC_disableBandGap               
0     003f7893  _ADC_disableInt                   
0     003f7889  _ADC_disableRefBuffers            
0     003f787f  _ADC_disableTempSensor            
0     003f7875  _ADC_enable                       
0     003f786b  _ADC_enableBandGap                
0     003f7855  _ADC_enableInt                    
0     003f784b  _ADC_enableRefBuffers             
0     003f7841  _ADC_enableTempSensor             
0     003f7839  _ADC_init                         
0     003f782f  _ADC_powerDown                    
0     003f7825  _ADC_powerUp                      
0     003f781b  _ADC_reset                        
0     003f77fa  _ADC_setIntMode                   
0     003f77e9  _ADC_setIntPulseGenMode           
0     003f77c8  _ADC_setIntSrc                    
0     003f77b1  _ADC_setSampleMode                
0     003f779d  _ADC_setSocChanNumber             
0     003f7789  _ADC_setSocSampleWindow           
0     003f7775  _ADC_setSocTrigSrc                
0     003f7764  _ADC_setVoltRefSrc                
1     00007100  _AdcRegs                          
1     00000b00  _AdcResult                        
1     00008014  _ApplicationPtr                   
0     003f7b0f  _CLK_disableAdcClock              
0     003f7b09  _CLK_disableClkIn                 
0     003f7b05  _CLK_disableCompClock             
0     003f7afe  _CLK_disableCpuTimerClock         
0     003f7af8  _CLK_disableCrystalOsc            
0     003f7af1  _CLK_disableEcap1Clock            
0     003f7aea  _CLK_disableGpioInputClock        
0     003f7ae3  _CLK_disableHrPwmClock            
0     003f7adc  _CLK_disableI2cClock              
0     003f7ad6  _CLK_disableOsc1                  
0     003f7ad0  _CLK_disableOsc1HaltMode          
0     003f7aca  _CLK_disableOsc2                  
0     003f7ac4  _CLK_disableOsc2HaltMode          
0     003f7aba  _CLK_disablePwmClock              
0     003f7ab1  _CLK_disableSciaClock             
0     003f7aaa  _CLK_disableSpiaClock             
0     003f7aa3  _CLK_disableTbClockSync           
0     003f7a9d  _CLK_disableWatchDogHaltMode      
0     003f7a96  _CLK_enableAdcClock               
0     003f7a90  _CLK_enableClkIn                  
0     003f7a8a  _CLK_enableCompClock              
0     003f7a84  _CLK_enableCpuTimerClock          
0     003f7a7e  _CLK_enableCrystalOsc             
0     003f7a77  _CLK_enableEcap1Clock             
0     003f7a70  _CLK_enableGpioInputClock         
0     003f7a69  _CLK_enableHrPwmClock             
0     003f7a62  _CLK_enableI2cClock               
0     003f7a5c  _CLK_enableOsc1                   
0     003f7a56  _CLK_enableOsc1HaltMode           
0     003f7a50  _CLK_enableOsc2                   
0     003f7a4a  _CLK_enableOsc2HaltMode           
0     003f7a41  _CLK_enablePwmClock               
0     003f7a38  _CLK_enableSciaClock              
0     003f7a31  _CLK_enableSpiaClock              
0     003f7a2a  _CLK_enableTbClockSync            
0     003f7a24  _CLK_enableWatchDogHaltMode       
0     003f7a1e  _CLK_init                         
0     003f7a17  _CLK_setClkOutPreScaler           
0     003f7a11  _CLK_setLowSpdPreScaler           
0     003f7a0a  _CLK_setOsc2Src                   
0     003f7a03  _CLK_setOscSrc                    
0     003f79fc  _CLK_setTimer2PreScale            
0     003f79f5  _CLK_setTimer2Src                 
0     003f79ee  _CLK_setWatchDogSrc               
0     003f425e  _CPU_clearIntFlags                
0     003f425b  _CPU_disableDebugInt              
0     003f4258  _CPU_disableGlobalInts            
0     003f4253  _CPU_disableInt                   
0     003f4250  _CPU_disableInts                  
0     003f424d  _CPU_disableProtectedRegisterWrite
0     003f424a  _CPU_enableDebugInt               
0     003f4247  _CPU_enableGlobalInts             
0     003f4243  _CPU_enableInt                    
0     003f4240  _CPU_enableProtectedRegisterWrite 
0     003f423c  _CPU_init                         
1     00006400  _Comp1Regs                        
1     00006420  _Comp2Regs                        
1     00000740  _CpuTimer0                        
1     00000c00  _CpuTimer0Regs                    
1     00000748  _CpuTimer1                        
1     00000c08  _CpuTimer1Regs                    
1     00000750  _CpuTimer2                        
1     00000c10  _CpuTimer2Regs                    
1     003f7ff8  _CsmPwl                           
1     00000ae0  _CsmRegs                          
0     003f79c0  _CsmUnlock                        
0     003f7cf6  _DATALOG_ISR                      
0     003f42e2  _DSP28x_DisableInt                
0     003f42e6  _DSP28x_RestoreInt                
0     0000011c  _DSP28x_usDelay                   
1     00000880  _DevEmuRegs                       
0     003f78fd  _DisableDog                       
0     003f7cf1  _ECAP1_INT_ISR                    
1     00006a00  _ECap1Regs                        
0     003f7cec  _EMPTY_ISR                        
0     003f7ce7  _EMUINT_ISR                       
0     003f7ce2  _EPWM1_INT_ISR                    
0     003f7cdd  _EPWM1_TZINT_ISR                  
0     003f7cd8  _EPWM2_INT_ISR                    
0     003f7cd3  _EPWM2_TZINT_ISR                  
0     003f7cce  _EPWM3_INT_ISR                    
0     003f7cc9  _EPWM3_TZINT_ISR                  
0     003f7cc4  _EPWM4_INT_ISR                    
0     003f7cbf  _EPWM4_TZINT_ISR                  
1     00006800  _EPwm1Regs                        
1     00006840  _EPwm2Regs                        
1     00006880  _EPwm3Regs                        
1     000068c0  _EPwm4Regs                        
1     00000d01  _EmuBMode                         
1     00000d00  _EmuKey                           
0     003f7754  _Example_MemCopy                  
0     0000800e  _ExitBoot                         
0     003f79a8  _ExtOscSel                        
0     003f429f  _FLASH_clear3VStatus              
0     003f429c  _FLASH_get3VStatus                
0     003f4299  _FLASH_getActiveWaitCount         
0     003f4295  _FLASH_getActiveWaitStatus        
0     003f4292  _FLASH_getPowerMode               
0     003f428f  _FLASH_getStandbyWaitCount        
0     003f428b  _FLASH_getStandbyWaitStatus       
0     003f4285  _FLASH_init                       
abs   003ff98e  _Flash2802x_Erase                 
abs   003ff8d2  _Flash2802x_Program               
abs   003ffdc4  _Flash2802x_Verify                
1     00000a80  _FlashRegs                        
1     00000d04  _Flash_CPUScaleFactor             
1     00000d02  _Flash_CallbackPtr                
0     003f7c1b  _GPIO_getData                     
0     003f7c10  _GPIO_getPortData                 
0     003f7c0a  _GPIO_init                        
0     003f7c01  _GPIO_lpmSelect                   
0     003f7be7  _GPIO_setDirection                
0     003f7bdc  _GPIO_setExtInt                   
0     003f7bcc  _GPIO_setHigh                     
0     003f7bbc  _GPIO_setLow                      
0     003f7b91  _GPIO_setMode                     
0     003f7b84  _GPIO_setPortData                 
0     003f7b6a  _GPIO_setPullUp                   
0     003f7b46  _GPIO_setQualification            
0     003f7b26  _GPIO_setQualificationPeriod      
0     003f7b16  _GPIO_toggle                      
1     00006f80  _GpioCtrlRegs                     
1     00006fc0  _GpioDataRegs                     
1     00006fe0  _GpioIntRegs                      
0     003f7cba  _I2CINT1A_ISR                     
0     003f7cb5  _I2CINT2A_ISR                     
1     00007900  _I2caRegs                         
0     003f7cb0  _ILLEGAL_ISR                      
0     003f7cab  _INT13_ISR                        
0     003f7ca6  _INT14_ISR                        
0     00008000  _InitBoot                         
0     000000ff  _InitFlash                        
0     003f7957  _InitPeripheralClocks             
0     003f7905  _InitPll                          
0     003f7990  _InitSysCtrl                      
0     003f78ed  _IntOsc1Sel                       
0     003f78db  _IntOsc2Sel                       
0     003f7ca1  _NMI_ISR                          
1     00007060  _NmiIntruptRegs                   
0     003f7c9c  _PIE_RESERVED                     
0     003f7e19  _PIE_clearAllFlags                
0     003f7e16  _PIE_clearAllInts                 
0     003f7e13  _PIE_disable                      
0     003f7e0c  _PIE_disableAllInts               
0     003f7e08  _PIE_disableCaptureInt            
0     003f7dff  _PIE_disableExtInt                
0     003f7df5  _PIE_disableInt                   
0     003f7df2  _PIE_enable                       
0     003f7de0  _PIE_enableAdcInt                 
0     003f7ddc  _PIE_enableCaptureInt             
0     003f7dbf  _PIE_enableExtInt                 
0     003f7db6  _PIE_enableInt                    
0     003f7db1  _PIE_enablePwmInt                 
0     003f7dac  _PIE_enablePwmTzInt               
0     003f7da9  _PIE_enableTimer0Int              
0     003f7da0  _PIE_forceInt                     
0     003f7d98  _PIE_getExtIntCount               
0     003f7d91  _PIE_getIntEnables                
0     003f7d8a  _PIE_getIntFlags                  
0     003f4300  _PIE_illegalIsr                   
0     003f7d82  _PIE_init                         
0     003f7d70  _PIE_registerPieIntHandler        
0     003f7d65  _PIE_registerSystemIntHandler     
0     003f7d5a  _PIE_setDefaultIntVectorTable     
0     003f7d49  _PIE_setExtIntPolarity            
0     003f7d35  _PIE_unregisterPieIntHandler      
0     003f7d28  _PIE_unregisterSystemIntHandler   
0     003f7f64  _PLL_disable                      
0     003f7f5e  _PLL_disableClkDetect             
0     003f7f58  _PLL_disableNormRdy               
0     003f7f52  _PLL_disableOsc                   
0     003f7f4c  _PLL_enable                       
0     003f7f46  _PLL_enableClkDetect              
0     003f7f40  _PLL_enableNormRdy                
0     003f7f3a  _PLL_enableOsc                    
0     003f7efc  _PLL_getClkStatus                 
0     003f7f37  _PLL_getDivider                   
0     003f7f0c  _PLL_getLockStatus                
0     003f7f33  _PLL_getMultiplier                
0     003f7f2d  _PLL_init                         
0     003f7f27  _PLL_resetClkDetect               
0     003f7eff  _PLL_setDivider                   
0     003f7f22  _PLL_setLockPeriod                
0     003f7f06  _PLL_setMultiplier                
0     003f7f0f  _PLL_setup                        
1     003d7fff  _PartIdRegs                       
1     00000ce0  _PieCtrlRegs                      
1     00000d00  _PieVectTable                     
0     003f7c97  _RTOSINT_ISR                      
abs   000000d0  _RamfuncsLoadSize                 
0     003f7000  _RamfuncsLoadStart                
0     00000050  _RamfuncsRunStart                 
0     003f7c92  _SCIRXINTA_ISR                    
0     003f7c8d  _SCITXINTA_ISR                    
0     003f7c88  _SPIRXINTA_ISR                    
0     003f7c83  _SPITXINTA_ISR                    
1     00007050  _SciaRegs                         
0     003f78d1  _ServiceDog                       
0     003f4305  _SetDBGIER                        
1     00007040  _SpiaRegs                         
1     00007010  _SysCtrlRegs                      
1     00000985  _SysPwrCtrlRegs                   
0     003f42fa  _TIMER_init                       
0     003f7c7e  _TINT0_ISR                        
0     003f7c79  _USER10_ISR                       
0     003f7c74  _USER11_ISR                       
0     003f7c6f  _USER12_ISR                       
0     003f7c6a  _USER1_ISR                        
0     003f7c65  _USER2_ISR                        
0     003f7c60  _USER3_ISR                        
0     003f7c5b  _USER4_ISR                        
0     003f7c56  _USER5_ISR                        
0     003f7c51  _USER6_ISR                        
0     003f7c4c  _USER7_ISR                        
0     003f7c47  _USER8_ISR                        
0     003f7c42  _USER9_ISR                        
0     003f7c3d  _WAKEINT_ISR                      
0     003f41b0  _WDOG_clearCounter                
0     003f41a8  _WDOG_disable                     
0     003f41a2  _WDOG_disableInt                  
0     003f419c  _WDOG_disableOverRide             
0     003f4193  _WDOG_enable                      
0     003f418d  _WDOG_enableInt                   
0     003f4187  _WDOG_enableOverRide              
0     003f4184  _WDOG_getIntStatus                
0     003f417e  _WDOG_init                        
0     003f417c  _WDOG_setCount                    
0     003f4172  _WDOG_setPreScaler                
0     003f7c38  _XINT1_ISR                        
0     003f7c33  _XINT2_ISR                        
0     003f7c2e  _XINT3_ISR                        
1     00007070  _XIntruptRegs                     
0     003f78bd  _XtalOscSel                       
1     00008280  __CIOBUF_                         
1     00000700  __STACK_END                       
abs   00000300  __STACK_SIZE                      
abs   00000100  __SYSMEM_SIZE                     
1     00000738  ___TI_cleanup_ptr                 
1     0000073a  ___TI_dtors_ptr                   
1     00000736  ___TI_enable_exit_profile_output  
0     003f4509  ___TI_ft_end                      
abs   ffffffff  ___TI_pprof_out_hndl              
abs   ffffffff  ___TI_prof_data_size              
abs   ffffffff  ___TI_prof_data_start             
abs   ffffffff  ___binit__                        
abs   ffffffff  ___c_args__                       
0     003f450a  ___cinit__                        
abs   ffffffff  ___etext__                        
abs   ffffffff  ___pinit__                        
abs   ffffffff  ___text__                         
0     003f42e9  __args_main                       
1     0000075c  __lock                            
0     003f430a  __nop                             
1     00000400  __stack                           
1     00008164  __sys_memory                      
0     003f430b  __system_post_cinit               
0     003f4308  __system_pre_init                 
0     003f41ea  _abort                            
0     003f72de  _atCommandManager                 
0     003f72da  _atCommandSend                    
1     00008080  _atCommand_rx                     
1     00008040  _atCommand_tx                     
1     00008001  _at_state                         
1     00008019  _boot_ap                          
0     003f7e87  _bootloader                       
0     003f411e  _c_int00                          
0     003f73e4  _check_flash                      
0     003f73f9  _command_manager                  
1     00000700  _connect_at                       
0     003f4261  _copy_in                          
1     00000735  _cpu                              
0     003f41bd  _cpu_scia_rx_isr                  
0     003f41b8  _cpu_scia_tx_isr                  
1     00000758  _deviceOpen                       
0     003f7e76  _erase                            
1     000080c0  _esp8266                          
0     003f41ec  _exit                             
0     003f710d  _initPerirherals                  
0     003f7356  _initWiFi                         
1     0000075a  _ioSci                            
0     003f7497  _main                             
0     003f42a5  _memcpy                           
1     0000800c  _myAdc                            
1     00008012  _myClk                            
1     0000800a  _myCpu                            
1     00008002  _myFlash                          
1     00008004  _myGpio                           
1     00008016  _myOsc                            
1     00008006  _myPie                            
1     00008010  _myPll                            
1     00008008  _myTimer0                         
1     0000800e  _myWDog                           
0     003f7c29  _rsvd_ISR                         
0     003f70f4  _sciReadBuff                      
0     003f7e4c  _sciReadLongWord                  
0     003f7e39  _sciReadWord                      
0     003f4038  _scia_rcv                         
0     003f4000  _scia_xmit                        
0     003f42df  _setDBGIER                        
0     00000050  _start_programm                   
0     003f70d0  _stringSeeker                     
0     003f7f6a  _strncmp                          
0     003f42c2  _strncpy                          
0     003f7e33  _verify                           
0     003f7e20  _wait_key                         
abs   ffffffff  binit                             
0     003f450a  cinit                             
0     003f7ff6  code_start                        
abs   ffffffff  etext                             
abs   ffffffff  pinit                             


GLOBAL SYMBOLS: SORTED BY Symbol Address 

page  address   name                              
----  -------   ----                              
0     00000050  _RamfuncsRunStart                 
0     00000050  _start_programm                   
0     000000ff  _InitFlash                        
0     0000011c  _DSP28x_usDelay                   
0     00008000  _InitBoot                         
0     0000800e  _ExitBoot                         
0     003f4000  _scia_xmit                        
0     003f4038  _scia_rcv                         
0     003f40c4  FS$$MPY                           
0     003f411e  _c_int00                          
0     003f4172  _WDOG_setPreScaler                
0     003f417c  _WDOG_setCount                    
0     003f417e  _WDOG_init                        
0     003f4184  _WDOG_getIntStatus                
0     003f4187  _WDOG_enableOverRide              
0     003f418d  _WDOG_enableInt                   
0     003f4193  _WDOG_enable                      
0     003f419c  _WDOG_disableOverRide             
0     003f41a2  _WDOG_disableInt                  
0     003f41a8  _WDOG_disable                     
0     003f41b0  _WDOG_clearCounter                
0     003f41b8  _cpu_scia_tx_isr                  
0     003f41bd  _cpu_scia_rx_isr                  
0     003f41ea  C$$EXIT                           
0     003f41ea  _abort                            
0     003f41ec  _exit                             
0     003f4213  FS$$TOL                           
0     003f423c  _CPU_init                         
0     003f4240  _CPU_enableProtectedRegisterWrite 
0     003f4243  _CPU_enableInt                    
0     003f4247  _CPU_enableGlobalInts             
0     003f424a  _CPU_enableDebugInt               
0     003f424d  _CPU_disableProtectedRegisterWrite
0     003f4250  _CPU_disableInts                  
0     003f4253  _CPU_disableInt                   
0     003f4258  _CPU_disableGlobalInts            
0     003f425b  _CPU_disableDebugInt              
0     003f425e  _CPU_clearIntFlags                
0     003f4261  _copy_in                          
0     003f4285  _FLASH_init                       
0     003f428b  _FLASH_getStandbyWaitStatus       
0     003f428f  _FLASH_getStandbyWaitCount        
0     003f4292  _FLASH_getPowerMode               
0     003f4295  _FLASH_getActiveWaitStatus        
0     003f4299  _FLASH_getActiveWaitCount         
0     003f429c  _FLASH_get3VStatus                
0     003f429f  _FLASH_clear3VStatus              
0     003f42a5  _memcpy                           
0     003f42c2  _strncpy                          
0     003f42df  _setDBGIER                        
0     003f42e2  _DSP28x_DisableInt                
0     003f42e6  _DSP28x_RestoreInt                
0     003f42e9  __args_main                       
0     003f42fa  _TIMER_init                       
0     003f4300  _PIE_illegalIsr                   
0     003f4305  _SetDBGIER                        
0     003f4308  __system_pre_init                 
0     003f430a  __nop                             
0     003f430b  __system_post_cinit               
0     003f4509  ___TI_ft_end                      
0     003f450a  ___cinit__                        
0     003f450a  cinit                             
0     003f7000  _RamfuncsLoadStart                
0     003f70d0  _stringSeeker                     
0     003f70f4  _sciReadBuff                      
0     003f710d  _initPerirherals                  
0     003f72da  _atCommandSend                    
0     003f72de  _atCommandManager                 
0     003f7356  _initWiFi                         
0     003f73e4  _check_flash                      
0     003f73f9  _command_manager                  
0     003f7497  _main                             
0     003f7754  _Example_MemCopy                  
0     003f7764  _ADC_setVoltRefSrc                
0     003f7775  _ADC_setSocTrigSrc                
0     003f7789  _ADC_setSocSampleWindow           
0     003f779d  _ADC_setSocChanNumber             
0     003f77b1  _ADC_setSampleMode                
0     003f77c8  _ADC_setIntSrc                    
0     003f77e9  _ADC_setIntPulseGenMode           
0     003f77fa  _ADC_setIntMode                   
0     003f781b  _ADC_reset                        
0     003f7825  _ADC_powerUp                      
0     003f782f  _ADC_powerDown                    
0     003f7839  _ADC_init                         
0     003f7841  _ADC_enableTempSensor             
0     003f784b  _ADC_enableRefBuffers             
0     003f7855  _ADC_enableInt                    
0     003f786b  _ADC_enableBandGap                
0     003f7875  _ADC_enable                       
0     003f787f  _ADC_disableTempSensor            
0     003f7889  _ADC_disableRefBuffers            
0     003f7893  _ADC_disableInt                   
0     003f78a9  _ADC_disableBandGap               
0     003f78b3  _ADC_disable                      
0     003f78bd  _XtalOscSel                       
0     003f78d1  _ServiceDog                       
0     003f78db  _IntOsc2Sel                       
0     003f78ed  _IntOsc1Sel                       
0     003f78fd  _DisableDog                       
0     003f7905  _InitPll                          
0     003f7957  _InitPeripheralClocks             
0     003f7990  _InitSysCtrl                      
0     003f79a8  _ExtOscSel                        
0     003f79c0  _CsmUnlock                        
0     003f79ee  _CLK_setWatchDogSrc               
0     003f79f5  _CLK_setTimer2Src                 
0     003f79fc  _CLK_setTimer2PreScale            
0     003f7a03  _CLK_setOscSrc                    
0     003f7a0a  _CLK_setOsc2Src                   
0     003f7a11  _CLK_setLowSpdPreScaler           
0     003f7a17  _CLK_setClkOutPreScaler           
0     003f7a1e  _CLK_init                         
0     003f7a24  _CLK_enableWatchDogHaltMode       
0     003f7a2a  _CLK_enableTbClockSync            
0     003f7a31  _CLK_enableSpiaClock              
0     003f7a38  _CLK_enableSciaClock              
0     003f7a41  _CLK_enablePwmClock               
0     003f7a4a  _CLK_enableOsc2HaltMode           
0     003f7a50  _CLK_enableOsc2                   
0     003f7a56  _CLK_enableOsc1HaltMode           
0     003f7a5c  _CLK_enableOsc1                   
0     003f7a62  _CLK_enableI2cClock               
0     003f7a69  _CLK_enableHrPwmClock             
0     003f7a70  _CLK_enableGpioInputClock         
0     003f7a77  _CLK_enableEcap1Clock             
0     003f7a7e  _CLK_enableCrystalOsc             
0     003f7a84  _CLK_enableCpuTimerClock          
0     003f7a8a  _CLK_enableCompClock              
0     003f7a90  _CLK_enableClkIn                  
0     003f7a96  _CLK_enableAdcClock               
0     003f7a9d  _CLK_disableWatchDogHaltMode      
0     003f7aa3  _CLK_disableTbClockSync           
0     003f7aaa  _CLK_disableSpiaClock             
0     003f7ab1  _CLK_disableSciaClock             
0     003f7aba  _CLK_disablePwmClock              
0     003f7ac4  _CLK_disableOsc2HaltMode          
0     003f7aca  _CLK_disableOsc2                  
0     003f7ad0  _CLK_disableOsc1HaltMode          
0     003f7ad6  _CLK_disableOsc1                  
0     003f7adc  _CLK_disableI2cClock              
0     003f7ae3  _CLK_disableHrPwmClock            
0     003f7aea  _CLK_disableGpioInputClock        
0     003f7af1  _CLK_disableEcap1Clock            
0     003f7af8  _CLK_disableCrystalOsc            
0     003f7afe  _CLK_disableCpuTimerClock         
0     003f7b05  _CLK_disableCompClock             
0     003f7b09  _CLK_disableClkIn                 
0     003f7b0f  _CLK_disableAdcClock              
0     003f7b16  _GPIO_toggle                      
0     003f7b26  _GPIO_setQualificationPeriod      
0     003f7b46  _GPIO_setQualification            
0     003f7b6a  _GPIO_setPullUp                   
0     003f7b84  _GPIO_setPortData                 
0     003f7b91  _GPIO_setMode                     
0     003f7bbc  _GPIO_setLow                      
0     003f7bcc  _GPIO_setHigh                     
0     003f7bdc  _GPIO_setExtInt                   
0     003f7be7  _GPIO_setDirection                
0     003f7c01  _GPIO_lpmSelect                   
0     003f7c0a  _GPIO_init                        
0     003f7c10  _GPIO_getPortData                 
0     003f7c1b  _GPIO_getData                     
0     003f7c29  _rsvd_ISR                         
0     003f7c2e  _XINT3_ISR                        
0     003f7c33  _XINT2_ISR                        
0     003f7c38  _XINT1_ISR                        
0     003f7c3d  _WAKEINT_ISR                      
0     003f7c42  _USER9_ISR                        
0     003f7c47  _USER8_ISR                        
0     003f7c4c  _USER7_ISR                        
0     003f7c51  _USER6_ISR                        
0     003f7c56  _USER5_ISR                        
0     003f7c5b  _USER4_ISR                        
0     003f7c60  _USER3_ISR                        
0     003f7c65  _USER2_ISR                        
0     003f7c6a  _USER1_ISR                        
0     003f7c6f  _USER12_ISR                       
0     003f7c74  _USER11_ISR                       
0     003f7c79  _USER10_ISR                       
0     003f7c7e  _TINT0_ISR                        
0     003f7c83  _SPITXINTA_ISR                    
0     003f7c88  _SPIRXINTA_ISR                    
0     003f7c8d  _SCITXINTA_ISR                    
0     003f7c92  _SCIRXINTA_ISR                    
0     003f7c97  _RTOSINT_ISR                      
0     003f7c9c  _PIE_RESERVED                     
0     003f7ca1  _NMI_ISR                          
0     003f7ca6  _INT14_ISR                        
0     003f7cab  _INT13_ISR                        
0     003f7cb0  _ILLEGAL_ISR                      
0     003f7cb5  _I2CINT2A_ISR                     
0     003f7cba  _I2CINT1A_ISR                     
0     003f7cbf  _EPWM4_TZINT_ISR                  
0     003f7cc4  _EPWM4_INT_ISR                    
0     003f7cc9  _EPWM3_TZINT_ISR                  
0     003f7cce  _EPWM3_INT_ISR                    
0     003f7cd3  _EPWM2_TZINT_ISR                  
0     003f7cd8  _EPWM2_INT_ISR                    
0     003f7cdd  _EPWM1_TZINT_ISR                  
0     003f7ce2  _EPWM1_INT_ISR                    
0     003f7ce7  _EMUINT_ISR                       
0     003f7cec  _EMPTY_ISR                        
0     003f7cf1  _ECAP1_INT_ISR                    
0     003f7cf6  _DATALOG_ISR                      
0     003f7cfb  _ADCINT9_ISR                      
0     003f7d00  _ADCINT8_ISR                      
0     003f7d05  _ADCINT7_ISR                      
0     003f7d0a  _ADCINT6_ISR                      
0     003f7d0f  _ADCINT5_ISR                      
0     003f7d14  _ADCINT4_ISR                      
0     003f7d19  _ADCINT3_ISR                      
0     003f7d1e  _ADCINT2_ISR                      
0     003f7d23  _ADCINT1_ISR                      
0     003f7d28  _PIE_unregisterSystemIntHandler   
0     003f7d35  _PIE_unregisterPieIntHandler      
0     003f7d49  _PIE_setExtIntPolarity            
0     003f7d5a  _PIE_setDefaultIntVectorTable     
0     003f7d65  _PIE_registerSystemIntHandler     
0     003f7d70  _PIE_registerPieIntHandler        
0     003f7d82  _PIE_init                         
0     003f7d8a  _PIE_getIntFlags                  
0     003f7d91  _PIE_getIntEnables                
0     003f7d98  _PIE_getExtIntCount               
0     003f7da0  _PIE_forceInt                     
0     003f7da9  _PIE_enableTimer0Int              
0     003f7dac  _PIE_enablePwmTzInt               
0     003f7db1  _PIE_enablePwmInt                 
0     003f7db6  _PIE_enableInt                    
0     003f7dbf  _PIE_enableExtInt                 
0     003f7ddc  _PIE_enableCaptureInt             
0     003f7de0  _PIE_enableAdcInt                 
0     003f7df2  _PIE_enable                       
0     003f7df5  _PIE_disableInt                   
0     003f7dff  _PIE_disableExtInt                
0     003f7e08  _PIE_disableCaptureInt            
0     003f7e0c  _PIE_disableAllInts               
0     003f7e13  _PIE_disable                      
0     003f7e16  _PIE_clearAllInts                 
0     003f7e19  _PIE_clearAllFlags                
0     003f7e20  _wait_key                         
0     003f7e33  _verify                           
0     003f7e39  _sciReadWord                      
0     003f7e4c  _sciReadLongWord                  
0     003f7e76  _erase                            
0     003f7e87  _bootloader                       
0     003f7efc  _PLL_getClkStatus                 
0     003f7eff  _PLL_setDivider                   
0     003f7f06  _PLL_setMultiplier                
0     003f7f0c  _PLL_getLockStatus                
0     003f7f0f  _PLL_setup                        
0     003f7f22  _PLL_setLockPeriod                
0     003f7f27  _PLL_resetClkDetect               
0     003f7f2d  _PLL_init                         
0     003f7f33  _PLL_getMultiplier                
0     003f7f37  _PLL_getDivider                   
0     003f7f3a  _PLL_enableOsc                    
0     003f7f40  _PLL_enableNormRdy                
0     003f7f46  _PLL_enableClkDetect              
0     003f7f4c  _PLL_enable                       
0     003f7f52  _PLL_disableOsc                   
0     003f7f58  _PLL_disableNormRdy               
0     003f7f5e  _PLL_disableClkDetect             
0     003f7f64  _PLL_disable                      
0     003f7f6a  _strncmp                          
0     003f7ff6  code_start                        
1     00000400  __stack                           
1     00000700  __STACK_END                       
1     00000700  _connect_at                       
1     00000735  _cpu                              
1     00000736  ___TI_enable_exit_profile_output  
1     00000738  ___TI_cleanup_ptr                 
1     0000073a  ___TI_dtors_ptr                   
1     00000740  _CpuTimer0                        
1     00000748  _CpuTimer1                        
1     00000750  _CpuTimer2                        
1     00000758  _deviceOpen                       
1     0000075a  _ioSci                            
1     0000075c  __lock                            
1     00000880  _DevEmuRegs                       
1     00000985  _SysPwrCtrlRegs                   
1     00000a80  _FlashRegs                        
1     00000ae0  _CsmRegs                          
1     00000b00  _AdcResult                        
1     00000c00  _CpuTimer0Regs                    
1     00000c08  _CpuTimer1Regs                    
1     00000c10  _CpuTimer2Regs                    
1     00000ce0  _PieCtrlRegs                      
1     00000d00  _EmuKey                           
1     00000d00  _PieVectTable                     
1     00000d01  _EmuBMode                         
1     00000d02  _Flash_CallbackPtr                
1     00000d04  _Flash_CPUScaleFactor             
1     00006400  _Comp1Regs                        
1     00006420  _Comp2Regs                        
1     00006800  _EPwm1Regs                        
1     00006840  _EPwm2Regs                        
1     00006880  _EPwm3Regs                        
1     000068c0  _EPwm4Regs                        
1     00006a00  _ECap1Regs                        
1     00006f80  _GpioCtrlRegs                     
1     00006fc0  _GpioDataRegs                     
1     00006fe0  _GpioIntRegs                      
1     00007010  _SysCtrlRegs                      
1     00007040  _SpiaRegs                         
1     00007050  _SciaRegs                         
1     00007060  _NmiIntruptRegs                   
1     00007070  _XIntruptRegs                     
1     00007100  _AdcRegs                          
1     00007900  _I2caRegs                         
1     00008001  _at_state                         
1     00008002  _myFlash                          
1     00008004  _myGpio                           
1     00008006  _myPie                            
1     00008008  _myTimer0                         
1     0000800a  _myCpu                            
1     0000800c  _myAdc                            
1     0000800e  _myWDog                           
1     00008010  _myPll                            
1     00008012  _myClk                            
1     00008014  _ApplicationPtr                   
1     00008016  _myOsc                            
1     00008019  _boot_ap                          
1     00008040  _atCommand_tx                     
1     00008080  _atCommand_rx                     
1     000080c0  _esp8266                          
1     00008164  __sys_memory                      
1     00008280  __CIOBUF_                         
1     003d7fff  _PartIdRegs                       
1     003f7ff8  _CsmPwl                           
abs   000000d0  _RamfuncsLoadSize                 
abs   00000100  __SYSMEM_SIZE                     
abs   00000300  __STACK_SIZE                      
abs   003ff8d2  _Flash2802x_Program               
abs   003ff98e  _Flash2802x_Erase                 
abs   003ffdc4  _Flash2802x_Verify                
abs   ffffffff  .text                             
abs   ffffffff  ___TI_pprof_out_hndl              
abs   ffffffff  ___TI_prof_data_size              
abs   ffffffff  ___TI_prof_data_start             
abs   ffffffff  ___binit__                        
abs   ffffffff  ___c_args__                       
abs   ffffffff  ___etext__                        
abs   ffffffff  ___pinit__                        
abs   ffffffff  ___text__                         
abs   ffffffff  binit                             
abs   ffffffff  etext                             
abs   ffffffff  pinit                             

[348 symbols]
