******************************************************************************
             TMS320C2000 Linker PC v20.2.2                     
******************************************************************************
>> Linked Fri Apr  7 23:49:02 2023

OUTPUT FILE NAME:   <kick_scooter_rect_boot_beta0_tms320f28032.out>
ENTRY POINT SYMBOL: "_c_int00"  address: 003f7187


MEMORY CONFIGURATION

         name            origin    length      used     unused   attr    fill
----------------------  --------  ---------  --------  --------  ----  --------
PAGE 0:
  RAML0                 00008000   00000800  0000013c  000006c4  RWIX
  RAML1                 00008800   00000400  00000000  00000400  RWIX
  OTP                   003d7800   00000400  00000000  00000400  RWIX
  FLASHC                003f5000   00002f80  00002cbe  000002c2  RWIX
  CSM_RSVD              003f7f80   00000076  00000076  00000000  RWIX
  BEGIN                 003f7ff6   00000002  00000002  00000000  RWIX
  CSM_PWL_P0            003f7ff8   00000008  00000008  00000000  RWIX
  IQTABLES              003fe000   00000b50  00000000  00000b50  RWIX
  IQTABLES2             003feb50   0000008c  00000000  0000008c  RWIX
  IQTABLES3             003febdc   000000aa  00000000  000000aa  RWIX
  ROM                   003ff27c   00000d44  00000000  00000d44  RWIX
  RESET                 003fffc0   00000002  00000000  00000002  RWIX
  VECTORS               003fffc2   0000003e  00000000  0000003e  RWIX

PAGE 1:
  BOOT_RSVD             00000000   00000050  00000000  00000050  RWIX
  RAMM0                 00000050   000003b0  00000300  000000b0  RWIX
  RAMM1                 00000400   00000400  00000120  000002e0  RWIX
  DEV_EMU               00000880   00000105  00000004  00000101  RWIX
  SYS_PWR_CTL           00000985   00000003  00000003  00000000  RWIX
  FLASH_REGS            00000a80   00000060  00000008  00000058  RWIX
  CSM                   00000ae0   00000010  00000010  00000000  RWIX
  ADC_RESULT            00000b00   00000020  00000020  00000000  RWIX
  CPU_TIMER0            00000c00   00000008  00000008  00000000  RWIX
  CPU_TIMER1            00000c08   00000008  00000008  00000000  RWIX
  CPU_TIMER2            00000c10   00000008  00000008  00000000  RWIX
  PIE_CTRL              00000ce0   00000020  0000001a  00000006  RWIX
  PIE_VECT              00000d00   00000100  00000100  00000000  RWIX
  CLA1                  00001400   00000080  00000040  00000040  RWIX
  ECANA                 00006000   00000040  00000034  0000000c  RWIX
  ECANA_LAM             00006040   00000040  00000040  00000000  RWIX
  ECANA_MOTS            00006080   00000040  00000040  00000000  RWIX
  ECANA_MOTO            000060c0   00000040  00000040  00000000  RWIX
  ECANA_MBOX            00006100   00000100  00000100  00000000  RWIX
  COMP1                 00006400   00000020  00000014  0000000c  RWIX
  COMP2                 00006420   00000020  00000014  0000000c  RWIX
  COMP3                 00006440   00000020  00000014  0000000c  RWIX
  EPWM1                 00006800   00000040  00000040  00000000  RWIX
  EPWM2                 00006840   00000040  00000040  00000000  RWIX
  EPWM3                 00006880   00000040  00000040  00000000  RWIX
  EPWM4                 000068c0   00000040  00000040  00000000  RWIX
  EPWM5                 00006900   00000040  00000040  00000000  RWIX
  EPWM6                 00006940   00000040  00000040  00000000  RWIX
  EPWM7                 00006980   00000040  00000040  00000000  RWIX
  ECAP1                 00006a00   00000020  00000020  00000000  RWIX
  HRCAP1                00006ac0   00000020  00000020  00000000  RWIX
  HRCAP2                00006ae0   00000020  00000020  00000000  RWIX
  EQEP1                 00006b00   00000040  00000040  00000000  RWIX
  LINA                  00006c00   00000080  0000004a  00000036  RWIX
  GPIOCTRL              00006f80   00000040  00000040  00000000  RWIX
  GPIODAT               00006fc0   00000020  00000020  00000000  RWIX
  GPIOINT               00006fe0   00000020  0000000c  00000014  RWIX
  SYSTEM                00007010   00000020  00000020  00000000  RWIX
  SPIA                  00007040   00000010  00000010  00000000  RWIX
  SCIA                  00007050   00000010  00000010  00000000  RWIX
  NMIINTRUPT            00007060   00000010  00000010  00000000  RWIX
  XINTRUPT              00007070   00000010  00000010  00000000  RWIX
  ADC                   00007100   00000080  00000050  00000030  RWIX
  SPIB                  00007740   00000010  00000010  00000000  RWIX
  I2CA                  00007900   00000040  00000022  0000001e  RWIX
  RAML2                 00008c00   00000400  00000386  0000007a  RWIX
  RAML3                 00009000   00001000  00000100  00000f00  RWIX
  PARTID                003d7e80   00000001  00000001  00000000  RWIX
  FLASHB                003f6000   00001000  00000000  00001000  RWIX
  CSM_PWL               003f7ff8   00000008  00000008  00000000  RWIX


SECTION ALLOCATION MAP

 output                                  attributes/
section   page    origin      length       input sections
--------  ----  ----------  ----------   ----------------
.econst    0    003f77c4    0000035c     
                  003f77c4    000001eb     main.obj (.econst:.string)
                  003f79af    00000101     rts2800_ml.lib : ctype.c.obj (.econst:.string:__ctypes_)
                  003f7ab0    00000026                    : _printfi.c.obj (.econst:.string)
                  003f7ad6    0000001c                    : _printfi.c.obj (.econst)
                  003f7af2    0000001c                    : s_scalbn.c.obj (.econst)
                  003f7b0e    00000008     main.obj (.econst:_$P$T0$2)
                  003f7b16    00000008     rts2800_ml.lib : s_frexp.c.obj (.econst)
                  003f7b1e    00000002                    : fputs.c.obj (.econst:.string)

ramfuncs   0    003f7b20    00000116     RUN ADDR = 00008000
                  003f7b20    000000f5     bootloader.obj (ramfuncs)
                  003f7c15    0000001d     DSP2803x_SysCtrl.obj (ramfuncs)
                  003f7c32    00000004     DSP2803x_usDelay.obj (ramfuncs)

.cinit     0    003f7c36    00000089     
                  003f7c36    00000026     rts2800_ml.lib : defs.c.obj (.cinit:__ftable)
                  003f7c5c    0000001b                    : host_device.c.obj (.cinit:__device)
                  003f7c77    0000000e                    : host_device.c.obj (.cinit:__stream)
                  003f7c85    0000000e                    : exit.c.obj (.cinit)
                  003f7c93    0000000c     main.obj (.cinit)
                  003f7c9f    00000005     rts2800_ml.lib : _lock.c.obj (.cinit:__lock)
                  003f7ca4    00000005                    : _lock.c.obj (.cinit:__unlock)
                  003f7ca9    00000004                    : defs.c.obj (.cinit)
                  003f7cad    00000004                    : errno.c.obj (.cinit)
                  003f7cb1    00000004                    : fopen.c.obj (.cinit)
                  003f7cb5    00000004                    : memory.c.obj (.cinit)
                  003f7cb9    00000004                    : open.c.obj (.cinit)
                  003f7cbd    00000002     --HOLE-- [fill = 0]

csm_rsvd   0    003f7f80    00000076     
                  003f7f80    00000076     DSP2803x_CSMPasswords.obj (csm_rsvd)

DevEmuRegsFile 
*          1    00000880    00000004     UNINITIALIZED
                  00000880    00000004     DSP2803x_GlobalVariableDefs.obj (DevEmuRegsFile)

SysPwrCtrlRegsFile 
*          1    00000985    00000003     UNINITIALIZED
                  00000985    00000003     DSP2803x_GlobalVariableDefs.obj (SysPwrCtrlRegsFile)

FlashRegsFile 
*          1    00000a80    00000008     UNINITIALIZED
                  00000a80    00000008     DSP2803x_GlobalVariableDefs.obj (FlashRegsFile)

CsmRegsFile 
*          1    00000ae0    00000010     UNINITIALIZED
                  00000ae0    00000010     DSP2803x_GlobalVariableDefs.obj (CsmRegsFile)

AdcResultFile 
*          1    00000b00    00000020     UNINITIALIZED
                  00000b00    00000020     DSP2803x_GlobalVariableDefs.obj (AdcResultFile)

CpuTimer0RegsFile 
*          1    00000c00    00000008     UNINITIALIZED
                  00000c00    00000008     DSP2803x_GlobalVariableDefs.obj (CpuTimer0RegsFile)

CpuTimer1RegsFile 
*          1    00000c08    00000008     UNINITIALIZED
                  00000c08    00000008     DSP2803x_GlobalVariableDefs.obj (CpuTimer1RegsFile)

CpuTimer2RegsFile 
*          1    00000c10    00000008     UNINITIALIZED
                  00000c10    00000008     DSP2803x_GlobalVariableDefs.obj (CpuTimer2RegsFile)

PieCtrlRegsFile 
*          1    00000ce0    0000001a     UNINITIALIZED
                  00000ce0    0000001a     DSP2803x_GlobalVariableDefs.obj (PieCtrlRegsFile)

PieVectTableFile 
*          1    00000d00    00000100     UNINITIALIZED
                  00000d00    00000100     DSP2803x_GlobalVariableDefs.obj (PieVectTableFile)

EmuKeyVar 
*          1    00000d00    00000001     UNINITIALIZED
                  00000d00    00000001     DSP2803x_GlobalVariableDefs.obj (EmuKeyVar)

EmuBModeVar 
*          1    00000d01    00000001     UNINITIALIZED
                  00000d01    00000001     DSP2803x_GlobalVariableDefs.obj (EmuBModeVar)

FlashCallbackVar 
*          1    00000d02    00000002     UNINITIALIZED
                  00000d02    00000002     DSP2803x_GlobalVariableDefs.obj (FlashCallbackVar)

FlashScalingVar 
*          1    00000d04    00000002     UNINITIALIZED
                  00000d04    00000002     DSP2803x_GlobalVariableDefs.obj (FlashScalingVar)

Cla1RegsFile 
*          1    00001400    00000040     UNINITIALIZED
                  00001400    00000040     DSP2803x_GlobalVariableDefs.obj (Cla1RegsFile)

ECanaRegsFile 
*          1    00006000    00000034     UNINITIALIZED
                  00006000    00000034     DSP2803x_GlobalVariableDefs.obj (ECanaRegsFile)

ECanaLAMRegsFile 
*          1    00006040    00000040     UNINITIALIZED
                  00006040    00000040     DSP2803x_GlobalVariableDefs.obj (ECanaLAMRegsFile)

ECanaMOTSRegsFile 
*          1    00006080    00000040     UNINITIALIZED
                  00006080    00000040     DSP2803x_GlobalVariableDefs.obj (ECanaMOTSRegsFile)

ECanaMOTORegsFile 
*          1    000060c0    00000040     UNINITIALIZED
                  000060c0    00000040     DSP2803x_GlobalVariableDefs.obj (ECanaMOTORegsFile)

ECanaMboxesFile 
*          1    00006100    00000100     UNINITIALIZED
                  00006100    00000100     DSP2803x_GlobalVariableDefs.obj (ECanaMboxesFile)

Comp1RegsFile 
*          1    00006400    00000014     UNINITIALIZED
                  00006400    00000014     DSP2803x_GlobalVariableDefs.obj (Comp1RegsFile)

Comp2RegsFile 
*          1    00006420    00000014     UNINITIALIZED
                  00006420    00000014     DSP2803x_GlobalVariableDefs.obj (Comp2RegsFile)

Comp3RegsFile 
*          1    00006440    00000014     UNINITIALIZED
                  00006440    00000014     DSP2803x_GlobalVariableDefs.obj (Comp3RegsFile)

EPwm1RegsFile 
*          1    00006800    00000040     UNINITIALIZED
                  00006800    00000040     DSP2803x_GlobalVariableDefs.obj (EPwm1RegsFile)

EPwm2RegsFile 
*          1    00006840    00000040     UNINITIALIZED
                  00006840    00000040     DSP2803x_GlobalVariableDefs.obj (EPwm2RegsFile)

EPwm3RegsFile 
*          1    00006880    00000040     UNINITIALIZED
                  00006880    00000040     DSP2803x_GlobalVariableDefs.obj (EPwm3RegsFile)

EPwm4RegsFile 
*          1    000068c0    00000040     UNINITIALIZED
                  000068c0    00000040     DSP2803x_GlobalVariableDefs.obj (EPwm4RegsFile)

EPwm5RegsFile 
*          1    00006900    00000040     UNINITIALIZED
                  00006900    00000040     DSP2803x_GlobalVariableDefs.obj (EPwm5RegsFile)

EPwm6RegsFile 
*          1    00006940    00000040     UNINITIALIZED
                  00006940    00000040     DSP2803x_GlobalVariableDefs.obj (EPwm6RegsFile)

EPwm7RegsFile 
*          1    00006980    00000040     UNINITIALIZED
                  00006980    00000040     DSP2803x_GlobalVariableDefs.obj (EPwm7RegsFile)

ECap1RegsFile 
*          1    00006a00    00000020     UNINITIALIZED
                  00006a00    00000020     DSP2803x_GlobalVariableDefs.obj (ECap1RegsFile)

HRCap1RegsFile 
*          1    00006ac0    00000020     UNINITIALIZED
                  00006ac0    00000020     DSP2803x_GlobalVariableDefs.obj (HRCap1RegsFile)

HRCap2RegsFile 
*          1    00006ae0    00000020     UNINITIALIZED
                  00006ae0    00000020     DSP2803x_GlobalVariableDefs.obj (HRCap2RegsFile)

EQep1RegsFile 
*          1    00006b00    00000040     UNINITIALIZED
                  00006b00    00000040     DSP2803x_GlobalVariableDefs.obj (EQep1RegsFile)

LinaRegsFile 
*          1    00006c00    0000004a     UNINITIALIZED
                  00006c00    0000004a     DSP2803x_GlobalVariableDefs.obj (LinaRegsFile)

GpioCtrlRegsFile 
*          1    00006f80    00000040     UNINITIALIZED
                  00006f80    00000040     DSP2803x_GlobalVariableDefs.obj (GpioCtrlRegsFile)

GpioDataRegsFile 
*          1    00006fc0    00000020     UNINITIALIZED
                  00006fc0    00000020     DSP2803x_GlobalVariableDefs.obj (GpioDataRegsFile)

GpioIntRegsFile 
*          1    00006fe0    0000000c     UNINITIALIZED
                  00006fe0    0000000c     DSP2803x_GlobalVariableDefs.obj (GpioIntRegsFile)

SysCtrlRegsFile 
*          1    00007010    00000020     UNINITIALIZED
                  00007010    00000020     DSP2803x_GlobalVariableDefs.obj (SysCtrlRegsFile)

SpiaRegsFile 
*          1    00007040    00000010     UNINITIALIZED
                  00007040    00000010     DSP2803x_GlobalVariableDefs.obj (SpiaRegsFile)

SciaRegsFile 
*          1    00007050    00000010     UNINITIALIZED
                  00007050    00000010     DSP2803x_GlobalVariableDefs.obj (SciaRegsFile)

NmiIntruptRegsFile 
*          1    00007060    00000010     UNINITIALIZED
                  00007060    00000010     DSP2803x_GlobalVariableDefs.obj (NmiIntruptRegsFile)

XIntruptRegsFile 
*          1    00007070    00000010     UNINITIALIZED
                  00007070    00000010     DSP2803x_GlobalVariableDefs.obj (XIntruptRegsFile)

AdcRegsFile 
*          1    00007100    00000050     UNINITIALIZED
                  00007100    00000050     DSP2803x_GlobalVariableDefs.obj (AdcRegsFile)

SpibRegsFile 
*          1    00007740    00000010     UNINITIALIZED
                  00007740    00000010     DSP2803x_GlobalVariableDefs.obj (SpibRegsFile)

I2caRegsFile 
*          1    00007900    00000022     UNINITIALIZED
                  00007900    00000022     DSP2803x_GlobalVariableDefs.obj (I2caRegsFile)

PartIdRegsFile 
*          1    003d7e80    00000001     UNINITIALIZED
                  003d7e80    00000001     DSP2803x_GlobalVariableDefs.obj (PartIdRegsFile)

CsmPwlFile 
*          1    003f7ff8    00000008     UNINITIALIZED
                  003f7ff8    00000008     DSP2803x_GlobalVariableDefs.obj (CsmPwlFile)

.pinit     0    003f5000    00000000     UNINITIALIZED

.text      0    003f5000    000027c3     
                  003f5000    00000c98     rts2800_ml.lib : _printfi.c.obj (.text)
                  003f5c98    00000496     main.obj (.text)
                  003f612e    00000289     rts2800_ml.lib : memory.c.obj (.text)
                  003f63b7    0000017c     DSP2803x_DefaultIsr.obj (.text:retain)
                  003f6533    00000156     DSP2803x_SysCtrl.obj (.text)
                  003f6689    0000013c     bootloader.obj (.text)
                  003f67c5    0000011f     rts2800_ml.lib : fopen.c.obj (.text)
                  003f68e4    00000107                    : ll_div28.asm.obj (.text)
                  003f69eb    000000e7     DSP28xx_SciUtil.obj (.text)
                  003f6ad2    000000ac     rts2800_ml.lib : s_scalbn.c.obj (.text)
                  003f6b7e    000000a3                    : fputs.c.obj (.text)
                  003f6c21    0000009c                    : fd_add28.asm.obj (.text)
                  003f6cbd    00000094                    : trgmsg.c.obj (.text)
                  003f6d51    0000008b                    : fd_div28.asm.obj (.text)
                  003f6ddc    00000083                    : fd_mpy28.asm.obj (.text)
                  003f6e5f    00000079                    : setvbuf.c.obj (.text)
                  003f6ed8    0000006f                    : open.c.obj (.text)
                  003f6f47    0000006b                    : fflush.c.obj (.text)
                  003f6fb2    00000067                    : _io_perm.c.obj (.text)
                  003f7019    0000005d                    : hostlseek.c.obj (.text)
                  003f7076    0000005c                    : s_frexp.c.obj (.text)
                  003f70d2    0000005b                    : fclose.c.obj (.text)
                  003f712d    0000005a                    : fs_mpy28.asm.obj (.text)
                  003f7187    00000054                    : boot28.asm.obj (.text)
                  003f71db    00000050                    : getdevice.c.obj (.text)
                  003f722b    0000004f                    : fputc.c.obj (.text)
                  003f727a    0000003f                    : hostrename.c.obj (.text)
                  003f72b9    0000003d                    : fseek.c.obj (.text)
                  003f72f6    00000039                    : hostopen.c.obj (.text)
                  003f732f    00000038                    : hostread.c.obj (.text)
                  003f7367    00000038                    : hostwrite.c.obj (.text)
                  003f739f    00000034                    : printf.c.obj (.text)
                  003f73d3    00000033                    : close.c.obj (.text)
                  003f7406    00000031                    : atoi.c.obj (.text)
                  003f7437    0000002e                    : _ltoa.c.obj (.text)
                  003f7465    0000002a                    : fd_cmp28.asm.obj (.text)
                  003f748f    0000002a                    : l_div28.asm.obj (.text)
                  003f74b9    00000029                    : exit.c.obj (.text)
                  003f74e2    00000029                    : fs_tol28.asm.obj (.text)
                  003f750b    00000027                    : hostclose.c.obj (.text)
                  003f7532    00000025                    : hostunlink.c.obj (.text)
                  003f7557    00000024                    : cpy_tbl.c.obj (.text)
                  003f757b    00000023                    : s_copysign.c.obj (.text)
                  003f759e    00000021                    : fd_toi28.asm.obj (.text)
                  003f75bf    0000001f     main.obj (.text:retain)
                  003f75de    0000001f     rts2800_ml.lib : fd_tol28.asm.obj (.text)
                  003f75fd    0000001e                    : ll_cmp28.asm.obj (.text)
                  003f761b    0000001d                    : i_tofd28.asm.obj (.text)
                  003f7638    0000001d                    : memcpy.c.obj (.text)
                  003f7655    0000001c                    : fs_tofd28.asm.obj (.text)
                  003f7671    0000001c                    : l_tofd28.asm.obj (.text)
                  003f768d    00000019                    : unlink.c.obj (.text)
                  003f76a6    00000018                    : ll_aox28.asm.obj (.text)
                  003f76be    00000018                    : lseek.c.obj (.text)
                  003f76d6    00000018                    : write.c.obj (.text)
                  003f76ee    00000016                    : strncmp.c.obj (.text)
                  003f7704    00000015                    : strncpy.c.obj (.text)
                  003f7719    00000013     DSP2803x_Gpio.obj (.text)
                  003f772c    00000011     rts2800_ml.lib : args_main.c.obj (.text)
                  003f773d    00000010                    : memccpy.c.obj (.text)
                  003f774d    0000000e                    : fd_sub28.asm.obj (.text)
                  003f775b    0000000d                    : memchr.c.obj (.text)
                  003f7768    0000000b                    : strchr.c.obj (.text)
                  003f7773    0000000a                    : strcmp.c.obj (.text)
                  003f777d    00000009                    : _lock.c.obj (.text)
                  003f7786    00000009                    : fd_neg28.asm.obj (.text)
                  003f778f    00000008     DSP2803x_CodeStartBranch.obj (.text)
                  003f7797    00000008     rts2800_ml.lib : strlen.c.obj (.text)
                  003f779f    00000008                    : wcslen.c.obj (.text)
                  003f77a7    00000007     DSP2803x_DisInt.obj (.text)
                  003f77ae    00000007     rts2800_ml.lib : memset.c.obj (.text)
                  003f77b5    00000005                    : strcpy.c.obj (.text)
                  003f77ba    00000003     DSP2803x_DBGIER.obj (.text)
                  003f77bd    00000003     rts2800_ml.lib : remove.c.obj (.text)
                  003f77c0    00000002                    : pre_init.c.obj (.text)
                  003f77c2    00000001                    : startup.c.obj (.text)

codestart 
*          0    003f7ff6    00000002     
                  003f7ff6    00000002     DSP2803x_CodeStartBranch.obj (codestart)

csmpasswds 
*          0    003f7ff8    00000008     
                  003f7ff8    00000008     DSP2803x_CSMPasswords.obj (csmpasswds)

.stack     1    00000050    00000300     UNINITIALIZED
                  00000050    00000300     --HOLE--

.ebss      1    00008c00    00000386     UNINITIALIZED
                  00008c00    0000018f     main.obj (.ebss)
                  00008d8f    00000001     rts2800_ml.lib : defs.c.obj (.ebss)
                  00008d90    00000028                    : host_device.c.obj (.ebss:__stream)
                  00008db8    00000008     bootloader.obj (.ebss)
                  00008dc0    000000a0     rts2800_ml.lib : defs.c.obj (.ebss:___TI_tmpnams)
                  00008e60    00000018     DSP2803x_CpuTimers.obj (.ebss)
                  00008e78    00000008     rts2800_ml.lib : hostopen.c.obj (.ebss:_parmbuf)
                  00008e80    00000078                    : defs.c.obj (.ebss:__ftable)
                  00008ef8    00000006                    : exit.c.obj (.ebss)
                  00008efe    00000002                    : _lock.c.obj (.ebss:__lock)
                  00008f00    00000048                    : host_device.c.obj (.ebss:__device)
                  00008f48    00000035     main.obj (.ebss:_connect_at)
                  00008f7d    00000001     rts2800_ml.lib : errno.c.obj (.ebss)
                  00008f7e    00000002                    : _lock.c.obj (.ebss:__unlock)
                  00008f80    00000004                    : memory.c.obj (.ebss)
                  00008f84    00000001                    : fopen.c.obj (.ebss)
                  00008f85    00000001                    : open.c.obj (.ebss)

.esysmem   1    00009000    00000100     UNINITIALIZED
                  00009000    00000004     rts2800_ml.lib : memory.c.obj (.esysmem)
                  00009004    000000fc     --HOLE--

.reset     0    003fffc0    00000002     DSECT
                  003fffc0    00000002     rts2800_ml.lib : boot28.asm.obj (.reset)

vectors    0    003fffc2    00000000     DSECT

.InitBoot 
*          0    00008116    00000026     
                  00008116    00000026     Exit_Boot.obj (.InitBoot)

.cio       1    00000400    00000120     UNINITIALIZED
                  00000400    00000120     rts2800_ml.lib : trgmsg.c.obj (.cio)

MODULE SUMMARY

       Module                            code    initialized data   uninitialized data
       ------                            ----    ----------------   ------------------
    .\
       main.obj                          1205    511                452               
       DSP2803x_GlobalVariableDefs.obj   0       0                  2024              
       bootloader.obj                    806     0                  8                 
       DSP28xx_SciUtil.obj               231     0                  0                 
       Exit_Boot.obj                     38      0                  0                 
    +--+---------------------------------+-------+------------------+--------------------+
       Total:                            2280    511                2484              
                                                                                      
    .\f2803x_common\source\
       DSP2803x_SysCtrl.obj              400     0                  0                 
       DSP2803x_DefaultIsr.obj           380     0                  0                 
       DSP2803x_CSMPasswords.obj         0       126                0                 
       DSP2803x_CpuTimers.obj            0       0                  24                
       DSP2803x_Gpio.obj                 19      0                  0                 
       DSP2803x_CodeStartBranch.obj      10      0                  0                 
       DSP2803x_usDelay.obj              8       0                  0                 
       DSP2803x_DisInt.obj               7       0                  0                 
       DSP2803x_DBGIER.obj               3       0                  0                 
    +--+---------------------------------+-------+------------------+--------------------+
       Total:                            827     126                24                
                                                                                      
    C:/ti/ccs1020/ccs/tools/compiler/ti-cgt-c2000_20.2.2.LTS/lib/rts2800_ml.lib
       _printfi.c.obj                    3224    66                 0                 
       memory.c.obj                      649     4                  4                 
       trgmsg.c.obj                      148     0                  288               
       defs.c.obj                        0       42                 281               
       fopen.c.obj                       287     4                  1                 
       ll_div28.asm.obj                  263     0                  0                 
       ctype.c.obj                       0       257                0                 
       s_scalbn.c.obj                    172     28                 0                 
       fputs.c.obj                       163     2                  0                 
       fd_add28.asm.obj                  156     0                  0                 
       host_device.c.obj                 0       41                 112               
       fd_div28.asm.obj                  139     0                  0                 
       fd_mpy28.asm.obj                  131     0                  0                 
       setvbuf.c.obj                     121     0                  0                 
       open.c.obj                        111     4                  1                 
       fflush.c.obj                      107     0                  0                 
       _io_perm.c.obj                    103     0                  0                 
       s_frexp.c.obj                     92      8                  0                 
       hostlseek.c.obj                   93      0                  0                 
       fclose.c.obj                      91      0                  0                 
       fs_mpy28.asm.obj                  90      0                  0                 
       boot28.asm.obj                    84      0                  0                 
       getdevice.c.obj                   80      0                  0                 
       fputc.c.obj                       79      0                  0                 
       hostopen.c.obj                    57      0                  8                 
       hostrename.c.obj                  63      0                  0                 
       exit.c.obj                        41      14                 6                 
       fseek.c.obj                       61      0                  0                 
       hostread.c.obj                    56      0                  0                 
       hostwrite.c.obj                   56      0                  0                 
       printf.c.obj                      52      0                  0                 
       close.c.obj                       51      0                  0                 
       atoi.c.obj                        49      0                  0                 
       _ltoa.c.obj                       46      0                  0                 
       fd_cmp28.asm.obj                  42      0                  0                 
       l_div28.asm.obj                   42      0                  0                 
       fs_tol28.asm.obj                  41      0                  0                 
       hostclose.c.obj                   39      0                  0                 
       hostunlink.c.obj                  37      0                  0                 
       cpy_tbl.c.obj                     36      0                  0                 
       s_copysign.c.obj                  35      0                  0                 
       fd_toi28.asm.obj                  33      0                  0                 
       fd_tol28.asm.obj                  31      0                  0                 
       ll_cmp28.asm.obj                  30      0                  0                 
       i_tofd28.asm.obj                  29      0                  0                 
       memcpy.c.obj                      29      0                  0                 
       fs_tofd28.asm.obj                 28      0                  0                 
       l_tofd28.asm.obj                  28      0                  0                 
       unlink.c.obj                      25      0                  0                 
       ll_aox28.asm.obj                  24      0                  0                 
       lseek.c.obj                       24      0                  0                 
       write.c.obj                       24      0                  0                 
       _lock.c.obj                       9       10                 4                 
       strncmp.c.obj                     22      0                  0                 
       strncpy.c.obj                     21      0                  0                 
       args_main.c.obj                   17      0                  0                 
       memccpy.c.obj                     16      0                  0                 
       fd_sub28.asm.obj                  14      0                  0                 
       memchr.c.obj                      13      0                  0                 
       strchr.c.obj                      11      0                  0                 
       strcmp.c.obj                      10      0                  0                 
       fd_neg28.asm.obj                  9       0                  0                 
       strlen.c.obj                      8       0                  0                 
       wcslen.c.obj                      8       0                  0                 
       memset.c.obj                      7       0                  0                 
       errno.c.obj                       0       4                  1                 
       strcpy.c.obj                      5       0                  0                 
       remove.c.obj                      3       0                  0                 
       pre_init.c.obj                    2       0                  0                 
       startup.c.obj                     1       0                  0                 
    +--+---------------------------------+-------+------------------+--------------------+
       Total:                            7668    484                706               
                                                                                      
       Heap:                             0       0                  256               
       Stack:                            0       0                  768               
    +--+---------------------------------+-------+------------------+--------------------+
       Grand Total:                      10775   1121               4238              


GLOBAL DATA SYMBOLS: SORTED BY DATA PAGE

address     data page           name
--------    ----------------    ----
00000050       1 (00000040)     __stack

00000400      10 (00000400)     __CIOBUF_

00000880      22 (00000880)     _DevEmuRegs

00000985      26 (00000980)     _SysPwrCtrlRegs

00000a80      2a (00000a80)     _FlashRegs

00000ae0      2b (00000ac0)     _CsmRegs

00000b00      2c (00000b00)     _AdcResult

00000c00      30 (00000c00)     _CpuTimer0Regs
00000c08      30 (00000c00)     _CpuTimer1Regs
00000c10      30 (00000c00)     _CpuTimer2Regs

00000ce0      33 (00000cc0)     _PieCtrlRegs

00000d00      34 (00000d00)     _EmuKey
00000d00      34 (00000d00)     _PieVectTable
00000d01      34 (00000d00)     _EmuBMode
00000d02      34 (00000d00)     _Flash_CallbackPtr
00000d04      34 (00000d00)     _Flash_CPUScaleFactor

00001400      50 (00001400)     _Cla1Regs

00006000     180 (00006000)     _ECanaRegs

00006040     181 (00006040)     _ECanaLAMRegs

00006080     182 (00006080)     _ECanaMOTSRegs

000060c0     183 (000060c0)     _ECanaMOTORegs

00006100     184 (00006100)     _ECanaMboxes

00006400     190 (00006400)     _Comp1Regs
00006420     190 (00006400)     _Comp2Regs

00006440     191 (00006440)     _Comp3Regs

00006800     1a0 (00006800)     _EPwm1Regs

00006840     1a1 (00006840)     _EPwm2Regs

00006880     1a2 (00006880)     _EPwm3Regs

000068c0     1a3 (000068c0)     _EPwm4Regs

00006900     1a4 (00006900)     _EPwm5Regs

00006940     1a5 (00006940)     _EPwm6Regs

00006980     1a6 (00006980)     _EPwm7Regs

00006a00     1a8 (00006a00)     _ECap1Regs

00006ac0     1ab (00006ac0)     _HRCap1Regs
00006ae0     1ab (00006ac0)     _HRCap2Regs

00006b00     1ac (00006b00)     _EQep1Regs

00006c00     1b0 (00006c00)     _LinaRegs

00006f80     1be (00006f80)     _GpioCtrlRegs

00006fc0     1bf (00006fc0)     _GpioDataRegs
00006fe0     1bf (00006fc0)     _GpioIntRegs

00007010     1c0 (00007000)     _SysCtrlRegs

00007040     1c1 (00007040)     _SpiaRegs
00007050     1c1 (00007040)     _SciaRegs
00007060     1c1 (00007040)     _NmiIntruptRegs
00007070     1c1 (00007040)     _XIntruptRegs

00007100     1c4 (00007100)     _AdcRegs

00007740     1dd (00007740)     _SpibRegs

00007900     1e4 (00007900)     _I2caRegs

00008c01     230 (00008c00)     _at_state
00008c04     230 (00008c00)     _ApplicationPtr
00008c06     230 (00008c00)     _boot_ap

00008c40     231 (00008c40)     _atCommand_tx

00008c80     232 (00008c80)     _atCommand_rx

00008cc0     233 (00008cc0)     _esp8266

00008d8f     236 (00008d80)     ___TI_ft_end
00008d90     236 (00008d80)     __stream
00008dba     236 (00008d80)     _BlockHeader

00008dc0     237 (00008dc0)     ___TI_tmpnams

00008e60     239 (00008e40)     _CpuTimer0
00008e68     239 (00008e40)     _CpuTimer1
00008e70     239 (00008e40)     _CpuTimer2
00008e78     239 (00008e40)     _parmbuf

00008e80     23a (00008e80)     __ftable

00008ef8     23b (00008ec0)     ___TI_enable_exit_profile_output
00008efa     23b (00008ec0)     ___TI_cleanup_ptr
00008efc     23b (00008ec0)     ___TI_dtors_ptr
00008efe     23b (00008ec0)     __lock

00008f00     23c (00008f00)     __device

00008f48     23d (00008f40)     _connect_at
00008f7d     23d (00008f40)     _errno
00008f7e     23d (00008f40)     __unlock

00009000     240 (00009000)     __sys_memory

003d7e80    f5fa (003d7e80)     _PartIdRegs

003f79af    fde6 (003f7980)     __ctypes_

003f7ff8    fdff (003f7fc0)     _CsmPwl


GLOBAL SYMBOLS: SORTED ALPHABETICALLY BY Name 

page  address   name                            
----  -------   ----                            
0     003f5000  .text                           
0     003f74b9  C$$EXIT                         
0     003f6d10  C$$IO$$                         
0     003f6c21  FD$$ADD                         
0     003f7465  FD$$CMP                         
0     003f6d51  FD$$DIV                         
0     003f6ddc  FD$$MPY                         
0     003f7786  FD$$NEG                         
0     003f774d  FD$$SUB                         
0     003f759e  FD$$TOI                         
0     003f75de  FD$$TOL                         
0     003f712d  FS$$MPY                         
0     003f7655  FS$$TOFD                        
0     003f74e2  FS$$TOL                         
0     003f761b  I$$TOFD                         
0     003f748f  L$$DIV                          
0     003f749e  L$$MOD                          
0     003f7671  L$$TOFD                         
0     003f76a6  LL$$AND                         
0     003f75fd  LL$$CMP                         
0     003f68e4  LL$$DIV                         
0     003f6920  LL$$MOD                         
0     003f76ae  LL$$OR                          
0     003f76b6  LL$$XOR                         
0     003f74ac  UL$$DIV                         
0     003f74b3  UL$$MOD                         
0     003f760f  ULL$$CMP                        
0     003f695a  ULL$$DIV                        
0     003f6989  ULL$$MOD                        
0     003f652e  _ADCINT1_ISR                    
0     003f6529  _ADCINT2_ISR                    
0     003f6524  _ADCINT3_ISR                    
0     003f651f  _ADCINT4_ISR                    
0     003f651a  _ADCINT5_ISR                    
0     003f6515  _ADCINT6_ISR                    
0     003f6510  _ADCINT7_ISR                    
0     003f650b  _ADCINT8_ISR                    
0     003f6506  _ADCINT9_ISR                    
1     00007100  _AdcRegs                        
1     00000b00  _AdcResult                      
1     00008c04  _ApplicationPtr                 
1     00008dba  _BlockHeader                    
0     003f6501  _CLA1_INT1_ISR                  
0     003f64fc  _CLA1_INT2_ISR                  
0     003f64f7  _CLA1_INT3_ISR                  
0     003f64f2  _CLA1_INT4_ISR                  
0     003f64ed  _CLA1_INT5_ISR                  
0     003f64e8  _CLA1_INT6_ISR                  
0     003f64e3  _CLA1_INT7_ISR                  
0     003f64de  _CLA1_INT8_ISR                  
1     00001400  _Cla1Regs                       
1     00006400  _Comp1Regs                      
1     00006420  _Comp2Regs                      
1     00006440  _Comp3Regs                      
1     00008e60  _CpuTimer0                      
1     00000c00  _CpuTimer0Regs                  
1     00008e68  _CpuTimer1                      
1     00000c08  _CpuTimer1Regs                  
1     00008e70  _CpuTimer2                      
1     00000c10  _CpuTimer2Regs                  
1     003f7ff8  _CsmPwl                         
1     00000ae0  _CsmRegs                        
0     003f665b  _CsmUnlock                      
0     003f64d9  _DATALOG_ISR                    
0     003f77a7  _DSP28x_DisableInt              
0     003f77ab  _DSP28x_RestoreInt              
0     00008112  _DSP28x_usDelay                 
1     00000880  _DevEmuRegs                     
0     003f6583  _DisableDog                     
0     003f64d4  _ECAN0INTA_ISR                  
0     003f64cf  _ECAN1INTA_ISR                  
0     003f64ca  _ECAP1_INT_ISR                  
1     00006040  _ECanaLAMRegs                   
1     000060c0  _ECanaMOTORegs                  
1     00006080  _ECanaMOTSRegs                  
1     00006100  _ECanaMboxes                    
1     00006000  _ECanaRegs                      
1     00006a00  _ECap1Regs                      
0     003f64c5  _EMPTY_ISR                      
0     003f64c0  _EMUINT_ISR                     
0     003f64bb  _EPWM1_INT_ISR                  
0     003f64b6  _EPWM1_TZINT_ISR                
0     003f64b1  _EPWM2_INT_ISR                  
0     003f64ac  _EPWM2_TZINT_ISR                
0     003f64a7  _EPWM3_INT_ISR                  
0     003f64a2  _EPWM3_TZINT_ISR                
0     003f649d  _EPWM4_INT_ISR                  
0     003f6498  _EPWM4_TZINT_ISR                
0     003f6493  _EPWM5_INT_ISR                  
0     003f648e  _EPWM5_TZINT_ISR                
0     003f6489  _EPWM6_INT_ISR                  
0     003f6484  _EPWM6_TZINT_ISR                
0     003f647f  _EPWM7_INT_ISR                  
0     003f647a  _EPWM7_TZINT_ISR                
1     00006800  _EPwm1Regs                      
1     00006840  _EPwm2Regs                      
1     00006880  _EPwm3Regs                      
1     000068c0  _EPwm4Regs                      
1     00006900  _EPwm5Regs                      
1     00006940  _EPwm6Regs                      
1     00006980  _EPwm7Regs                      
0     003f6475  _EQEP1_INT_ISR                  
1     00006b00  _EQep1Regs                      
1     00000d01  _EmuBMode                       
1     00000d00  _EmuKey                         
0     003f611e  _Example_MemCopy                
0     00008124  _ExitBoot                       
0     003f658b  _ExtOscSel                      
abs   003ff9b3  _Flash2803x_Erase               
abs   003ff8d2  _Flash2803x_Program             
abs   003ffdd5  _Flash2803x_Verify              
1     00000a80  _FlashRegs                      
1     00000d04  _Flash_CPUScaleFactor           
1     00000d02  _Flash_CallbackPtr              
1     00006f80  _GpioCtrlRegs                   
1     00006fc0  _GpioDataRegs                   
1     00006fe0  _GpioIntRegs                    
0     003f750b  _HOSTclose                      
0     003f7019  _HOSTlseek                      
0     003f72f6  _HOSTopen                       
0     003f732f  _HOSTread                       
0     003f727a  _HOSTrename                     
0     003f7532  _HOSTunlink                     
0     003f7367  _HOSTwrite                      
0     003f6470  _HRCAP1_INT_ISR                 
0     003f646b  _HRCAP2_INT_ISR                 
1     00006ac0  _HRCap1Regs                     
1     00006ae0  _HRCap2Regs                     
0     003f6466  _I2CINT1A_ISR                   
0     003f6461  _I2CINT2A_ISR                   
1     00007900  _I2caRegs                       
0     003f645c  _ILLEGAL_ISR                    
0     003f6457  _INT13_ISR                      
0     003f6452  _INT14_ISR                      
0     00008116  _InitBoot                       
0     000080f5  _InitFlash                      
0     003f7719  _InitGpio                       
0     003f65fe  _InitPeripheralClocks           
0     003f65a3  _InitPll                        
0     003f6643  _InitSysCtrl                    
0     003f6573  _IntOsc1Sel                     
0     003f6559  _IntOsc2Sel                     
0     003f644d  _LIN0INTA_ISR                   
0     003f6448  _LIN1INTA_ISR                   
0     003f6443  _LUF_ISR                        
0     003f643e  _LVF_ISR                        
1     00006c00  _LinaRegs                       
0     003f6439  _NMI_ISR                        
1     00007060  _NmiIntruptRegs                 
0     003f6434  _PIE_RESERVED                   
1     003d7e80  _PartIdRegs                     
1     00000ce0  _PieCtrlRegs                    
1     00000d00  _PieVectTable                   
0     003f642f  _RTOSINT_ISR                    
abs   00000116  _RamfuncsLoadSize               
0     003f7b20  _RamfuncsLoadStart              
0     00008000  _RamfuncsRunStart               
0     003f642a  _SCIRXINTA_ISR                  
0     003f6425  _SCITXINTA_ISR                  
0     003f6420  _SPIRXINTA_ISR                  
0     003f641b  _SPIRXINTB_ISR                  
0     003f6416  _SPITXINTA_ISR                  
0     003f6411  _SPITXINTB_ISR                  
1     00007050  _SciaRegs                       
0     003f654f  _ServiceDog                     
0     003f77ba  _SetDBGIER                      
1     00007040  _SpiaRegs                       
1     00007740  _SpibRegs                       
1     00007010  _SysCtrlRegs                    
1     00000985  _SysPwrCtrlRegs                 
0     003f640c  _TINT0_ISR                      
0     003f6407  _USER10_ISR                     
0     003f6402  _USER11_ISR                     
0     003f63fd  _USER12_ISR                     
0     003f63f8  _USER1_ISR                      
0     003f63f3  _USER2_ISR                      
0     003f63ee  _USER3_ISR                      
0     003f63e9  _USER4_ISR                      
0     003f63e4  _USER5_ISR                      
0     003f63df  _USER6_ISR                      
0     003f63da  _USER7_ISR                      
0     003f63d5  _USER8_ISR                      
0     003f63d0  _USER9_ISR                      
0     003f63cb  _WAKEINT_ISR                    
0     003f63c6  _XINT1_ISR                      
0     003f63c1  _XINT2_ISR                      
0     003f63bc  _XINT3_ISR                      
1     00007070  _XIntruptRegs                   
0     003f6533  _XtalOscSel                     
1     00000400  __CIOBUF_                       
1     00000350  __STACK_END                     
abs   00000300  __STACK_SIZE                    
abs   00000100  __SYSMEM_SIZE                   
0     003f6863  ___TI_cleanup                   
1     00008efa  ___TI_cleanup_ptr               
0     003f70d2  ___TI_closefile                 
0     003f6f47  ___TI_doflush                   
1     00008efc  ___TI_dtors_ptr                 
1     00008ef8  ___TI_enable_exit_profile_output
1     00008d8f  ___TI_ft_end                    
0     003f63b5  ___TI_heap_check                
0     003f6398  ___TI_heap_largest_available    
0     003f637b  ___TI_heap_total_available      
0     003f7437  ___TI_ltoa                      
abs   ffffffff  ___TI_pprof_out_hndl            
0     003f5b12  ___TI_printfi                   
abs   ffffffff  ___TI_prof_data_size            
abs   ffffffff  ___TI_prof_data_start           
0     003f6fed  ___TI_rd_ok                     
0     003f6d15  ___TI_readmsg                   
1     00008dc0  ___TI_tmpnams                   
0     003f6cbd  ___TI_writemsg                  
0     003f6fb2  ___TI_wrt_ok                    
abs   ffffffff  ___binit__                      
abs   ffffffff  ___c_args__                     
0     003f7c36  ___cinit__                      
0     003f77c3  ___etext__                      
abs   ffffffff  ___pinit__                      
0     003f5000  ___text__                       
0     003f772c  __args_main                     
0     003f79af  __ctypes_                       
1     00008f00  __device                        
1     00008e80  __ftable                        
1     00008efe  __lock                          
0     003f7785  __nop                           
0     003f7781  __register_lock                 
0     003f777d  __register_unlock               
1     00000050  __stack                         
1     00008d90  __stream                        
1     00009000  __sys_memory                    
0     003f77c2  __system_post_cinit             
0     003f77c0  __system_pre_init               
1     00008f7e  __unlock                        
0     003f74b9  _abort                          
0     003f62d5  _aligned_alloc                  
0     003f5d44  _atCommandManager               
0     003f5d40  _atCommandSend                  
1     00008c80  _atCommand_rx                   
1     00008c40  _atCommand_tx                   
1     00008c01  _at_state                       
0     003f7406  _atoi                           
1     00008c06  _boot_ap                        
0     003f674f  _bootloader                     
0     003f6aaf  _byteswap_L8cmp                 
0     003f7187  _c_int00                        
0     003f62a8  _calloc                         
0     003f5e39  _check_flash                    
0     003f73d3  _close                          
0     003f5e4f  _command_manager                
1     00008f48  _connect_at                     
0     003f7557  _copy_in                        
0     003f757b  _copysignl                      
0     003f75c4  _cpu_scia_rx_isr                
0     003f75bf  _cpu_scia_tx_isr                
0     003f671b  _erase                          
1     00008f7d  _errno                          
1     00008cc0  _esp8266                        
0     003f74bb  _exit                           
0     003f7114  _fclose                         
0     003f6f76  _fflush                         
0     003f71db  _finddevice                     
0     003f689e  _fopen                          
0     003f722b  _fputc                          
0     003f6b7e  _fputs                          
0     003f6159  _free                           
0     003f6880  _freopen                        
0     003f7076  _frexpl                         
0     003f72b9  _fseek                          
0     003f71f6  _getdevice                      
0     003f5cda  _initPerirherals                
0     003f5dbc  _initWiFi                       
0     003f6ad2  _ldexpl                         
0     003f76be  _lseek                          
0     003f5ee9  _main                           
0     003f612e  _malloc                         
0     003f62d5  _memalign                       
0     003f773d  _memccpy                        
0     003f775b  _memchr                         
0     003f7638  _memcpy                         
0     003f77ae  _memset                         
0     003f62a4  _minit                          
0     003f6ed8  _open                           
1     00008e78  _parmbuf                        
0     003f73a5  _printf                         
0     003f722b  _putc                           
0     003f7275  _putchar                        
0     003f6c0e  _puts                           
0     003f6221  _realloc                        
0     003f77bd  _remove                         
0     003f63b7  _rsvd_ISR                       
0     003f6ad2  _scalbnl                        
0     003f5cbc  _sciReadBuff                    
0     003f66f1  _sciReadLongWord                
0     003f66d9  _sciReadWord                    
0     003f6a23  _scia_rcv                       
0     003f69eb  _scia_xmit                      
0     003f6e5f  _setvbuf                        
0     00008000  _start_programm                 
0     003f7768  _strchr                         
0     003f7773  _strcmp                         
0     003f77b5  _strcpy                         
0     003f5c98  _stringSeeker                   
0     003f7797  _strlen                         
0     003f76ee  _strncmp                        
0     003f7704  _strncpy                        
0     003f66ac  _timeoutCheck                   
0     003f66a2  _toggle_LEDS                    
0     003f768d  _unlink                         
0     003f669c  _verify                         
0     003f6689  _wait_key                       
0     003f779f  _wcslen                         
0     003f76d6  _write                          
abs   ffffffff  binit                           
0     003f7c36  cinit                           
0     003f7ff6  code_start                      
0     003f77c3  etext                           
abs   ffffffff  pinit                           


GLOBAL SYMBOLS: SORTED BY Symbol Address 

page  address   name                            
----  -------   ----                            
0     00008000  _RamfuncsRunStart               
0     00008000  _start_programm                 
0     000080f5  _InitFlash                      
0     00008112  _DSP28x_usDelay                 
0     00008116  _InitBoot                       
0     00008124  _ExitBoot                       
0     003f5000  .text                           
0     003f5000  ___text__                       
0     003f5b12  ___TI_printfi                   
0     003f5c98  _stringSeeker                   
0     003f5cbc  _sciReadBuff                    
0     003f5cda  _initPerirherals                
0     003f5d40  _atCommandSend                  
0     003f5d44  _atCommandManager               
0     003f5dbc  _initWiFi                       
0     003f5e39  _check_flash                    
0     003f5e4f  _command_manager                
0     003f5ee9  _main                           
0     003f611e  _Example_MemCopy                
0     003f612e  _malloc                         
0     003f6159  _free                           
0     003f6221  _realloc                        
0     003f62a4  _minit                          
0     003f62a8  _calloc                         
0     003f62d5  _aligned_alloc                  
0     003f62d5  _memalign                       
0     003f637b  ___TI_heap_total_available      
0     003f6398  ___TI_heap_largest_available    
0     003f63b5  ___TI_heap_check                
0     003f63b7  _rsvd_ISR                       
0     003f63bc  _XINT3_ISR                      
0     003f63c1  _XINT2_ISR                      
0     003f63c6  _XINT1_ISR                      
0     003f63cb  _WAKEINT_ISR                    
0     003f63d0  _USER9_ISR                      
0     003f63d5  _USER8_ISR                      
0     003f63da  _USER7_ISR                      
0     003f63df  _USER6_ISR                      
0     003f63e4  _USER5_ISR                      
0     003f63e9  _USER4_ISR                      
0     003f63ee  _USER3_ISR                      
0     003f63f3  _USER2_ISR                      
0     003f63f8  _USER1_ISR                      
0     003f63fd  _USER12_ISR                     
0     003f6402  _USER11_ISR                     
0     003f6407  _USER10_ISR                     
0     003f640c  _TINT0_ISR                      
0     003f6411  _SPITXINTB_ISR                  
0     003f6416  _SPITXINTA_ISR                  
0     003f641b  _SPIRXINTB_ISR                  
0     003f6420  _SPIRXINTA_ISR                  
0     003f6425  _SCITXINTA_ISR                  
0     003f642a  _SCIRXINTA_ISR                  
0     003f642f  _RTOSINT_ISR                    
0     003f6434  _PIE_RESERVED                   
0     003f6439  _NMI_ISR                        
0     003f643e  _LVF_ISR                        
0     003f6443  _LUF_ISR                        
0     003f6448  _LIN1INTA_ISR                   
0     003f644d  _LIN0INTA_ISR                   
0     003f6452  _INT14_ISR                      
0     003f6457  _INT13_ISR                      
0     003f645c  _ILLEGAL_ISR                    
0     003f6461  _I2CINT2A_ISR                   
0     003f6466  _I2CINT1A_ISR                   
0     003f646b  _HRCAP2_INT_ISR                 
0     003f6470  _HRCAP1_INT_ISR                 
0     003f6475  _EQEP1_INT_ISR                  
0     003f647a  _EPWM7_TZINT_ISR                
0     003f647f  _EPWM7_INT_ISR                  
0     003f6484  _EPWM6_TZINT_ISR                
0     003f6489  _EPWM6_INT_ISR                  
0     003f648e  _EPWM5_TZINT_ISR                
0     003f6493  _EPWM5_INT_ISR                  
0     003f6498  _EPWM4_TZINT_ISR                
0     003f649d  _EPWM4_INT_ISR                  
0     003f64a2  _EPWM3_TZINT_ISR                
0     003f64a7  _EPWM3_INT_ISR                  
0     003f64ac  _EPWM2_TZINT_ISR                
0     003f64b1  _EPWM2_INT_ISR                  
0     003f64b6  _EPWM1_TZINT_ISR                
0     003f64bb  _EPWM1_INT_ISR                  
0     003f64c0  _EMUINT_ISR                     
0     003f64c5  _EMPTY_ISR                      
0     003f64ca  _ECAP1_INT_ISR                  
0     003f64cf  _ECAN1INTA_ISR                  
0     003f64d4  _ECAN0INTA_ISR                  
0     003f64d9  _DATALOG_ISR                    
0     003f64de  _CLA1_INT8_ISR                  
0     003f64e3  _CLA1_INT7_ISR                  
0     003f64e8  _CLA1_INT6_ISR                  
0     003f64ed  _CLA1_INT5_ISR                  
0     003f64f2  _CLA1_INT4_ISR                  
0     003f64f7  _CLA1_INT3_ISR                  
0     003f64fc  _CLA1_INT2_ISR                  
0     003f6501  _CLA1_INT1_ISR                  
0     003f6506  _ADCINT9_ISR                    
0     003f650b  _ADCINT8_ISR                    
0     003f6510  _ADCINT7_ISR                    
0     003f6515  _ADCINT6_ISR                    
0     003f651a  _ADCINT5_ISR                    
0     003f651f  _ADCINT4_ISR                    
0     003f6524  _ADCINT3_ISR                    
0     003f6529  _ADCINT2_ISR                    
0     003f652e  _ADCINT1_ISR                    
0     003f6533  _XtalOscSel                     
0     003f654f  _ServiceDog                     
0     003f6559  _IntOsc2Sel                     
0     003f6573  _IntOsc1Sel                     
0     003f6583  _DisableDog                     
0     003f658b  _ExtOscSel                      
0     003f65a3  _InitPll                        
0     003f65fe  _InitPeripheralClocks           
0     003f6643  _InitSysCtrl                    
0     003f665b  _CsmUnlock                      
0     003f6689  _wait_key                       
0     003f669c  _verify                         
0     003f66a2  _toggle_LEDS                    
0     003f66ac  _timeoutCheck                   
0     003f66d9  _sciReadWord                    
0     003f66f1  _sciReadLongWord                
0     003f671b  _erase                          
0     003f674f  _bootloader                     
0     003f6863  ___TI_cleanup                   
0     003f6880  _freopen                        
0     003f689e  _fopen                          
0     003f68e4  LL$$DIV                         
0     003f6920  LL$$MOD                         
0     003f695a  ULL$$DIV                        
0     003f6989  ULL$$MOD                        
0     003f69eb  _scia_xmit                      
0     003f6a23  _scia_rcv                       
0     003f6aaf  _byteswap_L8cmp                 
0     003f6ad2  _ldexpl                         
0     003f6ad2  _scalbnl                        
0     003f6b7e  _fputs                          
0     003f6c0e  _puts                           
0     003f6c21  FD$$ADD                         
0     003f6cbd  ___TI_writemsg                  
0     003f6d10  C$$IO$$                         
0     003f6d15  ___TI_readmsg                   
0     003f6d51  FD$$DIV                         
0     003f6ddc  FD$$MPY                         
0     003f6e5f  _setvbuf                        
0     003f6ed8  _open                           
0     003f6f47  ___TI_doflush                   
0     003f6f76  _fflush                         
0     003f6fb2  ___TI_wrt_ok                    
0     003f6fed  ___TI_rd_ok                     
0     003f7019  _HOSTlseek                      
0     003f7076  _frexpl                         
0     003f70d2  ___TI_closefile                 
0     003f7114  _fclose                         
0     003f712d  FS$$MPY                         
0     003f7187  _c_int00                        
0     003f71db  _finddevice                     
0     003f71f6  _getdevice                      
0     003f722b  _fputc                          
0     003f722b  _putc                           
0     003f7275  _putchar                        
0     003f727a  _HOSTrename                     
0     003f72b9  _fseek                          
0     003f72f6  _HOSTopen                       
0     003f732f  _HOSTread                       
0     003f7367  _HOSTwrite                      
0     003f73a5  _printf                         
0     003f73d3  _close                          
0     003f7406  _atoi                           
0     003f7437  ___TI_ltoa                      
0     003f7465  FD$$CMP                         
0     003f748f  L$$DIV                          
0     003f749e  L$$MOD                          
0     003f74ac  UL$$DIV                         
0     003f74b3  UL$$MOD                         
0     003f74b9  C$$EXIT                         
0     003f74b9  _abort                          
0     003f74bb  _exit                           
0     003f74e2  FS$$TOL                         
0     003f750b  _HOSTclose                      
0     003f7532  _HOSTunlink                     
0     003f7557  _copy_in                        
0     003f757b  _copysignl                      
0     003f759e  FD$$TOI                         
0     003f75bf  _cpu_scia_tx_isr                
0     003f75c4  _cpu_scia_rx_isr                
0     003f75de  FD$$TOL                         
0     003f75fd  LL$$CMP                         
0     003f760f  ULL$$CMP                        
0     003f761b  I$$TOFD                         
0     003f7638  _memcpy                         
0     003f7655  FS$$TOFD                        
0     003f7671  L$$TOFD                         
0     003f768d  _unlink                         
0     003f76a6  LL$$AND                         
0     003f76ae  LL$$OR                          
0     003f76b6  LL$$XOR                         
0     003f76be  _lseek                          
0     003f76d6  _write                          
0     003f76ee  _strncmp                        
0     003f7704  _strncpy                        
0     003f7719  _InitGpio                       
0     003f772c  __args_main                     
0     003f773d  _memccpy                        
0     003f774d  FD$$SUB                         
0     003f775b  _memchr                         
0     003f7768  _strchr                         
0     003f7773  _strcmp                         
0     003f777d  __register_unlock               
0     003f7781  __register_lock                 
0     003f7785  __nop                           
0     003f7786  FD$$NEG                         
0     003f7797  _strlen                         
0     003f779f  _wcslen                         
0     003f77a7  _DSP28x_DisableInt              
0     003f77ab  _DSP28x_RestoreInt              
0     003f77ae  _memset                         
0     003f77b5  _strcpy                         
0     003f77ba  _SetDBGIER                      
0     003f77bd  _remove                         
0     003f77c0  __system_pre_init               
0     003f77c2  __system_post_cinit             
0     003f77c3  ___etext__                      
0     003f77c3  etext                           
0     003f79af  __ctypes_                       
0     003f7b20  _RamfuncsLoadStart              
0     003f7c36  ___cinit__                      
0     003f7c36  cinit                           
0     003f7ff6  code_start                      
1     00000050  __stack                         
1     00000350  __STACK_END                     
1     00000400  __CIOBUF_                       
1     00000880  _DevEmuRegs                     
1     00000985  _SysPwrCtrlRegs                 
1     00000a80  _FlashRegs                      
1     00000ae0  _CsmRegs                        
1     00000b00  _AdcResult                      
1     00000c00  _CpuTimer0Regs                  
1     00000c08  _CpuTimer1Regs                  
1     00000c10  _CpuTimer2Regs                  
1     00000ce0  _PieCtrlRegs                    
1     00000d00  _EmuKey                         
1     00000d00  _PieVectTable                   
1     00000d01  _EmuBMode                       
1     00000d02  _Flash_CallbackPtr              
1     00000d04  _Flash_CPUScaleFactor           
1     00001400  _Cla1Regs                       
1     00006000  _ECanaRegs                      
1     00006040  _ECanaLAMRegs                   
1     00006080  _ECanaMOTSRegs                  
1     000060c0  _ECanaMOTORegs                  
1     00006100  _ECanaMboxes                    
1     00006400  _Comp1Regs                      
1     00006420  _Comp2Regs                      
1     00006440  _Comp3Regs                      
1     00006800  _EPwm1Regs                      
1     00006840  _EPwm2Regs                      
1     00006880  _EPwm3Regs                      
1     000068c0  _EPwm4Regs                      
1     00006900  _EPwm5Regs                      
1     00006940  _EPwm6Regs                      
1     00006980  _EPwm7Regs                      
1     00006a00  _ECap1Regs                      
1     00006ac0  _HRCap1Regs                     
1     00006ae0  _HRCap2Regs                     
1     00006b00  _EQep1Regs                      
1     00006c00  _LinaRegs                       
1     00006f80  _GpioCtrlRegs                   
1     00006fc0  _GpioDataRegs                   
1     00006fe0  _GpioIntRegs                    
1     00007010  _SysCtrlRegs                    
1     00007040  _SpiaRegs                       
1     00007050  _SciaRegs                       
1     00007060  _NmiIntruptRegs                 
1     00007070  _XIntruptRegs                   
1     00007100  _AdcRegs                        
1     00007740  _SpibRegs                       
1     00007900  _I2caRegs                       
1     00008c01  _at_state                       
1     00008c04  _ApplicationPtr                 
1     00008c06  _boot_ap                        
1     00008c40  _atCommand_tx                   
1     00008c80  _atCommand_rx                   
1     00008cc0  _esp8266                        
1     00008d8f  ___TI_ft_end                    
1     00008d90  __stream                        
1     00008dba  _BlockHeader                    
1     00008dc0  ___TI_tmpnams                   
1     00008e60  _CpuTimer0                      
1     00008e68  _CpuTimer1                      
1     00008e70  _CpuTimer2                      
1     00008e78  _parmbuf                        
1     00008e80  __ftable                        
1     00008ef8  ___TI_enable_exit_profile_output
1     00008efa  ___TI_cleanup_ptr               
1     00008efc  ___TI_dtors_ptr                 
1     00008efe  __lock                          
1     00008f00  __device                        
1     00008f48  _connect_at                     
1     00008f7d  _errno                          
1     00008f7e  __unlock                        
1     00009000  __sys_memory                    
1     003d7e80  _PartIdRegs                     
1     003f7ff8  _CsmPwl                         
abs   00000100  __SYSMEM_SIZE                   
abs   00000116  _RamfuncsLoadSize               
abs   00000300  __STACK_SIZE                    
abs   003ff8d2  _Flash2803x_Program             
abs   003ff9b3  _Flash2803x_Erase               
abs   003ffdd5  _Flash2803x_Verify              
abs   ffffffff  ___TI_pprof_out_hndl            
abs   ffffffff  ___TI_prof_data_size            
abs   ffffffff  ___TI_prof_data_start           
abs   ffffffff  ___binit__                      
abs   ffffffff  ___c_args__                     
abs   ffffffff  ___pinit__                      
abs   ffffffff  binit                           
abs   ffffffff  pinit                           

[317 symbols]
