<?xml version="1.0" encoding="ISO-8859-1" ?>
<link_info>
   <banner>TMS320C2000 Linker PC v20.2.2.LTS</banner>
   <copyright>Copyright (c) 1996-2018 Texas Instruments Incorporated</copyright>
   <link_time>0x643073ae</link_time>
   <link_errors>0x0</link_errors>
   <output_file>kick_scooter_rect_boot_beta0_tms320f28032.out</output_file>
   <entry_point>
      <name>_c_int00</name>
      <address>0x3f7187</address>
   </entry_point>
   <input_file_list>
      <input_file id="fl-2">
         <path>.\</path>
         <kind>object</kind>
         <file>DSP2803x_GlobalVariableDefs.obj</file>
         <name>DSP2803x_GlobalVariableDefs.obj</name>
      </input_file>
      <input_file id="fl-3">
         <path>.\</path>
         <kind>object</kind>
         <file>DSP28xx_SciUtil.obj</file>
         <name>DSP28xx_SciUtil.obj</name>
      </input_file>
      <input_file id="fl-4">
         <path>.\</path>
         <kind>object</kind>
         <file>Exit_Boot.obj</file>
         <name>Exit_Boot.obj</name>
      </input_file>
      <input_file id="fl-5">
         <path>.\</path>
         <kind>object</kind>
         <file>bootloader.obj</file>
         <name>bootloader.obj</name>
      </input_file>
      <input_file id="fl-6">
         <path>.\</path>
         <kind>object</kind>
         <file>main.obj</file>
         <name>main.obj</name>
      </input_file>
      <input_file id="fl-7">
         <path>.\f2803x_common\source\</path>
         <kind>object</kind>
         <file>DSP2803x_CSMPasswords.obj</file>
         <name>DSP2803x_CSMPasswords.obj</name>
      </input_file>
      <input_file id="fl-8">
         <path>.\f2803x_common\source\</path>
         <kind>object</kind>
         <file>DSP2803x_CodeStartBranch.obj</file>
         <name>DSP2803x_CodeStartBranch.obj</name>
      </input_file>
      <input_file id="fl-9">
         <path>.\f2803x_common\source\</path>
         <kind>object</kind>
         <file>DSP2803x_CpuTimers.obj</file>
         <name>DSP2803x_CpuTimers.obj</name>
      </input_file>
      <input_file id="fl-a">
         <path>.\f2803x_common\source\</path>
         <kind>object</kind>
         <file>DSP2803x_DBGIER.obj</file>
         <name>DSP2803x_DBGIER.obj</name>
      </input_file>
      <input_file id="fl-b">
         <path>.\f2803x_common\source\</path>
         <kind>object</kind>
         <file>DSP2803x_DefaultIsr.obj</file>
         <name>DSP2803x_DefaultIsr.obj</name>
      </input_file>
      <input_file id="fl-c">
         <path>.\f2803x_common\source\</path>
         <kind>object</kind>
         <file>DSP2803x_DisInt.obj</file>
         <name>DSP2803x_DisInt.obj</name>
      </input_file>
      <input_file id="fl-d">
         <path>.\f2803x_common\source\</path>
         <kind>object</kind>
         <file>DSP2803x_Gpio.obj</file>
         <name>DSP2803x_Gpio.obj</name>
      </input_file>
      <input_file id="fl-e">
         <path>.\f2803x_common\source\</path>
         <kind>object</kind>
         <file>DSP2803x_OscComp.obj</file>
         <name>DSP2803x_OscComp.obj</name>
      </input_file>
      <input_file id="fl-f">
         <path>.\f2803x_common\source\</path>
         <kind>object</kind>
         <file>DSP2803x_PieCtrl.obj</file>
         <name>DSP2803x_PieCtrl.obj</name>
      </input_file>
      <input_file id="fl-10">
         <path>.\f2803x_common\source\</path>
         <kind>object</kind>
         <file>DSP2803x_PieVect.obj</file>
         <name>DSP2803x_PieVect.obj</name>
      </input_file>
      <input_file id="fl-11">
         <path>.\f2803x_common\source\</path>
         <kind>object</kind>
         <file>DSP2803x_Sci.obj</file>
         <name>DSP2803x_Sci.obj</name>
      </input_file>
      <input_file id="fl-12">
         <path>.\f2803x_common\source\</path>
         <kind>object</kind>
         <file>DSP2803x_SysCtrl.obj</file>
         <name>DSP2803x_SysCtrl.obj</name>
      </input_file>
      <input_file id="fl-13">
         <path>.\f2803x_common\source\</path>
         <kind>object</kind>
         <file>DSP2803x_usDelay.obj</file>
         <name>DSP2803x_usDelay.obj</name>
      </input_file>
      <input_file id="fl-14">
         <path>.\f2803x_common\source\</path>
         <kind>object</kind>
         <file>bootloader.obj</file>
         <name>bootloader.obj</name>
      </input_file>
      <input_file id="fl-15">
         <path>.\f2803x_common\source\</path>
         <kind>object</kind>
         <file>esp8266.obj</file>
         <name>esp8266.obj</name>
      </input_file>
      <input_file id="fl-20">
         <kind>object</kind>
         <file>&lt;internal&gt;</file>
         <name>&lt;internal&gt;</name>
      </input_file>
      <input_file id="fl-21">
         <path>..\</path>
         <kind>archive</kind>
         <file>2803x_FlashAPI_BootROMSymbols.lib</file>
         <name>__Release_TMS320x2803x_boot_rom_out__Flash2803x_Erase_tmp.obj</name>
      </input_file>
      <input_file id="fl-22">
         <path>..\</path>
         <kind>archive</kind>
         <file>2803x_FlashAPI_BootROMSymbols.lib</file>
         <name>__Release_TMS320x2803x_boot_rom_out__Flash2803x_Program_tmp.obj</name>
      </input_file>
      <input_file id="fl-23">
         <path>..\</path>
         <kind>archive</kind>
         <file>2803x_FlashAPI_BootROMSymbols.lib</file>
         <name>__Release_TMS320x2803x_boot_rom_out__Flash2803x_Verify_tmp.obj</name>
      </input_file>
      <input_file id="fl-24">
         <path>C:\ti\ccs1020\ccs\tools\compiler\ti-cgt-c2000_20.2.2.LTS\lib\</path>
         <kind>archive</kind>
         <file>rts2800_ml.lib</file>
         <name>printf.c.obj</name>
      </input_file>
      <input_file id="fl-25">
         <path>C:\ti\ccs1020\ccs\tools\compiler\ti-cgt-c2000_20.2.2.LTS\lib\</path>
         <kind>archive</kind>
         <file>rts2800_ml.lib</file>
         <name>_printfi.c.obj</name>
      </input_file>
      <input_file id="fl-26">
         <path>C:\ti\ccs1020\ccs\tools\compiler\ti-cgt-c2000_20.2.2.LTS\lib\</path>
         <kind>archive</kind>
         <file>rts2800_ml.lib</file>
         <name>fputc.c.obj</name>
      </input_file>
      <input_file id="fl-27">
         <path>C:\ti\ccs1020\ccs\tools\compiler\ti-cgt-c2000_20.2.2.LTS\lib\</path>
         <kind>archive</kind>
         <file>rts2800_ml.lib</file>
         <name>fputs.c.obj</name>
      </input_file>
      <input_file id="fl-28">
         <path>C:\ti\ccs1020\ccs\tools\compiler\ti-cgt-c2000_20.2.2.LTS\lib\</path>
         <kind>archive</kind>
         <file>rts2800_ml.lib</file>
         <name>_io_perm.c.obj</name>
      </input_file>
      <input_file id="fl-29">
         <path>C:\ti\ccs1020\ccs\tools\compiler\ti-cgt-c2000_20.2.2.LTS\lib\</path>
         <kind>archive</kind>
         <file>rts2800_ml.lib</file>
         <name>setvbuf.c.obj</name>
      </input_file>
      <input_file id="fl-2a">
         <path>C:\ti\ccs1020\ccs\tools\compiler\ti-cgt-c2000_20.2.2.LTS\lib\</path>
         <kind>archive</kind>
         <file>rts2800_ml.lib</file>
         <name>boot28.asm.obj</name>
      </input_file>
      <input_file id="fl-2b">
         <path>C:\ti\ccs1020\ccs\tools\compiler\ti-cgt-c2000_20.2.2.LTS\lib\</path>
         <kind>archive</kind>
         <file>rts2800_ml.lib</file>
         <name>fd_cmp28.asm.obj</name>
      </input_file>
      <input_file id="fl-2c">
         <path>C:\ti\ccs1020\ccs\tools\compiler\ti-cgt-c2000_20.2.2.LTS\lib\</path>
         <kind>archive</kind>
         <file>rts2800_ml.lib</file>
         <name>fd_mpy28.asm.obj</name>
      </input_file>
      <input_file id="fl-2d">
         <path>C:\ti\ccs1020\ccs\tools\compiler\ti-cgt-c2000_20.2.2.LTS\lib\</path>
         <kind>archive</kind>
         <file>rts2800_ml.lib</file>
         <name>fd_neg28.asm.obj</name>
      </input_file>
      <input_file id="fl-2e">
         <path>C:\ti\ccs1020\ccs\tools\compiler\ti-cgt-c2000_20.2.2.LTS\lib\</path>
         <kind>archive</kind>
         <file>rts2800_ml.lib</file>
         <name>fd_sub28.asm.obj</name>
      </input_file>
      <input_file id="fl-2f">
         <path>C:\ti\ccs1020\ccs\tools\compiler\ti-cgt-c2000_20.2.2.LTS\lib\</path>
         <kind>archive</kind>
         <file>rts2800_ml.lib</file>
         <name>fd_toi28.asm.obj</name>
      </input_file>
      <input_file id="fl-30">
         <path>C:\ti\ccs1020\ccs\tools\compiler\ti-cgt-c2000_20.2.2.LTS\lib\</path>
         <kind>archive</kind>
         <file>rts2800_ml.lib</file>
         <name>fd_tol28.asm.obj</name>
      </input_file>
      <input_file id="fl-31">
         <path>C:\ti\ccs1020\ccs\tools\compiler\ti-cgt-c2000_20.2.2.LTS\lib\</path>
         <kind>archive</kind>
         <file>rts2800_ml.lib</file>
         <name>fs_mpy28.asm.obj</name>
      </input_file>
      <input_file id="fl-32">
         <path>C:\ti\ccs1020\ccs\tools\compiler\ti-cgt-c2000_20.2.2.LTS\lib\</path>
         <kind>archive</kind>
         <file>rts2800_ml.lib</file>
         <name>fs_tol28.asm.obj</name>
      </input_file>
      <input_file id="fl-33">
         <path>C:\ti\ccs1020\ccs\tools\compiler\ti-cgt-c2000_20.2.2.LTS\lib\</path>
         <kind>archive</kind>
         <file>rts2800_ml.lib</file>
         <name>ll_aox28.asm.obj</name>
      </input_file>
      <input_file id="fl-34">
         <path>C:\ti\ccs1020\ccs\tools\compiler\ti-cgt-c2000_20.2.2.LTS\lib\</path>
         <kind>archive</kind>
         <file>rts2800_ml.lib</file>
         <name>ll_cmp28.asm.obj</name>
      </input_file>
      <input_file id="fl-35">
         <path>C:\ti\ccs1020\ccs\tools\compiler\ti-cgt-c2000_20.2.2.LTS\lib\</path>
         <kind>archive</kind>
         <file>rts2800_ml.lib</file>
         <name>ll_div28.asm.obj</name>
      </input_file>
      <input_file id="fl-36">
         <path>C:\ti\ccs1020\ccs\tools\compiler\ti-cgt-c2000_20.2.2.LTS\lib\</path>
         <kind>archive</kind>
         <file>rts2800_ml.lib</file>
         <name>i_tofd28.asm.obj</name>
      </input_file>
      <input_file id="fl-37">
         <path>C:\ti\ccs1020\ccs\tools\compiler\ti-cgt-c2000_20.2.2.LTS\lib\</path>
         <kind>archive</kind>
         <file>rts2800_ml.lib</file>
         <name>l_tofd28.asm.obj</name>
      </input_file>
      <input_file id="fl-38">
         <path>C:\ti\ccs1020\ccs\tools\compiler\ti-cgt-c2000_20.2.2.LTS\lib\</path>
         <kind>archive</kind>
         <file>rts2800_ml.lib</file>
         <name>fs_tofd28.asm.obj</name>
      </input_file>
      <input_file id="fl-39">
         <path>C:\ti\ccs1020\ccs\tools\compiler\ti-cgt-c2000_20.2.2.LTS\lib\</path>
         <kind>archive</kind>
         <file>rts2800_ml.lib</file>
         <name>fd_div28.asm.obj</name>
      </input_file>
      <input_file id="fl-3a">
         <path>C:\ti\ccs1020\ccs\tools\compiler\ti-cgt-c2000_20.2.2.LTS\lib\</path>
         <kind>archive</kind>
         <file>rts2800_ml.lib</file>
         <name>cpy_tbl.c.obj</name>
      </input_file>
      <input_file id="fl-3b">
         <path>C:\ti\ccs1020\ccs\tools\compiler\ti-cgt-c2000_20.2.2.LTS\lib\</path>
         <kind>archive</kind>
         <file>rts2800_ml.lib</file>
         <name>memcpy.c.obj</name>
      </input_file>
      <input_file id="fl-3c">
         <path>C:\ti\ccs1020\ccs\tools\compiler\ti-cgt-c2000_20.2.2.LTS\lib\</path>
         <kind>archive</kind>
         <file>rts2800_ml.lib</file>
         <name>pre_init.c.obj</name>
      </input_file>
      <input_file id="fl-3d">
         <path>C:\ti\ccs1020\ccs\tools\compiler\ti-cgt-c2000_20.2.2.LTS\lib\</path>
         <kind>archive</kind>
         <file>rts2800_ml.lib</file>
         <name>startup.c.obj</name>
      </input_file>
      <input_file id="fl-3e">
         <path>C:\ti\ccs1020\ccs\tools\compiler\ti-cgt-c2000_20.2.2.LTS\lib\</path>
         <kind>archive</kind>
         <file>rts2800_ml.lib</file>
         <name>exit.c.obj</name>
      </input_file>
      <input_file id="fl-3f">
         <path>C:\ti\ccs1020\ccs\tools\compiler\ti-cgt-c2000_20.2.2.LTS\lib\</path>
         <kind>archive</kind>
         <file>rts2800_ml.lib</file>
         <name>_lock.c.obj</name>
      </input_file>
      <input_file id="fl-40">
         <path>C:\ti\ccs1020\ccs\tools\compiler\ti-cgt-c2000_20.2.2.LTS\lib\</path>
         <kind>archive</kind>
         <file>rts2800_ml.lib</file>
         <name>_ltoa.c.obj</name>
      </input_file>
      <input_file id="fl-41">
         <path>C:\ti\ccs1020\ccs\tools\compiler\ti-cgt-c2000_20.2.2.LTS\lib\</path>
         <kind>archive</kind>
         <file>rts2800_ml.lib</file>
         <name>args_main.c.obj</name>
      </input_file>
      <input_file id="fl-42">
         <path>C:\ti\ccs1020\ccs\tools\compiler\ti-cgt-c2000_20.2.2.LTS\lib\</path>
         <kind>archive</kind>
         <file>rts2800_ml.lib</file>
         <name>atoi.c.obj</name>
      </input_file>
      <input_file id="fl-43">
         <path>C:\ti\ccs1020\ccs\tools\compiler\ti-cgt-c2000_20.2.2.LTS\lib\</path>
         <kind>archive</kind>
         <file>rts2800_ml.lib</file>
         <name>ctype.c.obj</name>
      </input_file>
      <input_file id="fl-44">
         <path>C:\ti\ccs1020\ccs\tools\compiler\ti-cgt-c2000_20.2.2.LTS\lib\</path>
         <kind>archive</kind>
         <file>rts2800_ml.lib</file>
         <name>defs.c.obj</name>
      </input_file>
      <input_file id="fl-45">
         <path>C:\ti\ccs1020\ccs\tools\compiler\ti-cgt-c2000_20.2.2.LTS\lib\</path>
         <kind>archive</kind>
         <file>rts2800_ml.lib</file>
         <name>memccpy.c.obj</name>
      </input_file>
      <input_file id="fl-46">
         <path>C:\ti\ccs1020\ccs\tools\compiler\ti-cgt-c2000_20.2.2.LTS\lib\</path>
         <kind>archive</kind>
         <file>rts2800_ml.lib</file>
         <name>memchr.c.obj</name>
      </input_file>
      <input_file id="fl-47">
         <path>C:\ti\ccs1020\ccs\tools\compiler\ti-cgt-c2000_20.2.2.LTS\lib\</path>
         <kind>archive</kind>
         <file>rts2800_ml.lib</file>
         <name>memory.c.obj</name>
      </input_file>
      <input_file id="fl-48">
         <path>C:\ti\ccs1020\ccs\tools\compiler\ti-cgt-c2000_20.2.2.LTS\lib\</path>
         <kind>archive</kind>
         <file>rts2800_ml.lib</file>
         <name>memset.c.obj</name>
      </input_file>
      <input_file id="fl-49">
         <path>C:\ti\ccs1020\ccs\tools\compiler\ti-cgt-c2000_20.2.2.LTS\lib\</path>
         <kind>archive</kind>
         <file>rts2800_ml.lib</file>
         <name>strchr.c.obj</name>
      </input_file>
      <input_file id="fl-4a">
         <path>C:\ti\ccs1020\ccs\tools\compiler\ti-cgt-c2000_20.2.2.LTS\lib\</path>
         <kind>archive</kind>
         <file>rts2800_ml.lib</file>
         <name>strcpy.c.obj</name>
      </input_file>
      <input_file id="fl-4b">
         <path>C:\ti\ccs1020\ccs\tools\compiler\ti-cgt-c2000_20.2.2.LTS\lib\</path>
         <kind>archive</kind>
         <file>rts2800_ml.lib</file>
         <name>strlen.c.obj</name>
      </input_file>
      <input_file id="fl-4c">
         <path>C:\ti\ccs1020\ccs\tools\compiler\ti-cgt-c2000_20.2.2.LTS\lib\</path>
         <kind>archive</kind>
         <file>rts2800_ml.lib</file>
         <name>strncmp.c.obj</name>
      </input_file>
      <input_file id="fl-4d">
         <path>C:\ti\ccs1020\ccs\tools\compiler\ti-cgt-c2000_20.2.2.LTS\lib\</path>
         <kind>archive</kind>
         <file>rts2800_ml.lib</file>
         <name>strncpy.c.obj</name>
      </input_file>
      <input_file id="fl-4e">
         <path>C:\ti\ccs1020\ccs\tools\compiler\ti-cgt-c2000_20.2.2.LTS\lib\</path>
         <kind>archive</kind>
         <file>rts2800_ml.lib</file>
         <name>write.c.obj</name>
      </input_file>
      <input_file id="fl-4f">
         <path>C:\ti\ccs1020\ccs\tools\compiler\ti-cgt-c2000_20.2.2.LTS\lib\</path>
         <kind>archive</kind>
         <file>rts2800_ml.lib</file>
         <name>host_device.c.obj</name>
      </input_file>
      <input_file id="fl-50">
         <path>C:\ti\ccs1020\ccs\tools\compiler\ti-cgt-c2000_20.2.2.LTS\lib\</path>
         <kind>archive</kind>
         <file>rts2800_ml.lib</file>
         <name>s_frexp.c.obj</name>
      </input_file>
      <input_file id="fl-51">
         <path>C:\ti\ccs1020\ccs\tools\compiler\ti-cgt-c2000_20.2.2.LTS\lib\</path>
         <kind>archive</kind>
         <file>rts2800_ml.lib</file>
         <name>s_scalbn.c.obj</name>
      </input_file>
      <input_file id="fl-52">
         <path>C:\ti\ccs1020\ccs\tools\compiler\ti-cgt-c2000_20.2.2.LTS\lib\</path>
         <kind>archive</kind>
         <file>rts2800_ml.lib</file>
         <name>wcslen.c.obj</name>
      </input_file>
      <input_file id="fl-53">
         <path>C:\ti\ccs1020\ccs\tools\compiler\ti-cgt-c2000_20.2.2.LTS\lib\</path>
         <kind>archive</kind>
         <file>rts2800_ml.lib</file>
         <name>s_copysign.c.obj</name>
      </input_file>
      <input_file id="fl-54">
         <path>C:\ti\ccs1020\ccs\tools\compiler\ti-cgt-c2000_20.2.2.LTS\lib\</path>
         <kind>archive</kind>
         <file>rts2800_ml.lib</file>
         <name>fflush.c.obj</name>
      </input_file>
      <input_file id="fl-55">
         <path>C:\ti\ccs1020\ccs\tools\compiler\ti-cgt-c2000_20.2.2.LTS\lib\</path>
         <kind>archive</kind>
         <file>rts2800_ml.lib</file>
         <name>fopen.c.obj</name>
      </input_file>
      <input_file id="fl-56">
         <path>C:\ti\ccs1020\ccs\tools\compiler\ti-cgt-c2000_20.2.2.LTS\lib\</path>
         <kind>archive</kind>
         <file>rts2800_ml.lib</file>
         <name>fseek.c.obj</name>
      </input_file>
      <input_file id="fl-57">
         <path>C:\ti\ccs1020\ccs\tools\compiler\ti-cgt-c2000_20.2.2.LTS\lib\</path>
         <kind>archive</kind>
         <file>rts2800_ml.lib</file>
         <name>fd_add28.asm.obj</name>
      </input_file>
      <input_file id="fl-58">
         <path>C:\ti\ccs1020\ccs\tools\compiler\ti-cgt-c2000_20.2.2.LTS\lib\</path>
         <kind>archive</kind>
         <file>rts2800_ml.lib</file>
         <name>l_div28.asm.obj</name>
      </input_file>
      <input_file id="fl-59">
         <path>C:\ti\ccs1020\ccs\tools\compiler\ti-cgt-c2000_20.2.2.LTS\lib\</path>
         <kind>archive</kind>
         <file>rts2800_ml.lib</file>
         <name>hostclose.c.obj</name>
      </input_file>
      <input_file id="fl-5a">
         <path>C:\ti\ccs1020\ccs\tools\compiler\ti-cgt-c2000_20.2.2.LTS\lib\</path>
         <kind>archive</kind>
         <file>rts2800_ml.lib</file>
         <name>hostlseek.c.obj</name>
      </input_file>
      <input_file id="fl-5b">
         <path>C:\ti\ccs1020\ccs\tools\compiler\ti-cgt-c2000_20.2.2.LTS\lib\</path>
         <kind>archive</kind>
         <file>rts2800_ml.lib</file>
         <name>hostopen.c.obj</name>
      </input_file>
      <input_file id="fl-5c">
         <path>C:\ti\ccs1020\ccs\tools\compiler\ti-cgt-c2000_20.2.2.LTS\lib\</path>
         <kind>archive</kind>
         <file>rts2800_ml.lib</file>
         <name>hostread.c.obj</name>
      </input_file>
      <input_file id="fl-5d">
         <path>C:\ti\ccs1020\ccs\tools\compiler\ti-cgt-c2000_20.2.2.LTS\lib\</path>
         <kind>archive</kind>
         <file>rts2800_ml.lib</file>
         <name>hostrename.c.obj</name>
      </input_file>
      <input_file id="fl-5e">
         <path>C:\ti\ccs1020\ccs\tools\compiler\ti-cgt-c2000_20.2.2.LTS\lib\</path>
         <kind>archive</kind>
         <file>rts2800_ml.lib</file>
         <name>hostunlink.c.obj</name>
      </input_file>
      <input_file id="fl-5f">
         <path>C:\ti\ccs1020\ccs\tools\compiler\ti-cgt-c2000_20.2.2.LTS\lib\</path>
         <kind>archive</kind>
         <file>rts2800_ml.lib</file>
         <name>hostwrite.c.obj</name>
      </input_file>
      <input_file id="fl-60">
         <path>C:\ti\ccs1020\ccs\tools\compiler\ti-cgt-c2000_20.2.2.LTS\lib\</path>
         <kind>archive</kind>
         <file>rts2800_ml.lib</file>
         <name>trgmsg.c.obj</name>
      </input_file>
      <input_file id="fl-61">
         <path>C:\ti\ccs1020\ccs\tools\compiler\ti-cgt-c2000_20.2.2.LTS\lib\</path>
         <kind>archive</kind>
         <file>rts2800_ml.lib</file>
         <name>open.c.obj</name>
      </input_file>
      <input_file id="fl-62">
         <path>C:\ti\ccs1020\ccs\tools\compiler\ti-cgt-c2000_20.2.2.LTS\lib\</path>
         <kind>archive</kind>
         <file>rts2800_ml.lib</file>
         <name>lseek.c.obj</name>
      </input_file>
      <input_file id="fl-63">
         <path>C:\ti\ccs1020\ccs\tools\compiler\ti-cgt-c2000_20.2.2.LTS\lib\</path>
         <kind>archive</kind>
         <file>rts2800_ml.lib</file>
         <name>errno.c.obj</name>
      </input_file>
      <input_file id="fl-64">
         <path>C:\ti\ccs1020\ccs\tools\compiler\ti-cgt-c2000_20.2.2.LTS\lib\</path>
         <kind>archive</kind>
         <file>rts2800_ml.lib</file>
         <name>fclose.c.obj</name>
      </input_file>
      <input_file id="fl-65">
         <path>C:\ti\ccs1020\ccs\tools\compiler\ti-cgt-c2000_20.2.2.LTS\lib\</path>
         <kind>archive</kind>
         <file>rts2800_ml.lib</file>
         <name>getdevice.c.obj</name>
      </input_file>
      <input_file id="fl-66">
         <path>C:\ti\ccs1020\ccs\tools\compiler\ti-cgt-c2000_20.2.2.LTS\lib\</path>
         <kind>archive</kind>
         <file>rts2800_ml.lib</file>
         <name>strcmp.c.obj</name>
      </input_file>
      <input_file id="fl-67">
         <path>C:\ti\ccs1020\ccs\tools\compiler\ti-cgt-c2000_20.2.2.LTS\lib\</path>
         <kind>archive</kind>
         <file>rts2800_ml.lib</file>
         <name>remove.c.obj</name>
      </input_file>
      <input_file id="fl-68">
         <path>C:\ti\ccs1020\ccs\tools\compiler\ti-cgt-c2000_20.2.2.LTS\lib\</path>
         <kind>archive</kind>
         <file>rts2800_ml.lib</file>
         <name>close.c.obj</name>
      </input_file>
      <input_file id="fl-69">
         <path>C:\ti\ccs1020\ccs\tools\compiler\ti-cgt-c2000_20.2.2.LTS\lib\</path>
         <kind>archive</kind>
         <file>rts2800_ml.lib</file>
         <name>unlink.c.obj</name>
      </input_file>
   </input_file_list>
   <object_component_list>
      <object_component id="oc-79">
         <name>PieVectTableFile</name>
         <uninitialized>true</uninitialized>
         <run_address>0xd00</run_address>
         <size>0x100</size>
         <input_file_ref idref="fl-2"/>
      </object_component>
      <object_component id="oc-4b">
         <name>EmuKeyVar</name>
         <uninitialized>true</uninitialized>
         <run_address>0xd00</run_address>
         <size>0x1</size>
         <input_file_ref idref="fl-2"/>
      </object_component>
      <object_component id="oc-4c">
         <name>EmuBModeVar</name>
         <uninitialized>true</uninitialized>
         <run_address>0xd01</run_address>
         <size>0x1</size>
         <input_file_ref idref="fl-2"/>
      </object_component>
      <object_component id="oc-4e">
         <name>FlashCallbackVar</name>
         <uninitialized>true</uninitialized>
         <run_address>0xd02</run_address>
         <size>0x2</size>
         <input_file_ref idref="fl-2"/>
      </object_component>
      <object_component id="oc-4d">
         <name>FlashScalingVar</name>
         <uninitialized>true</uninitialized>
         <run_address>0xd04</run_address>
         <size>0x2</size>
         <input_file_ref idref="fl-2"/>
      </object_component>
      <object_component id="oc-50">
         <name>DevEmuRegsFile</name>
         <uninitialized>true</uninitialized>
         <run_address>0x880</run_address>
         <size>0x4</size>
         <input_file_ref idref="fl-2"/>
      </object_component>
      <object_component id="oc-4f">
         <name>SysPwrCtrlRegsFile</name>
         <uninitialized>true</uninitialized>
         <run_address>0x985</run_address>
         <size>0x3</size>
         <input_file_ref idref="fl-2"/>
      </object_component>
      <object_component id="oc-55">
         <name>FlashRegsFile</name>
         <uninitialized>true</uninitialized>
         <run_address>0xa80</run_address>
         <size>0x8</size>
         <input_file_ref idref="fl-2"/>
      </object_component>
      <object_component id="oc-57">
         <name>CsmRegsFile</name>
         <uninitialized>true</uninitialized>
         <run_address>0xae0</run_address>
         <size>0x10</size>
         <input_file_ref idref="fl-2"/>
      </object_component>
      <object_component id="oc-61">
         <name>AdcResultFile</name>
         <uninitialized>true</uninitialized>
         <run_address>0xb00</run_address>
         <size>0x20</size>
         <input_file_ref idref="fl-2"/>
      </object_component>
      <object_component id="oc-51">
         <name>CpuTimer0RegsFile</name>
         <uninitialized>true</uninitialized>
         <run_address>0xc00</run_address>
         <size>0x8</size>
         <input_file_ref idref="fl-2"/>
      </object_component>
      <object_component id="oc-52">
         <name>CpuTimer1RegsFile</name>
         <uninitialized>true</uninitialized>
         <run_address>0xc08</run_address>
         <size>0x8</size>
         <input_file_ref idref="fl-2"/>
      </object_component>
      <object_component id="oc-53">
         <name>CpuTimer2RegsFile</name>
         <uninitialized>true</uninitialized>
         <run_address>0xc10</run_address>
         <size>0x8</size>
         <input_file_ref idref="fl-2"/>
      </object_component>
      <object_component id="oc-60">
         <name>PieCtrlRegsFile</name>
         <uninitialized>true</uninitialized>
         <run_address>0xce0</run_address>
         <size>0x1a</size>
         <input_file_ref idref="fl-2"/>
      </object_component>
      <object_component id="oc-6c">
         <name>Cla1RegsFile</name>
         <uninitialized>true</uninitialized>
         <run_address>0x1400</run_address>
         <size>0x40</size>
         <input_file_ref idref="fl-2"/>
      </object_component>
      <object_component id="oc-68">
         <name>ECanaRegsFile</name>
         <uninitialized>true</uninitialized>
         <run_address>0x6000</run_address>
         <size>0x34</size>
         <input_file_ref idref="fl-2"/>
      </object_component>
      <object_component id="oc-69">
         <name>ECanaLAMRegsFile</name>
         <uninitialized>true</uninitialized>
         <run_address>0x6040</run_address>
         <size>0x40</size>
         <input_file_ref idref="fl-2"/>
      </object_component>
      <object_component id="oc-78">
         <name>ECanaMboxesFile</name>
         <uninitialized>true</uninitialized>
         <run_address>0x6100</run_address>
         <size>0x100</size>
         <input_file_ref idref="fl-2"/>
      </object_component>
      <object_component id="oc-6a">
         <name>ECanaMOTSRegsFile</name>
         <uninitialized>true</uninitialized>
         <run_address>0x6080</run_address>
         <size>0x40</size>
         <input_file_ref idref="fl-2"/>
      </object_component>
      <object_component id="oc-6b">
         <name>ECanaMOTORegsFile</name>
         <uninitialized>true</uninitialized>
         <run_address>0x60c0</run_address>
         <size>0x40</size>
         <input_file_ref idref="fl-2"/>
      </object_component>
      <object_component id="oc-62">
         <name>ECap1RegsFile</name>
         <uninitialized>true</uninitialized>
         <run_address>0x6a00</run_address>
         <size>0x20</size>
         <input_file_ref idref="fl-2"/>
      </object_component>
      <object_component id="oc-64">
         <name>HRCap1RegsFile</name>
         <uninitialized>true</uninitialized>
         <run_address>0x6ac0</run_address>
         <size>0x20</size>
         <input_file_ref idref="fl-2"/>
      </object_component>
      <object_component id="oc-65">
         <name>HRCap2RegsFile</name>
         <uninitialized>true</uninitialized>
         <run_address>0x6ae0</run_address>
         <size>0x20</size>
         <input_file_ref idref="fl-2"/>
      </object_component>
      <object_component id="oc-74">
         <name>EQep1RegsFile</name>
         <uninitialized>true</uninitialized>
         <run_address>0x6b00</run_address>
         <size>0x40</size>
         <input_file_ref idref="fl-2"/>
      </object_component>
      <object_component id="oc-76">
         <name>LinaRegsFile</name>
         <uninitialized>true</uninitialized>
         <run_address>0x6c00</run_address>
         <size>0x4a</size>
         <input_file_ref idref="fl-2"/>
      </object_component>
      <object_component id="oc-75">
         <name>GpioCtrlRegsFile</name>
         <uninitialized>true</uninitialized>
         <run_address>0x6f80</run_address>
         <size>0x40</size>
         <input_file_ref idref="fl-2"/>
      </object_component>
      <object_component id="oc-63">
         <name>GpioDataRegsFile</name>
         <uninitialized>true</uninitialized>
         <run_address>0x6fc0</run_address>
         <size>0x20</size>
         <input_file_ref idref="fl-2"/>
      </object_component>
      <object_component id="oc-56">
         <name>GpioIntRegsFile</name>
         <uninitialized>true</uninitialized>
         <run_address>0x6fe0</run_address>
         <size>0xc</size>
         <input_file_ref idref="fl-2"/>
      </object_component>
      <object_component id="oc-66">
         <name>SysCtrlRegsFile</name>
         <uninitialized>true</uninitialized>
         <run_address>0x7010</run_address>
         <size>0x20</size>
         <input_file_ref idref="fl-2"/>
      </object_component>
      <object_component id="oc-5a">
         <name>SpiaRegsFile</name>
         <uninitialized>true</uninitialized>
         <run_address>0x7040</run_address>
         <size>0x10</size>
         <input_file_ref idref="fl-2"/>
      </object_component>
      <object_component id="oc-5b">
         <name>SpibRegsFile</name>
         <uninitialized>true</uninitialized>
         <run_address>0x7740</run_address>
         <size>0x10</size>
         <input_file_ref idref="fl-2"/>
      </object_component>
      <object_component id="oc-59">
         <name>SciaRegsFile</name>
         <uninitialized>true</uninitialized>
         <run_address>0x7050</run_address>
         <size>0x10</size>
         <input_file_ref idref="fl-2"/>
      </object_component>
      <object_component id="oc-58">
         <name>NmiIntruptRegsFile</name>
         <uninitialized>true</uninitialized>
         <run_address>0x7060</run_address>
         <size>0x10</size>
         <input_file_ref idref="fl-2"/>
      </object_component>
      <object_component id="oc-5c">
         <name>XIntruptRegsFile</name>
         <uninitialized>true</uninitialized>
         <run_address>0x7070</run_address>
         <size>0x10</size>
         <input_file_ref idref="fl-2"/>
      </object_component>
      <object_component id="oc-77">
         <name>AdcRegsFile</name>
         <uninitialized>true</uninitialized>
         <run_address>0x7100</run_address>
         <size>0x50</size>
         <input_file_ref idref="fl-2"/>
      </object_component>
      <object_component id="oc-67">
         <name>I2caRegsFile</name>
         <uninitialized>true</uninitialized>
         <run_address>0x7900</run_address>
         <size>0x22</size>
         <input_file_ref idref="fl-2"/>
      </object_component>
      <object_component id="oc-5d">
         <name>Comp1RegsFile</name>
         <uninitialized>true</uninitialized>
         <run_address>0x6400</run_address>
         <size>0x14</size>
         <input_file_ref idref="fl-2"/>
      </object_component>
      <object_component id="oc-5e">
         <name>Comp2RegsFile</name>
         <uninitialized>true</uninitialized>
         <run_address>0x6420</run_address>
         <size>0x14</size>
         <input_file_ref idref="fl-2"/>
      </object_component>
      <object_component id="oc-5f">
         <name>Comp3RegsFile</name>
         <uninitialized>true</uninitialized>
         <run_address>0x6440</run_address>
         <size>0x14</size>
         <input_file_ref idref="fl-2"/>
      </object_component>
      <object_component id="oc-6d">
         <name>EPwm1RegsFile</name>
         <uninitialized>true</uninitialized>
         <run_address>0x6800</run_address>
         <size>0x40</size>
         <input_file_ref idref="fl-2"/>
      </object_component>
      <object_component id="oc-6e">
         <name>EPwm2RegsFile</name>
         <uninitialized>true</uninitialized>
         <run_address>0x6840</run_address>
         <size>0x40</size>
         <input_file_ref idref="fl-2"/>
      </object_component>
      <object_component id="oc-6f">
         <name>EPwm3RegsFile</name>
         <uninitialized>true</uninitialized>
         <run_address>0x6880</run_address>
         <size>0x40</size>
         <input_file_ref idref="fl-2"/>
      </object_component>
      <object_component id="oc-70">
         <name>EPwm4RegsFile</name>
         <uninitialized>true</uninitialized>
         <run_address>0x68c0</run_address>
         <size>0x40</size>
         <input_file_ref idref="fl-2"/>
      </object_component>
      <object_component id="oc-71">
         <name>EPwm5RegsFile</name>
         <uninitialized>true</uninitialized>
         <run_address>0x6900</run_address>
         <size>0x40</size>
         <input_file_ref idref="fl-2"/>
      </object_component>
      <object_component id="oc-72">
         <name>EPwm6RegsFile</name>
         <uninitialized>true</uninitialized>
         <run_address>0x6940</run_address>
         <size>0x40</size>
         <input_file_ref idref="fl-2"/>
      </object_component>
      <object_component id="oc-73">
         <name>EPwm7RegsFile</name>
         <uninitialized>true</uninitialized>
         <run_address>0x6980</run_address>
         <size>0x40</size>
         <input_file_ref idref="fl-2"/>
      </object_component>
      <object_component id="oc-54">
         <name>CsmPwlFile</name>
         <uninitialized>true</uninitialized>
         <run_address>0x3f7ff8</run_address>
         <size>0x8</size>
         <input_file_ref idref="fl-2"/>
      </object_component>
      <object_component id="oc-4a">
         <name>PartIdRegsFile</name>
         <uninitialized>true</uninitialized>
         <run_address>0x3d7e80</run_address>
         <size>0x1</size>
         <input_file_ref idref="fl-2"/>
      </object_component>
      <object_component id="oc-262">
         <name>.cinit:__ftable</name>
         <load_address>0x3f7c36</load_address>
         <run_address>0x3f7c36</run_address>
         <size>0x26</size>
         <input_file_ref idref="fl-44"/>
      </object_component>
      <object_component id="oc-27d">
         <name>.cinit:__device</name>
         <load_address>0x3f7c5c</load_address>
         <run_address>0x3f7c5c</run_address>
         <size>0x1b</size>
         <input_file_ref idref="fl-4f"/>
      </object_component>
      <object_component id="oc-276">
         <name>.cinit:__stream</name>
         <load_address>0x3f7c77</load_address>
         <run_address>0x3f7c77</run_address>
         <size>0xe</size>
         <input_file_ref idref="fl-4f"/>
      </object_component>
      <object_component id="oc-16a">
         <name>.cinit</name>
         <load_address>0x3f7c85</load_address>
         <run_address>0x3f7c85</run_address>
         <size>0xe</size>
         <input_file_ref idref="fl-3e"/>
      </object_component>
      <object_component id="oc-8d">
         <name>.cinit</name>
         <load_address>0x3f7c93</load_address>
         <run_address>0x3f7c93</run_address>
         <size>0xc</size>
         <input_file_ref idref="fl-6"/>
      </object_component>
      <object_component id="oc-251">
         <name>.cinit:__lock</name>
         <load_address>0x3f7c9f</load_address>
         <run_address>0x3f7c9f</run_address>
         <size>0x5</size>
         <input_file_ref idref="fl-3f"/>
      </object_component>
      <object_component id="oc-25e">
         <name>.cinit:__unlock</name>
         <load_address>0x3f7ca4</load_address>
         <run_address>0x3f7ca4</run_address>
         <size>0x5</size>
         <input_file_ref idref="fl-3f"/>
      </object_component>
      <object_component id="oc-187">
         <name>.cinit</name>
         <load_address>0x3f7ca9</load_address>
         <run_address>0x3f7ca9</run_address>
         <size>0x4</size>
         <input_file_ref idref="fl-44"/>
      </object_component>
      <object_component id="oc-228">
         <name>.cinit</name>
         <load_address>0x3f7cad</load_address>
         <run_address>0x3f7cad</run_address>
         <size>0x4</size>
         <input_file_ref idref="fl-63"/>
      </object_component>
      <object_component id="oc-1dd">
         <name>.cinit</name>
         <load_address>0x3f7cb1</load_address>
         <run_address>0x3f7cb1</run_address>
         <size>0x4</size>
         <input_file_ref idref="fl-55"/>
      </object_component>
      <object_component id="oc-195">
         <name>.cinit</name>
         <load_address>0x3f7cb5</load_address>
         <run_address>0x3f7cb5</run_address>
         <size>0x4</size>
         <input_file_ref idref="fl-47"/>
      </object_component>
      <object_component id="oc-21c">
         <name>.cinit</name>
         <load_address>0x3f7cb9</load_address>
         <run_address>0x3f7cb9</run_address>
         <size>0x4</size>
         <input_file_ref idref="fl-61"/>
      </object_component>
      <object_component id="oc-264">
         <name>.text</name>
         <load_address>0x3f5000</load_address>
         <run_address>0x3f5000</run_address>
         <size>0xc98</size>
         <input_file_ref idref="fl-25"/>
      </object_component>
      <object_component id="oc-24e">
         <name>.text</name>
         <load_address>0x3f5c98</load_address>
         <run_address>0x3f5c98</run_address>
         <size>0x496</size>
         <input_file_ref idref="fl-6"/>
      </object_component>
      <object_component id="oc-27a">
         <name>.text</name>
         <load_address>0x3f612e</load_address>
         <run_address>0x3f612e</run_address>
         <size>0x289</size>
         <input_file_ref idref="fl-47"/>
      </object_component>
      <object_component id="oc-a9">
         <name>.text:retain</name>
         <load_address>0x3f63b7</load_address>
         <run_address>0x3f63b7</run_address>
         <size>0x17c</size>
         <input_file_ref idref="fl-b"/>
      </object_component>
      <object_component id="oc-256">
         <name>.text</name>
         <load_address>0x3f6533</load_address>
         <run_address>0x3f6533</run_address>
         <size>0x156</size>
         <input_file_ref idref="fl-12"/>
      </object_component>
      <object_component id="oc-254">
         <name>.text</name>
         <load_address>0x3f6689</load_address>
         <run_address>0x3f6689</run_address>
         <size>0x13c</size>
         <input_file_ref idref="fl-5"/>
      </object_component>
      <object_component id="oc-27b">
         <name>.text</name>
         <load_address>0x3f67c5</load_address>
         <run_address>0x3f67c5</run_address>
         <size>0x11f</size>
         <input_file_ref idref="fl-55"/>
      </object_component>
      <object_component id="oc-13c">
         <name>.text</name>
         <load_address>0x3f68e4</load_address>
         <run_address>0x3f68e4</run_address>
         <size>0x107</size>
         <input_file_ref idref="fl-35"/>
      </object_component>
      <object_component id="oc-253">
         <name>.text</name>
         <load_address>0x3f69eb</load_address>
         <run_address>0x3f69eb</run_address>
         <size>0xe7</size>
         <input_file_ref idref="fl-3"/>
      </object_component>
      <object_component id="oc-26d">
         <name>.text</name>
         <load_address>0x3f6ad2</load_address>
         <run_address>0x3f6ad2</run_address>
         <size>0xac</size>
         <input_file_ref idref="fl-51"/>
      </object_component>
      <object_component id="oc-260">
         <name>.text</name>
         <load_address>0x3f6b7e</load_address>
         <run_address>0x3f6b7e</run_address>
         <size>0xa3</size>
         <input_file_ref idref="fl-27"/>
      </object_component>
      <object_component id="oc-1e8">
         <name>.text</name>
         <load_address>0x3f6c21</load_address>
         <run_address>0x3f6c21</run_address>
         <size>0x9c</size>
         <input_file_ref idref="fl-57"/>
      </object_component>
      <object_component id="oc-28c">
         <name>.text</name>
         <load_address>0x3f6cbd</load_address>
         <run_address>0x3f6cbd</run_address>
         <size>0x94</size>
         <input_file_ref idref="fl-60"/>
      </object_component>
      <object_component id="oc-150">
         <name>.text</name>
         <load_address>0x3f6d51</load_address>
         <run_address>0x3f6d51</run_address>
         <size>0x8b</size>
         <input_file_ref idref="fl-39"/>
      </object_component>
      <object_component id="oc-10f">
         <name>.text</name>
         <load_address>0x3f6ddc</load_address>
         <run_address>0x3f6ddc</run_address>
         <size>0x83</size>
         <input_file_ref idref="fl-2c"/>
      </object_component>
      <object_component id="oc-274">
         <name>.text</name>
         <load_address>0x3f6e5f</load_address>
         <run_address>0x3f6e5f</run_address>
         <size>0x79</size>
         <input_file_ref idref="fl-29"/>
      </object_component>
      <object_component id="oc-27e">
         <name>.text</name>
         <load_address>0x3f6ed8</load_address>
         <run_address>0x3f6ed8</run_address>
         <size>0x6f</size>
         <input_file_ref idref="fl-61"/>
      </object_component>
      <object_component id="oc-266">
         <name>.text</name>
         <load_address>0x3f6f47</load_address>
         <run_address>0x3f6f47</run_address>
         <size>0x6b</size>
         <input_file_ref idref="fl-54"/>
      </object_component>
      <object_component id="oc-265">
         <name>.text</name>
         <load_address>0x3f6fb2</load_address>
         <run_address>0x3f6fb2</run_address>
         <size>0x67</size>
         <input_file_ref idref="fl-28"/>
      </object_component>
      <object_component id="oc-284">
         <name>.text</name>
         <load_address>0x3f7019</load_address>
         <run_address>0x3f7019</run_address>
         <size>0x5d</size>
         <input_file_ref idref="fl-5a"/>
      </object_component>
      <object_component id="oc-26c">
         <name>.text</name>
         <load_address>0x3f7076</load_address>
         <run_address>0x3f7076</run_address>
         <size>0x5c</size>
         <input_file_ref idref="fl-50"/>
      </object_component>
      <object_component id="oc-27f">
         <name>.text</name>
         <load_address>0x3f70d2</load_address>
         <run_address>0x3f70d2</run_address>
         <size>0x5b</size>
         <input_file_ref idref="fl-64"/>
      </object_component>
      <object_component id="oc-128">
         <name>.text</name>
         <load_address>0x3f712d</load_address>
         <run_address>0x3f712d</run_address>
         <size>0x5a</size>
         <input_file_ref idref="fl-31"/>
      </object_component>
      <object_component id="oc-45">
         <name>.text</name>
         <load_address>0x3f7187</load_address>
         <run_address>0x3f7187</run_address>
         <size>0x54</size>
         <input_file_ref idref="fl-2a"/>
      </object_component>
      <object_component id="oc-287">
         <name>.text</name>
         <load_address>0x3f71db</load_address>
         <run_address>0x3f71db</run_address>
         <size>0x50</size>
         <input_file_ref idref="fl-65"/>
      </object_component>
      <object_component id="oc-25f">
         <name>.text</name>
         <load_address>0x3f722b</load_address>
         <run_address>0x3f722b</run_address>
         <size>0x4f</size>
         <input_file_ref idref="fl-26"/>
      </object_component>
      <object_component id="oc-286">
         <name>.text</name>
         <load_address>0x3f727a</load_address>
         <run_address>0x3f727a</run_address>
         <size>0x3f</size>
         <input_file_ref idref="fl-5d"/>
      </object_component>
      <object_component id="oc-273">
         <name>.text</name>
         <load_address>0x3f72b9</load_address>
         <run_address>0x3f72b9</run_address>
         <size>0x3d</size>
         <input_file_ref idref="fl-56"/>
      </object_component>
      <object_component id="oc-280">
         <name>.text</name>
         <load_address>0x3f72f6</load_address>
         <run_address>0x3f72f6</run_address>
         <size>0x39</size>
         <input_file_ref idref="fl-5b"/>
      </object_component>
      <object_component id="oc-282">
         <name>.text</name>
         <load_address>0x3f732f</load_address>
         <run_address>0x3f732f</run_address>
         <size>0x38</size>
         <input_file_ref idref="fl-5c"/>
      </object_component>
      <object_component id="oc-283">
         <name>.text</name>
         <load_address>0x3f7367</load_address>
         <run_address>0x3f7367</run_address>
         <size>0x38</size>
         <input_file_ref idref="fl-5f"/>
      </object_component>
      <object_component id="oc-25c">
         <name>.text</name>
         <load_address>0x3f739f</load_address>
         <run_address>0x3f739f</run_address>
         <size>0x34</size>
         <input_file_ref idref="fl-24"/>
      </object_component>
      <object_component id="oc-288">
         <name>.text</name>
         <load_address>0x3f73d3</load_address>
         <run_address>0x3f73d3</run_address>
         <size>0x33</size>
         <input_file_ref idref="fl-68"/>
      </object_component>
      <object_component id="oc-26a">
         <name>.text</name>
         <load_address>0x3f7406</load_address>
         <run_address>0x3f7406</run_address>
         <size>0x31</size>
         <input_file_ref idref="fl-42"/>
      </object_component>
      <object_component id="oc-26b">
         <name>.text</name>
         <load_address>0x3f7437</load_address>
         <run_address>0x3f7437</run_address>
         <size>0x2e</size>
         <input_file_ref idref="fl-40"/>
      </object_component>
      <object_component id="oc-10a">
         <name>.text</name>
         <load_address>0x3f7465</load_address>
         <run_address>0x3f7465</run_address>
         <size>0x2a</size>
         <input_file_ref idref="fl-2b"/>
      </object_component>
      <object_component id="oc-1ed">
         <name>.text</name>
         <load_address>0x3f748f</load_address>
         <run_address>0x3f748f</run_address>
         <size>0x2a</size>
         <input_file_ref idref="fl-58"/>
      </object_component>
      <object_component id="oc-24d">
         <name>.text</name>
         <load_address>0x3f74b9</load_address>
         <run_address>0x3f74b9</run_address>
         <size>0x29</size>
         <input_file_ref idref="fl-3e"/>
      </object_component>
      <object_component id="oc-12d">
         <name>.text</name>
         <load_address>0x3f74e2</load_address>
         <run_address>0x3f74e2</run_address>
         <size>0x29</size>
         <input_file_ref idref="fl-32"/>
      </object_component>
      <object_component id="oc-281">
         <name>.text</name>
         <load_address>0x3f750b</load_address>
         <run_address>0x3f750b</run_address>
         <size>0x27</size>
         <input_file_ref idref="fl-59"/>
      </object_component>
      <object_component id="oc-285">
         <name>.text</name>
         <load_address>0x3f7532</load_address>
         <run_address>0x3f7532</run_address>
         <size>0x25</size>
         <input_file_ref idref="fl-5e"/>
      </object_component>
      <object_component id="oc-24a">
         <name>.text</name>
         <load_address>0x3f7557</load_address>
         <run_address>0x3f7557</run_address>
         <size>0x24</size>
         <input_file_ref idref="fl-3a"/>
      </object_component>
      <object_component id="oc-278">
         <name>.text</name>
         <load_address>0x3f757b</load_address>
         <run_address>0x3f757b</run_address>
         <size>0x23</size>
         <input_file_ref idref="fl-53"/>
      </object_component>
      <object_component id="oc-11e">
         <name>.text</name>
         <load_address>0x3f759e</load_address>
         <run_address>0x3f759e</run_address>
         <size>0x21</size>
         <input_file_ref idref="fl-2f"/>
      </object_component>
      <object_component id="oc-8f">
         <name>.text:retain</name>
         <load_address>0x3f75bf</load_address>
         <run_address>0x3f75bf</run_address>
         <size>0x1f</size>
         <input_file_ref idref="fl-6"/>
      </object_component>
      <object_component id="oc-123">
         <name>.text</name>
         <load_address>0x3f75de</load_address>
         <run_address>0x3f75de</run_address>
         <size>0x1f</size>
         <input_file_ref idref="fl-30"/>
      </object_component>
      <object_component id="oc-137">
         <name>.text</name>
         <load_address>0x3f75fd</load_address>
         <run_address>0x3f75fd</run_address>
         <size>0x1e</size>
         <input_file_ref idref="fl-34"/>
      </object_component>
      <object_component id="oc-141">
         <name>.text</name>
         <load_address>0x3f761b</load_address>
         <run_address>0x3f761b</run_address>
         <size>0x1d</size>
         <input_file_ref idref="fl-36"/>
      </object_component>
      <object_component id="oc-24f">
         <name>.text</name>
         <load_address>0x3f7638</load_address>
         <run_address>0x3f7638</run_address>
         <size>0x1d</size>
         <input_file_ref idref="fl-3b"/>
      </object_component>
      <object_component id="oc-14b">
         <name>.text</name>
         <load_address>0x3f7655</load_address>
         <run_address>0x3f7655</run_address>
         <size>0x1c</size>
         <input_file_ref idref="fl-38"/>
      </object_component>
      <object_component id="oc-146">
         <name>.text</name>
         <load_address>0x3f7671</load_address>
         <run_address>0x3f7671</run_address>
         <size>0x1c</size>
         <input_file_ref idref="fl-37"/>
      </object_component>
      <object_component id="oc-28e">
         <name>.text</name>
         <load_address>0x3f768d</load_address>
         <run_address>0x3f768d</run_address>
         <size>0x19</size>
         <input_file_ref idref="fl-69"/>
      </object_component>
      <object_component id="oc-132">
         <name>.text</name>
         <load_address>0x3f76a6</load_address>
         <run_address>0x3f76a6</run_address>
         <size>0x18</size>
         <input_file_ref idref="fl-33"/>
      </object_component>
      <object_component id="oc-279">
         <name>.text</name>
         <load_address>0x3f76be</load_address>
         <run_address>0x3f76be</run_address>
         <size>0x18</size>
         <input_file_ref idref="fl-62"/>
      </object_component>
      <object_component id="oc-267">
         <name>.text</name>
         <load_address>0x3f76d6</load_address>
         <run_address>0x3f76d6</run_address>
         <size>0x18</size>
         <input_file_ref idref="fl-4e"/>
      </object_component>
      <object_component id="oc-252">
         <name>.text</name>
         <load_address>0x3f76ee</load_address>
         <run_address>0x3f76ee</run_address>
         <size>0x16</size>
         <input_file_ref idref="fl-4c"/>
      </object_component>
      <object_component id="oc-25b">
         <name>.text</name>
         <load_address>0x3f7704</load_address>
         <run_address>0x3f7704</run_address>
         <size>0x15</size>
         <input_file_ref idref="fl-4d"/>
      </object_component>
      <object_component id="oc-257">
         <name>.text</name>
         <load_address>0x3f7719</load_address>
         <run_address>0x3f7719</run_address>
         <size>0x13</size>
         <input_file_ref idref="fl-d"/>
      </object_component>
      <object_component id="oc-24c">
         <name>.text</name>
         <load_address>0x3f772c</load_address>
         <run_address>0x3f772c</run_address>
         <size>0x11</size>
         <input_file_ref idref="fl-41"/>
      </object_component>
      <object_component id="oc-271">
         <name>.text</name>
         <load_address>0x3f773d</load_address>
         <run_address>0x3f773d</run_address>
         <size>0x10</size>
         <input_file_ref idref="fl-45"/>
      </object_component>
      <object_component id="oc-119">
         <name>.text</name>
         <load_address>0x3f774d</load_address>
         <run_address>0x3f774d</run_address>
         <size>0xe</size>
         <input_file_ref idref="fl-2e"/>
      </object_component>
      <object_component id="oc-269">
         <name>.text</name>
         <load_address>0x3f775b</load_address>
         <run_address>0x3f775b</run_address>
         <size>0xd</size>
         <input_file_ref idref="fl-46"/>
      </object_component>
      <object_component id="oc-26e">
         <name>.text</name>
         <load_address>0x3f7768</load_address>
         <run_address>0x3f7768</run_address>
         <size>0xb</size>
         <input_file_ref idref="fl-49"/>
      </object_component>
      <object_component id="oc-28d">
         <name>.text</name>
         <load_address>0x3f7773</load_address>
         <run_address>0x3f7773</run_address>
         <size>0xa</size>
         <input_file_ref idref="fl-66"/>
      </object_component>
      <object_component id="oc-25d">
         <name>.text</name>
         <load_address>0x3f777d</load_address>
         <run_address>0x3f777d</run_address>
         <size>0x9</size>
         <input_file_ref idref="fl-3f"/>
      </object_component>
      <object_component id="oc-114">
         <name>.text</name>
         <load_address>0x3f7786</load_address>
         <run_address>0x3f7786</run_address>
         <size>0x9</size>
         <input_file_ref idref="fl-2d"/>
      </object_component>
      <object_component id="oc-97">
         <name>.text</name>
         <load_address>0x3f778f</load_address>
         <run_address>0x3f778f</run_address>
         <size>0x8</size>
         <input_file_ref idref="fl-8"/>
      </object_component>
      <object_component id="oc-268">
         <name>.text</name>
         <load_address>0x3f7797</load_address>
         <run_address>0x3f7797</run_address>
         <size>0x8</size>
         <input_file_ref idref="fl-4b"/>
      </object_component>
      <object_component id="oc-272">
         <name>.text</name>
         <load_address>0x3f779f</load_address>
         <run_address>0x3f779f</run_address>
         <size>0x8</size>
         <input_file_ref idref="fl-52"/>
      </object_component>
      <object_component id="oc-ae">
         <name>.text</name>
         <load_address>0x3f77a7</load_address>
         <run_address>0x3f77a7</run_address>
         <size>0x7</size>
         <input_file_ref idref="fl-c"/>
      </object_component>
      <object_component id="oc-26f">
         <name>.text</name>
         <load_address>0x3f77ae</load_address>
         <run_address>0x3f77ae</run_address>
         <size>0x7</size>
         <input_file_ref idref="fl-48"/>
      </object_component>
      <object_component id="oc-270">
         <name>.text</name>
         <load_address>0x3f77b5</load_address>
         <run_address>0x3f77b5</run_address>
         <size>0x5</size>
         <input_file_ref idref="fl-4a"/>
      </object_component>
      <object_component id="oc-a3">
         <name>.text</name>
         <load_address>0x3f77ba</load_address>
         <run_address>0x3f77ba</run_address>
         <size>0x3</size>
         <input_file_ref idref="fl-a"/>
      </object_component>
      <object_component id="oc-28a">
         <name>.text</name>
         <load_address>0x3f77bd</load_address>
         <run_address>0x3f77bd</run_address>
         <size>0x3</size>
         <input_file_ref idref="fl-67"/>
      </object_component>
      <object_component id="oc-249">
         <name>.text</name>
         <load_address>0x3f77c0</load_address>
         <run_address>0x3f77c0</run_address>
         <size>0x2</size>
         <input_file_ref idref="fl-3c"/>
      </object_component>
      <object_component id="oc-24b">
         <name>.text</name>
         <load_address>0x3f77c2</load_address>
         <run_address>0x3f77c2</run_address>
         <size>0x1</size>
         <input_file_ref idref="fl-3d"/>
      </object_component>
      <object_component id="oc-98">
         <name>codestart</name>
         <load_address>0x3f7ff6</load_address>
         <run_address>0x3f7ff6</run_address>
         <size>0x2</size>
         <input_file_ref idref="fl-8"/>
      </object_component>
      <object_component id="oc-259">
         <name>ramfuncs</name>
         <load_address>0x3f7b20</load_address>
         <run_address>0x8000</run_address>
         <size>0xf5</size>
         <input_file_ref idref="fl-5"/>
      </object_component>
      <object_component id="oc-258">
         <name>ramfuncs</name>
         <load_address>0x3f7c15</load_address>
         <run_address>0x80f5</run_address>
         <size>0x1d</size>
         <input_file_ref idref="fl-12"/>
      </object_component>
      <object_component id="oc-d1">
         <name>ramfuncs</name>
         <load_address>0x3f7c32</load_address>
         <run_address>0x8112</run_address>
         <size>0x4</size>
         <input_file_ref idref="fl-13"/>
      </object_component>
      <object_component id="oc-95">
         <name>csmpasswds</name>
         <load_address>0x3f7ff8</load_address>
         <run_address>0x3f7ff8</run_address>
         <size>0x8</size>
         <input_file_ref idref="fl-7"/>
      </object_component>
      <object_component id="oc-96">
         <name>csm_rsvd</name>
         <load_address>0x3f7f80</load_address>
         <run_address>0x3f7f80</run_address>
         <size>0x76</size>
         <input_file_ref idref="fl-7"/>
      </object_component>
      <object_component id="oc-81">
         <name>.stack</name>
         <uninitialized>true</uninitialized>
         <run_address>0x50</run_address>
         <size>0x0</size>
         <input_file_ref idref="fl-4"/>
      </object_component>
      <object_component id="oc-104">
         <name>.stack</name>
         <uninitialized>true</uninitialized>
         <run_address>0x50</run_address>
         <size>0x0</size>
         <input_file_ref idref="fl-2a"/>
      </object_component>
      <object_component id="oc-2df">
         <name>.stack</name>
         <uninitialized>true</uninitialized>
         <run_address>0x50</run_address>
         <size>0x0</size>
      </object_component>
      <object_component id="oc-87">
         <name>.ebss</name>
         <uninitialized>true</uninitialized>
         <run_address>0x8db8</run_address>
         <size>0x8</size>
         <input_file_ref idref="fl-5"/>
      </object_component>
      <object_component id="oc-8e">
         <name>.ebss</name>
         <uninitialized>true</uninitialized>
         <run_address>0x8c00</run_address>
         <size>0x18f</size>
         <input_file_ref idref="fl-6"/>
      </object_component>
      <object_component id="oc-25a">
         <name>.ebss:_connect_at</name>
         <uninitialized>true</uninitialized>
         <run_address>0x8f48</run_address>
         <size>0x35</size>
         <input_file_ref idref="fl-6"/>
      </object_component>
      <object_component id="oc-9e">
         <name>.ebss</name>
         <uninitialized>true</uninitialized>
         <run_address>0x8e60</run_address>
         <size>0x18</size>
         <input_file_ref idref="fl-9"/>
      </object_component>
      <object_component id="oc-16b">
         <name>.ebss</name>
         <uninitialized>true</uninitialized>
         <run_address>0x8ef8</run_address>
         <size>0x6</size>
         <input_file_ref idref="fl-3e"/>
      </object_component>
      <object_component id="oc-250">
         <name>.ebss:__lock</name>
         <uninitialized>true</uninitialized>
         <run_address>0x8efe</run_address>
         <size>0x2</size>
         <input_file_ref idref="fl-3f"/>
      </object_component>
      <object_component id="oc-263">
         <name>.ebss:__unlock</name>
         <uninitialized>true</uninitialized>
         <run_address>0x8f7e</run_address>
         <size>0x2</size>
         <input_file_ref idref="fl-3f"/>
      </object_component>
      <object_component id="oc-188">
         <name>.ebss</name>
         <uninitialized>true</uninitialized>
         <run_address>0x8d8f</run_address>
         <size>0x1</size>
         <input_file_ref idref="fl-44"/>
      </object_component>
      <object_component id="oc-261">
         <name>.ebss:__ftable</name>
         <uninitialized>true</uninitialized>
         <run_address>0x8e80</run_address>
         <size>0x78</size>
         <input_file_ref idref="fl-44"/>
      </object_component>
      <object_component id="oc-289">
         <name>.ebss:___TI_tmpnams</name>
         <uninitialized>true</uninitialized>
         <run_address>0x8dc0</run_address>
         <size>0xa0</size>
         <input_file_ref idref="fl-44"/>
      </object_component>
      <object_component id="oc-196">
         <name>.ebss</name>
         <uninitialized>true</uninitialized>
         <run_address>0x8f80</run_address>
         <size>0x4</size>
         <input_file_ref idref="fl-47"/>
      </object_component>
      <object_component id="oc-275">
         <name>.ebss:__stream</name>
         <uninitialized>true</uninitialized>
         <run_address>0x8d90</run_address>
         <size>0x28</size>
         <input_file_ref idref="fl-4f"/>
      </object_component>
      <object_component id="oc-27c">
         <name>.ebss:__device</name>
         <uninitialized>true</uninitialized>
         <run_address>0x8f00</run_address>
         <size>0x48</size>
         <input_file_ref idref="fl-4f"/>
      </object_component>
      <object_component id="oc-1de">
         <name>.ebss</name>
         <uninitialized>true</uninitialized>
         <run_address>0x8f84</run_address>
         <size>0x1</size>
         <input_file_ref idref="fl-55"/>
      </object_component>
      <object_component id="oc-28b">
         <name>.ebss:_parmbuf</name>
         <uninitialized>true</uninitialized>
         <run_address>0x8e78</run_address>
         <size>0x8</size>
         <input_file_ref idref="fl-5b"/>
      </object_component>
      <object_component id="oc-21d">
         <name>.ebss</name>
         <uninitialized>true</uninitialized>
         <run_address>0x8f85</run_address>
         <size>0x1</size>
         <input_file_ref idref="fl-61"/>
      </object_component>
      <object_component id="oc-229">
         <name>.ebss</name>
         <uninitialized>true</uninitialized>
         <run_address>0x8f7d</run_address>
         <size>0x1</size>
         <input_file_ref idref="fl-63"/>
      </object_component>
      <object_component id="oc-197">
         <name>.esysmem</name>
         <uninitialized>true</uninitialized>
         <run_address>0x9000</run_address>
         <size>0x4</size>
         <input_file_ref idref="fl-47"/>
      </object_component>
      <object_component id="oc-2e0">
         <name>.esysmem</name>
         <uninitialized>true</uninitialized>
         <run_address>0x9000</run_address>
         <size>0x0</size>
      </object_component>
      <object_component id="oc-90">
         <name>.econst:.string</name>
         <load_address>0x3f77c4</load_address>
         <run_address>0x3f77c4</run_address>
         <size>0x1eb</size>
         <input_file_ref idref="fl-6"/>
      </object_component>
      <object_component id="oc-277">
         <name>.econst:.string:__ctypes_</name>
         <load_address>0x3f79af</load_address>
         <run_address>0x3f79af</run_address>
         <size>0x101</size>
         <input_file_ref idref="fl-43"/>
      </object_component>
      <object_component id="oc-ea">
         <name>.econst:.string</name>
         <load_address>0x3f7ab0</load_address>
         <run_address>0x3f7ab0</run_address>
         <size>0x26</size>
         <input_file_ref idref="fl-25"/>
      </object_component>
      <object_component id="oc-e9">
         <name>.econst</name>
         <load_address>0x3f7ad6</load_address>
         <run_address>0x3f7ad6</run_address>
         <size>0x1c</size>
         <input_file_ref idref="fl-25"/>
      </object_component>
      <object_component id="oc-1c8">
         <name>.econst</name>
         <load_address>0x3f7af2</load_address>
         <run_address>0x3f7af2</run_address>
         <size>0x1c</size>
         <input_file_ref idref="fl-51"/>
      </object_component>
      <object_component id="oc-255">
         <name>.econst:_$P$T0$2</name>
         <load_address>0x3f7b0e</load_address>
         <run_address>0x3f7b0e</run_address>
         <size>0x8</size>
         <input_file_ref idref="fl-6"/>
      </object_component>
      <object_component id="oc-1c2">
         <name>.econst</name>
         <load_address>0x3f7b16</load_address>
         <run_address>0x3f7b16</run_address>
         <size>0x8</size>
         <input_file_ref idref="fl-50"/>
      </object_component>
      <object_component id="oc-f5">
         <name>.econst:.string</name>
         <load_address>0x3f7b1e</load_address>
         <run_address>0x3f7b1e</run_address>
         <size>0x2</size>
         <input_file_ref idref="fl-27"/>
      </object_component>
      <object_component id="oc-105">
         <name>.reset</name>
         <load_address>0x3fffc0</load_address>
         <run_address>0x3fffc0</run_address>
         <size>0x2</size>
         <input_file_ref idref="fl-2a"/>
      </object_component>
      <object_component id="oc-49">
         <name>.debug_info</name>
         <load_address>0x0</load_address>
         <run_address>0x0</run_address>
         <size>0x1405e</size>
         <input_file_ref idref="fl-2"/>
      </object_component>
      <object_component id="oc-7b">
         <name>.debug_info</name>
         <load_address>0x1405e</load_address>
         <run_address>0x1405e</run_address>
         <size>0x11ab</size>
         <input_file_ref idref="fl-3"/>
      </object_component>
      <object_component id="oc-83">
         <name>.debug_info</name>
         <load_address>0x15209</load_address>
         <run_address>0x15209</run_address>
         <size>0x185</size>
         <input_file_ref idref="fl-4"/>
      </object_component>
      <object_component id="oc-86">
         <name>.debug_info</name>
         <load_address>0x1538e</load_address>
         <run_address>0x1538e</run_address>
         <size>0x1977</size>
         <input_file_ref idref="fl-5"/>
      </object_component>
      <object_component id="oc-8c">
         <name>.debug_info</name>
         <load_address>0x16d05</load_address>
         <run_address>0x16d05</run_address>
         <size>0x4dc1</size>
         <input_file_ref idref="fl-6"/>
      </object_component>
      <object_component id="oc-9a">
         <name>.debug_info</name>
         <load_address>0x1bac6</load_address>
         <run_address>0x1bac6</run_address>
         <size>0x1fd</size>
         <input_file_ref idref="fl-8"/>
      </object_component>
      <object_component id="oc-9d">
         <name>.debug_info</name>
         <load_address>0x1bcc3</load_address>
         <run_address>0x1bcc3</run_address>
         <size>0x860</size>
         <input_file_ref idref="fl-9"/>
      </object_component>
      <object_component id="oc-a5">
         <name>.debug_info</name>
         <load_address>0x1c523</load_address>
         <run_address>0x1c523</run_address>
         <size>0x1ae</size>
         <input_file_ref idref="fl-a"/>
      </object_component>
      <object_component id="oc-a8">
         <name>.debug_info</name>
         <load_address>0x1c6d1</load_address>
         <run_address>0x1c6d1</run_address>
         <size>0x2bc1</size>
         <input_file_ref idref="fl-b"/>
      </object_component>
      <object_component id="oc-b0">
         <name>.debug_info</name>
         <load_address>0x1f292</load_address>
         <run_address>0x1f292</run_address>
         <size>0x1b4</size>
         <input_file_ref idref="fl-c"/>
      </object_component>
      <object_component id="oc-b3">
         <name>.debug_info</name>
         <load_address>0x1f446</load_address>
         <run_address>0x1f446</run_address>
         <size>0x15d1</size>
         <input_file_ref idref="fl-d"/>
      </object_component>
      <object_component id="oc-b8">
         <name>.debug_info</name>
         <load_address>0x20a17</load_address>
         <run_address>0x20a17</run_address>
         <size>0x1376</size>
         <input_file_ref idref="fl-e"/>
      </object_component>
      <object_component id="oc-bd">
         <name>.debug_info</name>
         <load_address>0x21d8d</load_address>
         <run_address>0x21d8d</run_address>
         <size>0xa8c</size>
         <input_file_ref idref="fl-f"/>
      </object_component>
      <object_component id="oc-c2">
         <name>.debug_info</name>
         <load_address>0x22819</load_address>
         <run_address>0x22819</run_address>
         <size>0x21e5</size>
         <input_file_ref idref="fl-10"/>
      </object_component>
      <object_component id="oc-c7">
         <name>.debug_info</name>
         <load_address>0x249fe</load_address>
         <run_address>0x249fe</run_address>
         <size>0x1553</size>
         <input_file_ref idref="fl-11"/>
      </object_component>
      <object_component id="oc-cc">
         <name>.debug_info</name>
         <load_address>0x25f51</load_address>
         <run_address>0x25f51</run_address>
         <size>0x22ac</size>
         <input_file_ref idref="fl-12"/>
      </object_component>
      <object_component id="oc-d3">
         <name>.debug_info</name>
         <load_address>0x281fd</load_address>
         <run_address>0x281fd</run_address>
         <size>0x1b1</size>
         <input_file_ref idref="fl-13"/>
      </object_component>
      <object_component id="oc-d6">
         <name>.debug_info</name>
         <load_address>0x283ae</load_address>
         <run_address>0x283ae</run_address>
         <size>0x22e</size>
         <input_file_ref idref="fl-14"/>
      </object_component>
      <object_component id="oc-d8">
         <name>.debug_info</name>
         <load_address>0x285dc</load_address>
         <run_address>0x285dc</run_address>
         <size>0x22b</size>
         <input_file_ref idref="fl-15"/>
      </object_component>
      <object_component id="oc-db">
         <name>.debug_info</name>
         <load_address>0x28807</load_address>
         <run_address>0x28807</run_address>
         <size>0xab</size>
         <input_file_ref idref="fl-21"/>
      </object_component>
      <object_component id="oc-de">
         <name>.debug_info</name>
         <load_address>0x288b2</load_address>
         <run_address>0x288b2</run_address>
         <size>0xad</size>
         <input_file_ref idref="fl-22"/>
      </object_component>
      <object_component id="oc-e1">
         <name>.debug_info</name>
         <load_address>0x2895f</load_address>
         <run_address>0x2895f</run_address>
         <size>0xac</size>
         <input_file_ref idref="fl-23"/>
      </object_component>
      <object_component id="oc-e3">
         <name>.debug_info</name>
         <load_address>0x28a0b</load_address>
         <run_address>0x28a0b</run_address>
         <size>0x6ad</size>
         <input_file_ref idref="fl-24"/>
      </object_component>
      <object_component id="oc-e8">
         <name>.debug_info</name>
         <load_address>0x290b8</load_address>
         <run_address>0x290b8</run_address>
         <size>0x2652</size>
         <input_file_ref idref="fl-25"/>
      </object_component>
      <object_component id="oc-ef">
         <name>.debug_info</name>
         <load_address>0x2b70a</load_address>
         <run_address>0x2b70a</run_address>
         <size>0x5da</size>
         <input_file_ref idref="fl-26"/>
      </object_component>
      <object_component id="oc-f4">
         <name>.debug_info</name>
         <load_address>0x2bce4</load_address>
         <run_address>0x2bce4</run_address>
         <size>0x790</size>
         <input_file_ref idref="fl-27"/>
      </object_component>
      <object_component id="oc-fa">
         <name>.debug_info</name>
         <load_address>0x2c474</load_address>
         <run_address>0x2c474</run_address>
         <size>0x559</size>
         <input_file_ref idref="fl-28"/>
      </object_component>
      <object_component id="oc-ff">
         <name>.debug_info</name>
         <load_address>0x2c9cd</load_address>
         <run_address>0x2c9cd</run_address>
         <size>0x5a2</size>
         <input_file_ref idref="fl-29"/>
      </object_component>
      <object_component id="oc-106">
         <name>.debug_info</name>
         <load_address>0x2cf6f</load_address>
         <run_address>0x2cf6f</run_address>
         <size>0x173</size>
         <input_file_ref idref="fl-2a"/>
      </object_component>
      <object_component id="oc-10b">
         <name>.debug_info</name>
         <load_address>0x2d0e2</load_address>
         <run_address>0x2d0e2</run_address>
         <size>0x120</size>
         <input_file_ref idref="fl-2b"/>
      </object_component>
      <object_component id="oc-110">
         <name>.debug_info</name>
         <load_address>0x2d202</load_address>
         <run_address>0x2d202</run_address>
         <size>0x114</size>
         <input_file_ref idref="fl-2c"/>
      </object_component>
      <object_component id="oc-115">
         <name>.debug_info</name>
         <load_address>0x2d316</load_address>
         <run_address>0x2d316</run_address>
         <size>0x114</size>
         <input_file_ref idref="fl-2d"/>
      </object_component>
      <object_component id="oc-11a">
         <name>.debug_info</name>
         <load_address>0x2d42a</load_address>
         <run_address>0x2d42a</run_address>
         <size>0x122</size>
         <input_file_ref idref="fl-2e"/>
      </object_component>
      <object_component id="oc-11f">
         <name>.debug_info</name>
         <load_address>0x2d54c</load_address>
         <run_address>0x2d54c</run_address>
         <size>0x114</size>
         <input_file_ref idref="fl-2f"/>
      </object_component>
      <object_component id="oc-124">
         <name>.debug_info</name>
         <load_address>0x2d660</load_address>
         <run_address>0x2d660</run_address>
         <size>0x114</size>
         <input_file_ref idref="fl-30"/>
      </object_component>
      <object_component id="oc-129">
         <name>.debug_info</name>
         <load_address>0x2d774</load_address>
         <run_address>0x2d774</run_address>
         <size>0x114</size>
         <input_file_ref idref="fl-31"/>
      </object_component>
      <object_component id="oc-12e">
         <name>.debug_info</name>
         <load_address>0x2d888</load_address>
         <run_address>0x2d888</run_address>
         <size>0x120</size>
         <input_file_ref idref="fl-32"/>
      </object_component>
      <object_component id="oc-133">
         <name>.debug_info</name>
         <load_address>0x2d9a8</load_address>
         <run_address>0x2d9a8</run_address>
         <size>0x176</size>
         <input_file_ref idref="fl-33"/>
      </object_component>
      <object_component id="oc-138">
         <name>.debug_info</name>
         <load_address>0x2db1e</load_address>
         <run_address>0x2db1e</run_address>
         <size>0x14e</size>
         <input_file_ref idref="fl-34"/>
      </object_component>
      <object_component id="oc-13d">
         <name>.debug_info</name>
         <load_address>0x2dc6c</load_address>
         <run_address>0x2dc6c</run_address>
         <size>0x231</size>
         <input_file_ref idref="fl-35"/>
      </object_component>
      <object_component id="oc-142">
         <name>.debug_info</name>
         <load_address>0x2de9d</load_address>
         <run_address>0x2de9d</run_address>
         <size>0x118</size>
         <input_file_ref idref="fl-36"/>
      </object_component>
      <object_component id="oc-147">
         <name>.debug_info</name>
         <load_address>0x2dfb5</load_address>
         <run_address>0x2dfb5</run_address>
         <size>0x118</size>
         <input_file_ref idref="fl-37"/>
      </object_component>
      <object_component id="oc-14c">
         <name>.debug_info</name>
         <load_address>0x2e0cd</load_address>
         <run_address>0x2e0cd</run_address>
         <size>0x117</size>
         <input_file_ref idref="fl-38"/>
      </object_component>
      <object_component id="oc-151">
         <name>.debug_info</name>
         <load_address>0x2e1e4</load_address>
         <run_address>0x2e1e4</run_address>
         <size>0x114</size>
         <input_file_ref idref="fl-39"/>
      </object_component>
      <object_component id="oc-155">
         <name>.debug_info</name>
         <load_address>0x2e2f8</load_address>
         <run_address>0x2e2f8</run_address>
         <size>0x4fa</size>
         <input_file_ref idref="fl-3a"/>
      </object_component>
      <object_component id="oc-15a">
         <name>.debug_info</name>
         <load_address>0x2e7f2</load_address>
         <run_address>0x2e7f2</run_address>
         <size>0x3d3</size>
         <input_file_ref idref="fl-3b"/>
      </object_component>
      <object_component id="oc-15f">
         <name>.debug_info</name>
         <load_address>0x2ebc5</load_address>
         <run_address>0x2ebc5</run_address>
         <size>0x346</size>
         <input_file_ref idref="fl-3c"/>
      </object_component>
      <object_component id="oc-164">
         <name>.debug_info</name>
         <load_address>0x2ef0b</load_address>
         <run_address>0x2ef0b</run_address>
         <size>0x343</size>
         <input_file_ref idref="fl-3d"/>
      </object_component>
      <object_component id="oc-169">
         <name>.debug_info</name>
         <load_address>0x2f24e</load_address>
         <run_address>0x2f24e</run_address>
         <size>0x4dd</size>
         <input_file_ref idref="fl-3e"/>
      </object_component>
      <object_component id="oc-170">
         <name>.debug_info</name>
         <load_address>0x2f72b</load_address>
         <run_address>0x2f72b</run_address>
         <size>0x465</size>
         <input_file_ref idref="fl-3f"/>
      </object_component>
      <object_component id="oc-175">
         <name>.debug_info</name>
         <load_address>0x2fb90</load_address>
         <run_address>0x2fb90</run_address>
         <size>0x405</size>
         <input_file_ref idref="fl-40"/>
      </object_component>
      <object_component id="oc-17a">
         <name>.debug_info</name>
         <load_address>0x2ff95</load_address>
         <run_address>0x2ff95</run_address>
         <size>0x3ee</size>
         <input_file_ref idref="fl-41"/>
      </object_component>
      <object_component id="oc-17f">
         <name>.debug_info</name>
         <load_address>0x30383</load_address>
         <run_address>0x30383</run_address>
         <size>0x3b8</size>
         <input_file_ref idref="fl-42"/>
      </object_component>
      <object_component id="oc-184">
         <name>.debug_info</name>
         <load_address>0x3073b</load_address>
         <run_address>0x3073b</run_address>
         <size>0x1e7</size>
         <input_file_ref idref="fl-43"/>
      </object_component>
      <object_component id="oc-186">
         <name>.debug_info</name>
         <load_address>0x30922</load_address>
         <run_address>0x30922</run_address>
         <size>0x2e2</size>
         <input_file_ref idref="fl-44"/>
      </object_component>
      <object_component id="oc-18a">
         <name>.debug_info</name>
         <load_address>0x30c04</load_address>
         <run_address>0x30c04</run_address>
         <size>0x3f7</size>
         <input_file_ref idref="fl-45"/>
      </object_component>
      <object_component id="oc-18f">
         <name>.debug_info</name>
[...]
         <object_component_ref idref="oc-256"/>
      </symbol>
      <symbol id="sm-3c7">
         <name>_DisableDog</name>
         <value>0x3f6583</value>
         <object_component_ref idref="oc-256"/>
      </symbol>
      <symbol id="sm-3c9">
         <name>_InitPeripheralClocks</name>
         <value>0x3f65fe</value>
         <object_component_ref idref="oc-256"/>
      </symbol>
      <symbol id="sm-3cb">
         <name>_IntOsc2Sel</name>
         <value>0x3f6559</value>
         <object_component_ref idref="oc-256"/>
      </symbol>
      <symbol id="sm-3cd">
         <name>_InitFlash</name>
         <value>0x80f5</value>
         <object_component_ref idref="oc-258"/>
      </symbol>
      <symbol id="sm-3cf">
         <name>_CsmUnlock</name>
         <value>0x3f665b</value>
         <object_component_ref idref="oc-256"/>
      </symbol>
      <symbol id="sm-3d1">
         <name>_ServiceDog</name>
         <value>0x3f654f</value>
         <object_component_ref idref="oc-256"/>
      </symbol>
      <symbol id="sm-3d3">
         <name>_XtalOscSel</name>
         <value>0x3f6533</value>
         <object_component_ref idref="oc-256"/>
      </symbol>
      <symbol id="sm-3d5">
         <name>_InitSysCtrl</name>
         <value>0x3f6643</value>
         <object_component_ref idref="oc-256"/>
      </symbol>
      <symbol id="sm-3e2">
         <name>_DSP28x_usDelay</name>
         <value>0x8112</value>
         <object_component_ref idref="oc-d1"/>
      </symbol>
      <symbol id="sm-3f0">
         <name>_Flash2803x_Erase</name>
         <value>0x3ff9b3</value>
      </symbol>
      <symbol id="sm-3f8">
         <name>_Flash2803x_Program</name>
         <value>0x3ff8d2</value>
      </symbol>
      <symbol id="sm-400">
         <name>_Flash2803x_Verify</name>
         <value>0x3ffdd5</value>
      </symbol>
      <symbol id="sm-410">
         <name>_printf</name>
         <value>0x3f73a5</value>
         <object_component_ref idref="oc-25c"/>
      </symbol>
      <symbol id="sm-572">
         <name>___TI_printfi</name>
         <value>0x3f5b12</value>
         <object_component_ref idref="oc-264"/>
      </symbol>
      <symbol id="sm-585">
         <name>_putchar</name>
         <value>0x3f7275</value>
         <object_component_ref idref="oc-25f"/>
      </symbol>
      <symbol id="sm-587">
         <name>_putc</name>
         <value>0x3f722b</value>
         <object_component_ref idref="oc-25f"/>
      </symbol>
      <symbol id="sm-588">
         <name>_fputc</name>
         <value>0x3f722b</value>
         <object_component_ref idref="oc-25f"/>
      </symbol>
      <symbol id="sm-5a5">
         <name>_puts</name>
         <value>0x3f6c0e</value>
         <object_component_ref idref="oc-260"/>
      </symbol>
      <symbol id="sm-5a7">
         <name>_fputs</name>
         <value>0x3f6b7e</value>
         <object_component_ref idref="oc-260"/>
      </symbol>
      <symbol id="sm-5bf">
         <name>___TI_rd_ok</name>
         <value>0x3f6fed</value>
         <object_component_ref idref="oc-265"/>
      </symbol>
      <symbol id="sm-5c1">
         <name>___TI_wrt_ok</name>
         <value>0x3f6fb2</value>
         <object_component_ref idref="oc-265"/>
      </symbol>
      <symbol id="sm-5d9">
         <name>_setvbuf</name>
         <value>0x3f6e5f</value>
         <object_component_ref idref="oc-274"/>
      </symbol>
      <symbol id="sm-5f5">
         <name>_c_int00</name>
         <value>0x3f7187</value>
         <object_component_ref idref="oc-45"/>
      </symbol>
      <symbol id="sm-5f6">
         <name>__stack</name>
         <value>0x50</value>
         <object_component_ref idref="oc-104"/>
      </symbol>
      <symbol id="sm-606">
         <name>FD$$CMP</name>
         <value>0x3f7465</value>
         <object_component_ref idref="oc-10a"/>
      </symbol>
      <symbol id="sm-618">
         <name>FD$$MPY</name>
         <value>0x3f6ddc</value>
         <object_component_ref idref="oc-10f"/>
      </symbol>
      <symbol id="sm-625">
         <name>FD$$NEG</name>
         <value>0x3f7786</value>
         <object_component_ref idref="oc-114"/>
      </symbol>
      <symbol id="sm-631">
         <name>FD$$SUB</name>
         <value>0x3f774d</value>
         <object_component_ref idref="oc-119"/>
      </symbol>
      <symbol id="sm-640">
         <name>FD$$TOI</name>
         <value>0x3f759e</value>
         <object_component_ref idref="oc-11e"/>
      </symbol>
      <symbol id="sm-64f">
         <name>FD$$TOL</name>
         <value>0x3f75de</value>
         <object_component_ref idref="oc-123"/>
      </symbol>
      <symbol id="sm-660">
         <name>FS$$MPY</name>
         <value>0x3f712d</value>
         <object_component_ref idref="oc-128"/>
      </symbol>
      <symbol id="sm-673">
         <name>FS$$TOL</name>
         <value>0x3f74e2</value>
         <object_component_ref idref="oc-12d"/>
      </symbol>
      <symbol id="sm-67f">
         <name>LL$$AND</name>
         <value>0x3f76a6</value>
         <object_component_ref idref="oc-132"/>
      </symbol>
      <symbol id="sm-680">
         <name>LL$$OR</name>
         <value>0x3f76ae</value>
         <object_component_ref idref="oc-132"/>
      </symbol>
      <symbol id="sm-681">
         <name>LL$$XOR</name>
         <value>0x3f76b6</value>
         <object_component_ref idref="oc-132"/>
      </symbol>
      <symbol id="sm-68f">
         <name>ULL$$CMP</name>
         <value>0x3f760f</value>
         <object_component_ref idref="oc-137"/>
      </symbol>
      <symbol id="sm-690">
         <name>LL$$CMP</name>
         <value>0x3f75fd</value>
         <object_component_ref idref="oc-137"/>
      </symbol>
      <symbol id="sm-6bc">
         <name>ULL$$MOD</name>
         <value>0x3f6989</value>
         <object_component_ref idref="oc-13c"/>
      </symbol>
      <symbol id="sm-6bd">
         <name>ULL$$DIV</name>
         <value>0x3f695a</value>
         <object_component_ref idref="oc-13c"/>
      </symbol>
      <symbol id="sm-6be">
         <name>LL$$MOD</name>
         <value>0x3f6920</value>
         <object_component_ref idref="oc-13c"/>
      </symbol>
      <symbol id="sm-6bf">
         <name>LL$$DIV</name>
         <value>0x3f68e4</value>
         <object_component_ref idref="oc-13c"/>
      </symbol>
      <symbol id="sm-6cf">
         <name>I$$TOFD</name>
         <value>0x3f761b</value>
         <object_component_ref idref="oc-141"/>
      </symbol>
      <symbol id="sm-6df">
         <name>L$$TOFD</name>
         <value>0x3f7671</value>
         <object_component_ref idref="oc-146"/>
      </symbol>
      <symbol id="sm-6ef">
         <name>FS$$TOFD</name>
         <value>0x3f7655</value>
         <object_component_ref idref="oc-14b"/>
      </symbol>
      <symbol id="sm-706">
         <name>FD$$DIV</name>
         <value>0x3f6d51</value>
         <object_component_ref idref="oc-150"/>
      </symbol>
      <symbol id="sm-715">
         <name>_copy_in</name>
         <value>0x3f7557</value>
         <object_component_ref idref="oc-24a"/>
      </symbol>
      <symbol id="sm-727">
         <name>_memcpy</name>
         <value>0x3f7638</value>
         <object_component_ref idref="oc-24f"/>
      </symbol>
      <symbol id="sm-734">
         <name>__system_pre_init</name>
         <value>0x3f77c0</value>
         <object_component_ref idref="oc-249"/>
      </symbol>
      <symbol id="sm-742">
         <name>__system_post_cinit</name>
         <value>0x3f77c2</value>
         <object_component_ref idref="oc-24b"/>
      </symbol>
      <symbol id="sm-757">
         <name>C$$EXIT</name>
         <value>0x3f74b9</value>
         <object_component_ref idref="oc-24d"/>
      </symbol>
      <symbol id="sm-758">
         <name>_exit</name>
         <value>0x3f74bb</value>
         <object_component_ref idref="oc-24d"/>
      </symbol>
      <symbol id="sm-75a">
         <name>___TI_cleanup_ptr</name>
         <value>0x8efa</value>
         <object_component_ref idref="oc-16b"/>
      </symbol>
      <symbol id="sm-75b">
         <name>___TI_enable_exit_profile_output</name>
         <value>0x8ef8</value>
         <object_component_ref idref="oc-16b"/>
      </symbol>
      <symbol id="sm-75c">
         <name>_abort</name>
         <value>0x3f74b9</value>
         <object_component_ref idref="oc-24d"/>
      </symbol>
      <symbol id="sm-75e">
         <name>___TI_dtors_ptr</name>
         <value>0x8efc</value>
         <object_component_ref idref="oc-16b"/>
      </symbol>
      <symbol id="sm-772">
         <name>__unlock</name>
         <value>0x8f7e</value>
         <object_component_ref idref="oc-263"/>
      </symbol>
      <symbol id="sm-773">
         <name>__lock</name>
         <value>0x8efe</value>
         <object_component_ref idref="oc-250"/>
      </symbol>
      <symbol id="sm-774">
         <name>__register_lock</name>
         <value>0x3f7781</value>
         <object_component_ref idref="oc-25d"/>
      </symbol>
      <symbol id="sm-776">
         <name>__nop</name>
         <value>0x3f7785</value>
         <object_component_ref idref="oc-25d"/>
      </symbol>
      <symbol id="sm-778">
         <name>__register_unlock</name>
         <value>0x3f777d</value>
         <object_component_ref idref="oc-25d"/>
      </symbol>
      <symbol id="sm-787">
         <name>___TI_ltoa</name>
         <value>0x3f7437</value>
         <object_component_ref idref="oc-26b"/>
      </symbol>
      <symbol id="sm-797">
         <name>__args_main</name>
         <value>0x3f772c</value>
         <object_component_ref idref="oc-24c"/>
      </symbol>
      <symbol id="sm-7ac">
         <name>_atoi</name>
         <value>0x3f7406</value>
         <object_component_ref idref="oc-26a"/>
      </symbol>
      <symbol id="sm-7b5">
         <name>__ctypes_</name>
         <value>0x3f79af</value>
         <object_component_ref idref="oc-277"/>
      </symbol>
      <symbol id="sm-7c6">
         <name>___TI_ft_end</name>
         <value>0x8d8f</value>
         <object_component_ref idref="oc-188"/>
      </symbol>
      <symbol id="sm-7c7">
         <name>___TI_tmpnams</name>
         <value>0x8dc0</value>
         <object_component_ref idref="oc-289"/>
      </symbol>
      <symbol id="sm-7c8">
         <name>__ftable</name>
         <value>0x8e80</value>
         <object_component_ref idref="oc-261"/>
      </symbol>
      <symbol id="sm-7d7">
         <name>_memccpy</name>
         <value>0x3f773d</value>
         <object_component_ref idref="oc-271"/>
      </symbol>
      <symbol id="sm-7e7">
         <name>_memchr</name>
         <value>0x3f775b</value>
         <object_component_ref idref="oc-269"/>
      </symbol>
      <symbol id="sm-846">
         <name>__sys_memory</name>
         <value>0x9000</value>
         <object_component_ref idref="oc-197"/>
      </symbol>
      <symbol id="sm-847">
         <name>___TI_heap_total_available</name>
         <value>0x3f637b</value>
         <object_component_ref idref="oc-27a"/>
      </symbol>
      <symbol id="sm-849">
         <name>_realloc</name>
         <value>0x3f6221</value>
         <object_component_ref idref="oc-27a"/>
      </symbol>
      <symbol id="sm-84b">
         <name>___TI_heap_check</name>
         <value>0x3f63b5</value>
         <object_component_ref idref="oc-27a"/>
      </symbol>
      <symbol id="sm-84d">
         <name>_free</name>
         <value>0x3f6159</value>
         <object_component_ref idref="oc-27a"/>
      </symbol>
      <symbol id="sm-84f">
         <name>_memalign</name>
         <value>0x3f62d5</value>
         <object_component_ref idref="oc-27a"/>
      </symbol>
      <symbol id="sm-850">
         <name>_calloc</name>
         <value>0x3f62a8</value>
         <object_component_ref idref="oc-27a"/>
      </symbol>
      <symbol id="sm-852">
         <name>_malloc</name>
         <value>0x3f612e</value>
         <object_component_ref idref="oc-27a"/>
      </symbol>
      <symbol id="sm-854">
         <name>_aligned_alloc</name>
         <value>0x3f62d5</value>
         <object_component_ref idref="oc-27a"/>
      </symbol>
      <symbol id="sm-856">
         <name>_minit</name>
         <value>0x3f62a4</value>
         <object_component_ref idref="oc-27a"/>
      </symbol>
      <symbol id="sm-858">
         <name>___TI_heap_largest_available</name>
         <value>0x3f6398</value>
         <object_component_ref idref="oc-27a"/>
      </symbol>
      <symbol id="sm-867">
         <name>_memset</name>
         <value>0x3f77ae</value>
         <object_component_ref idref="oc-26f"/>
      </symbol>
      <symbol id="sm-877">
         <name>_strchr</name>
         <value>0x3f7768</value>
         <object_component_ref idref="oc-26e"/>
      </symbol>
      <symbol id="sm-885">
         <name>_strcpy</name>
         <value>0x3f77b5</value>
         <object_component_ref idref="oc-270"/>
      </symbol>
      <symbol id="sm-893">
         <name>_strlen</name>
         <value>0x3f7797</value>
         <object_component_ref idref="oc-268"/>
      </symbol>
      <symbol id="sm-8a3">
         <name>_strncmp</name>
         <value>0x3f76ee</value>
         <object_component_ref idref="oc-252"/>
      </symbol>
      <symbol id="sm-8b4">
         <name>_strncpy</name>
         <value>0x3f7704</value>
         <object_component_ref idref="oc-25b"/>
      </symbol>
      <symbol id="sm-8c2">
         <name>_write</name>
         <value>0x3f76d6</value>
         <object_component_ref idref="oc-267"/>
      </symbol>
      <symbol id="sm-8d3">
         <name>__device</name>
         <value>0x8f00</value>
         <object_component_ref idref="oc-27c"/>
      </symbol>
      <symbol id="sm-8d4">
         <name>__stream</name>
         <value>0x8d90</value>
         <object_component_ref idref="oc-275"/>
      </symbol>
      <symbol id="sm-8e7">
         <name>_frexpl</name>
         <value>0x3f7076</value>
         <object_component_ref idref="oc-26c"/>
      </symbol>
      <symbol id="sm-906">
         <name>_scalbnl</name>
         <value>0x3f6ad2</value>
         <object_component_ref idref="oc-26d"/>
      </symbol>
      <symbol id="sm-908">
         <name>_ldexpl</name>
         <value>0x3f6ad2</value>
         <object_component_ref idref="oc-26d"/>
      </symbol>
      <symbol id="sm-916">
         <name>_wcslen</name>
         <value>0x3f779f</value>
         <object_component_ref idref="oc-272"/>
      </symbol>
      <symbol id="sm-924">
         <name>_copysignl</name>
         <value>0x3f757b</value>
         <object_component_ref idref="oc-278"/>
      </symbol>
      <symbol id="sm-93a">
         <name>___TI_doflush</name>
         <value>0x3f6f47</value>
         <object_component_ref idref="oc-266"/>
      </symbol>
      <symbol id="sm-93c">
         <name>_fflush</name>
         <value>0x3f6f76</value>
         <object_component_ref idref="oc-266"/>
      </symbol>
      <symbol id="sm-979">
         <name>_fopen</name>
         <value>0x3f689e</value>
         <object_component_ref idref="oc-27b"/>
      </symbol>
      <symbol id="sm-97b">
         <name>___TI_cleanup</name>
         <value>0x3f6863</value>
         <object_component_ref idref="oc-27b"/>
      </symbol>
      <symbol id="sm-97d">
         <name>_freopen</name>
         <value>0x3f6880</value>
         <object_component_ref idref="oc-27b"/>
      </symbol>
      <symbol id="sm-98e">
         <name>_fseek</name>
         <value>0x3f72b9</value>
         <object_component_ref idref="oc-273"/>
      </symbol>
      <symbol id="sm-9aa">
         <name>FD$$ADD</name>
         <value>0x3f6c21</value>
         <object_component_ref idref="oc-1e8"/>
      </symbol>
      <symbol id="sm-9b6">
         <name>UL$$MOD</name>
         <value>0x3f74b3</value>
         <object_component_ref idref="oc-1ed"/>
      </symbol>
      <symbol id="sm-9b7">
         <name>L$$MOD</name>
         <value>0x3f749e</value>
         <object_component_ref idref="oc-1ed"/>
      </symbol>
      <symbol id="sm-9b8">
         <name>L$$DIV</name>
         <value>0x3f748f</value>
         <object_component_ref idref="oc-1ed"/>
      </symbol>
      <symbol id="sm-9b9">
         <name>UL$$DIV</name>
         <value>0x3f74ac</value>
         <object_component_ref idref="oc-1ed"/>
      </symbol>
      <symbol id="sm-9c5">
         <name>_HOSTclose</name>
         <value>0x3f750b</value>
         <object_component_ref idref="oc-281"/>
      </symbol>
      <symbol id="sm-9d2">
         <name>_HOSTlseek</name>
         <value>0x3f7019</value>
         <object_component_ref idref="oc-284"/>
      </symbol>
      <symbol id="sm-9e2">
         <name>_parmbuf</name>
         <value>0x8e78</value>
         <object_component_ref idref="oc-28b"/>
      </symbol>
      <symbol id="sm-9e3">
         <name>_HOSTopen</name>
         <value>0x3f72f6</value>
         <object_component_ref idref="oc-280"/>
      </symbol>
      <symbol id="sm-9f1">
         <name>_HOSTread</name>
         <value>0x3f732f</value>
         <object_component_ref idref="oc-282"/>
      </symbol>
      <symbol id="sm-9fe">
         <name>_HOSTrename</name>
         <value>0x3f727a</value>
         <object_component_ref idref="oc-286"/>
      </symbol>
      <symbol id="sm-a0b">
         <name>_HOSTunlink</name>
         <value>0x3f7532</value>
         <object_component_ref idref="oc-285"/>
      </symbol>
      <symbol id="sm-a19">
         <name>_HOSTwrite</name>
         <value>0x3f7367</value>
         <object_component_ref idref="oc-283"/>
      </symbol>
      <symbol id="sm-a32">
         <name>___TI_readmsg</name>
         <value>0x3f6d15</value>
         <object_component_ref idref="oc-28c"/>
      </symbol>
      <symbol id="sm-a34">
         <name>C$$IO$$</name>
         <value>0x3f6d10</value>
         <object_component_ref idref="oc-28c"/>
      </symbol>
      <symbol id="sm-a35">
         <name>__CIOBUF_</name>
         <value>0x400</value>
         <object_component_ref idref="oc-216"/>
      </symbol>
      <symbol id="sm-a36">
         <name>___TI_writemsg</name>
         <value>0x3f6cbd</value>
         <object_component_ref idref="oc-28c"/>
      </symbol>
      <symbol id="sm-a52">
         <name>_open</name>
         <value>0x3f6ed8</value>
         <object_component_ref idref="oc-27e"/>
      </symbol>
      <symbol id="sm-a60">
         <name>_lseek</name>
         <value>0x3f76be</value>
         <object_component_ref idref="oc-279"/>
      </symbol>
      <symbol id="sm-a6b">
         <name>_errno</name>
         <value>0x8f7d</value>
         <object_component_ref idref="oc-229"/>
      </symbol>
      <symbol id="sm-a7c">
         <name>___TI_closefile</name>
         <value>0x3f70d2</value>
         <object_component_ref idref="oc-27f"/>
      </symbol>
      <symbol id="sm-a7e">
         <name>_fclose</name>
         <value>0x3f7114</value>
         <object_component_ref idref="oc-27f"/>
      </symbol>
      <symbol id="sm-a90">
         <name>_finddevice</name>
         <value>0x3f71db</value>
         <object_component_ref idref="oc-287"/>
      </symbol>
      <symbol id="sm-a92">
         <name>_getdevice</name>
         <value>0x3f71f6</value>
         <object_component_ref idref="oc-287"/>
      </symbol>
      <symbol id="sm-aa1">
         <name>_strcmp</name>
         <value>0x3f7773</value>
         <object_component_ref idref="oc-28d"/>
      </symbol>
      <symbol id="sm-aae">
         <name>_remove</name>
         <value>0x3f77bd</value>
         <object_component_ref idref="oc-28a"/>
      </symbol>
      <symbol id="sm-abf">
         <name>_close</name>
         <value>0x3f73d3</value>
         <object_component_ref idref="oc-288"/>
      </symbol>
      <symbol id="sm-acc">
         <name>_unlink</name>
         <value>0x3f768d</value>
         <object_component_ref idref="oc-28e"/>
      </symbol>
   </symbol_table>
   <title>Link successful</title>
</link_info>
